Archive member included to satisfy reference by file (symbol)

c:/st/stm32cubeide_1.11.0/stm32cubeide/plugins/com.st.stm32cube.ide.mcu.externaltools.gnu-tools-for-stm32.10.3-2021.10.win32_1.0.100.202210260954/tools/bin/../lib/gcc/arm-none-eabi/10.3.1/../../../../arm-none-eabi/lib/thumb/v7e-m+fp/hard\libc_nano.a(lib_a-errno.o)
                              ./Core/Src/syscalls.o (__errno)
c:/st/stm32cubeide_1.11.0/stm32cubeide/plugins/com.st.stm32cube.ide.mcu.externaltools.gnu-tools-for-stm32.10.3-2021.10.win32_1.0.100.202210260954/tools/bin/../lib/gcc/arm-none-eabi/10.3.1/../../../../arm-none-eabi/lib/thumb/v7e-m+fp/hard\libc_nano.a(lib_a-exit.o)
                              c:/st/stm32cubeide_1.11.0/stm32cubeide/plugins/com.st.stm32cube.ide.mcu.externaltools.gnu-tools-for-stm32.10.3-2021.10.win32_1.0.100.202210260954/tools/bin/../lib/gcc/arm-none-eabi/10.3.1/../../../../arm-none-eabi/lib/thumb/v7e-m+fp/hard/crt0.o (exit)
c:/st/stm32cubeide_1.11.0/stm32cubeide/plugins/com.st.stm32cube.ide.mcu.externaltools.gnu-tools-for-stm32.10.3-2021.10.win32_1.0.100.202210260954/tools/bin/../lib/gcc/arm-none-eabi/10.3.1/../../../../arm-none-eabi/lib/thumb/v7e-m+fp/hard\libc_nano.a(lib_a-impure.o)
                              c:/st/stm32cubeide_1.11.0/stm32cubeide/plugins/com.st.stm32cube.ide.mcu.externaltools.gnu-tools-for-stm32.10.3-2021.10.win32_1.0.100.202210260954/tools/bin/../lib/gcc/arm-none-eabi/10.3.1/../../../../arm-none-eabi/lib/thumb/v7e-m+fp/hard\libc_nano.a(lib_a-exit.o) (_global_impure_ptr)
c:/st/stm32cubeide_1.11.0/stm32cubeide/plugins/com.st.stm32cube.ide.mcu.externaltools.gnu-tools-for-stm32.10.3-2021.10.win32_1.0.100.202210260954/tools/bin/../lib/gcc/arm-none-eabi/10.3.1/../../../../arm-none-eabi/lib/thumb/v7e-m+fp/hard\libc_nano.a(lib_a-init.o)
                              c:/st/stm32cubeide_1.11.0/stm32cubeide/plugins/com.st.stm32cube.ide.mcu.externaltools.gnu-tools-for-stm32.10.3-2021.10.win32_1.0.100.202210260954/tools/bin/../lib/gcc/arm-none-eabi/10.3.1/../../../../arm-none-eabi/lib/thumb/v7e-m+fp/hard/crt0.o (__libc_init_array)
c:/st/stm32cubeide_1.11.0/stm32cubeide/plugins/com.st.stm32cube.ide.mcu.externaltools.gnu-tools-for-stm32.10.3-2021.10.win32_1.0.100.202210260954/tools/bin/../lib/gcc/arm-none-eabi/10.3.1/../../../../arm-none-eabi/lib/thumb/v7e-m+fp/hard\libc_nano.a(lib_a-memset.o)
                              c:/st/stm32cubeide_1.11.0/stm32cubeide/plugins/com.st.stm32cube.ide.mcu.externaltools.gnu-tools-for-stm32.10.3-2021.10.win32_1.0.100.202210260954/tools/bin/../lib/gcc/arm-none-eabi/10.3.1/../../../../arm-none-eabi/lib/thumb/v7e-m+fp/hard/crt0.o (memset)

Discarded input sections

 .text          0x0000000000000000        0x0 c:/st/stm32cubeide_1.11.0/stm32cubeide/plugins/com.st.stm32cube.ide.mcu.externaltools.gnu-tools-for-stm32.10.3-2021.10.win32_1.0.100.202210260954/tools/bin/../lib/gcc/arm-none-eabi/10.3.1/thumb/v7e-m+fp/hard/crti.o
 .data          0x0000000000000000        0x0 c:/st/stm32cubeide_1.11.0/stm32cubeide/plugins/com.st.stm32cube.ide.mcu.externaltools.gnu-tools-for-stm32.10.3-2021.10.win32_1.0.100.202210260954/tools/bin/../lib/gcc/arm-none-eabi/10.3.1/thumb/v7e-m+fp/hard/crti.o
 .bss           0x0000000000000000        0x0 c:/st/stm32cubeide_1.11.0/stm32cubeide/plugins/com.st.stm32cube.ide.mcu.externaltools.gnu-tools-for-stm32.10.3-2021.10.win32_1.0.100.202210260954/tools/bin/../lib/gcc/arm-none-eabi/10.3.1/thumb/v7e-m+fp/hard/crti.o
 .data          0x0000000000000000        0x4 c:/st/stm32cubeide_1.11.0/stm32cubeide/plugins/com.st.stm32cube.ide.mcu.externaltools.gnu-tools-for-stm32.10.3-2021.10.win32_1.0.100.202210260954/tools/bin/../lib/gcc/arm-none-eabi/10.3.1/thumb/v7e-m+fp/hard/crtbegin.o
 .rodata        0x0000000000000000       0x24 c:/st/stm32cubeide_1.11.0/stm32cubeide/plugins/com.st.stm32cube.ide.mcu.externaltools.gnu-tools-for-stm32.10.3-2021.10.win32_1.0.100.202210260954/tools/bin/../lib/gcc/arm-none-eabi/10.3.1/thumb/v7e-m+fp/hard/crtbegin.o
 .text          0x0000000000000000       0x7c c:/st/stm32cubeide_1.11.0/stm32cubeide/plugins/com.st.stm32cube.ide.mcu.externaltools.gnu-tools-for-stm32.10.3-2021.10.win32_1.0.100.202210260954/tools/bin/../lib/gcc/arm-none-eabi/10.3.1/../../../../arm-none-eabi/lib/thumb/v7e-m+fp/hard/crt0.o
 .data          0x0000000000000000        0x0 c:/st/stm32cubeide_1.11.0/stm32cubeide/plugins/com.st.stm32cube.ide.mcu.externaltools.gnu-tools-for-stm32.10.3-2021.10.win32_1.0.100.202210260954/tools/bin/../lib/gcc/arm-none-eabi/10.3.1/../../../../arm-none-eabi/lib/thumb/v7e-m+fp/hard/crt0.o
 .bss           0x0000000000000000        0x0 c:/st/stm32cubeide_1.11.0/stm32cubeide/plugins/com.st.stm32cube.ide.mcu.externaltools.gnu-tools-for-stm32.10.3-2021.10.win32_1.0.100.202210260954/tools/bin/../lib/gcc/arm-none-eabi/10.3.1/../../../../arm-none-eabi/lib/thumb/v7e-m+fp/hard/crt0.o
[...]
Memory Configuration

Name             Origin             Length             Attributes
RAM              0x0000000020000000 0x00000000000a0000 xrw
RAM2             0x0000000010000000 0x0000000000010000 xrw
RAM3             0x0000000020040000 0x0000000000060000 xrw
FLASH            0x0000000008000000 0x0000000000100000 xr
*default*        0x0000000000000000 0xffffffffffffffff

Linker script and memory map

LOAD c:/st/stm32cubeide_1.11.0/stm32cubeide/plugins/com.st.stm32cube.ide.mcu.externaltools.gnu-tools-for-stm32.10.3-2021.10.win32_1.0.100.202210260954/tools/bin/../lib/gcc/arm-none-eabi/10.3.1/thumb/v7e-m+fp/hard/crti.o
LOAD c:/st/stm32cubeide_1.11.0/stm32cubeide/plugins/com.st.stm32cube.ide.mcu.externaltools.gnu-tools-for-stm32.10.3-2021.10.win32_1.0.100.202210260954/tools/bin/../lib/gcc/arm-none-eabi/10.3.1/thumb/v7e-m+fp/hard/crtbegin.o
LOAD c:/st/stm32cubeide_1.11.0/stm32cubeide/plugins/com.st.stm32cube.ide.mcu.externaltools.gnu-tools-for-stm32.10.3-2021.10.win32_1.0.100.202210260954/tools/bin/../lib/gcc/arm-none-eabi/10.3.1/../../../../arm-none-eabi/lib/thumb/v7e-m+fp/hard/crt0.o
LOAD ./Core/Src/main.o
LOAD ./Core/Src/stm32l4xx_hal_msp.o
LOAD ./Core/Src/stm32l4xx_it.o
LOAD ./Core/Src/syscalls.o
LOAD ./Core/Src/sysmem.o
LOAD ./Core/Src/system_stm32l4xx.o
LOAD ./Core/Startup/startup_stm32l4r9zgyx.o
LOAD ./Drivers/STM32L4xx_HAL_Driver/Src/stm32l4xx_hal.o
LOAD ./Drivers/STM32L4xx_HAL_Driver/Src/stm32l4xx_hal_cortex.o
LOAD ./Drivers/STM32L4xx_HAL_Driver/Src/stm32l4xx_hal_dma.o
LOAD ./Drivers/STM32L4xx_HAL_Driver/Src/stm32l4xx_hal_dma_ex.o
LOAD ./Drivers/STM32L4xx_HAL_Driver/Src/stm32l4xx_hal_exti.o
LOAD ./Drivers/STM32L4xx_HAL_Driver/Src/stm32l4xx_hal_flash.o
LOAD ./Drivers/STM32L4xx_HAL_Driver/Src/stm32l4xx_hal_flash_ex.o
LOAD ./Drivers/STM32L4xx_HAL_Driver/Src/stm32l4xx_hal_flash_ramfunc.o
LOAD ./Drivers/STM32L4xx_HAL_Driver/Src/stm32l4xx_hal_gpio.o
LOAD ./Drivers/STM32L4xx_HAL_Driver/Src/stm32l4xx_hal_i2c.o
LOAD ./Drivers/STM32L4xx_HAL_Driver/Src/stm32l4xx_hal_i2c_ex.o
LOAD ./Drivers/STM32L4xx_HAL_Driver/Src/stm32l4xx_hal_pcd.o
LOAD ./Drivers/STM32L4xx_HAL_Driver/Src/stm32l4xx_hal_pcd_ex.o
LOAD ./Drivers/STM32L4xx_HAL_Driver/Src/stm32l4xx_hal_pwr.o
LOAD ./Drivers/STM32L4xx_HAL_Driver/Src/stm32l4xx_hal_pwr_ex.o
LOAD ./Drivers/STM32L4xx_HAL_Driver/Src/stm32l4xx_hal_rcc.o
LOAD ./Drivers/STM32L4xx_HAL_Driver/Src/stm32l4xx_hal_rcc_ex.o
LOAD ./Drivers/STM32L4xx_HAL_Driver/Src/stm32l4xx_ll_usb.o
LOAD ./Middlewares/ST/STM32_USB_Device_Library/Class/CDC/Src/usbd_cdc.o
LOAD ./Middlewares/ST/STM32_USB_Device_Library/Core/Src/usbd_core.o
LOAD ./Middlewares/ST/STM32_USB_Device_Library/Core/Src/usbd_ctlreq.o
LOAD ./Middlewares/ST/STM32_USB_Device_Library/Core/Src/usbd_ioreq.o
LOAD ./USB_DEVICE/App/usb_device.o
LOAD ./USB_DEVICE/App/usbd_cdc_if.o
LOAD ./USB_DEVICE/App/usbd_desc.o
LOAD ./USB_DEVICE/Target/usbd_conf.o
START GROUP
LOAD c:/st/stm32cubeide_1.11.0/stm32cubeide/plugins/com.st.stm32cube.ide.mcu.externaltools.gnu-tools-for-stm32.10.3-2021.10.win32_1.0.100.202210260954/tools/bin/../lib/gcc/arm-none-eabi/10.3.1/../../../../arm-none-eabi/lib/thumb/v7e-m+fp/hard\libc_nano.a
LOAD c:/st/stm32cubeide_1.11.0/stm32cubeide/plugins/com.st.stm32cube.ide.mcu.externaltools.gnu-tools-for-stm32.10.3-2021.10.win32_1.0.100.202210260954/tools/bin/../lib/gcc/arm-none-eabi/10.3.1/../../../../arm-none-eabi/lib/thumb/v7e-m+fp/hard\libm.a
END GROUP
START GROUP
LOAD c:/st/stm32cubeide_1.11.0/stm32cubeide/plugins/com.st.stm32cube.ide.mcu.externaltools.gnu-tools-for-stm32.10.3-2021.10.win32_1.0.100.202210260954/tools/bin/../lib/gcc/arm-none-eabi/10.3.1/thumb/v7e-m+fp/hard\libgcc.a
LOAD c:/st/stm32cubeide_1.11.0/stm32cubeide/plugins/com.st.stm32cube.ide.mcu.externaltools.gnu-tools-for-stm32.10.3-2021.10.win32_1.0.100.202210260954/tools/bin/../lib/gcc/arm-none-eabi/10.3.1/../../../../arm-none-eabi/lib/thumb/v7e-m+fp/hard\libc_nano.a
END GROUP
START GROUP
LOAD c:/st/stm32cubeide_1.11.0/stm32cubeide/plugins/com.st.stm32cube.ide.mcu.externaltools.gnu-tools-for-stm32.10.3-2021.10.win32_1.0.100.202210260954/tools/bin/../lib/gcc/arm-none-eabi/10.3.1/thumb/v7e-m+fp/hard\libgcc.a
LOAD c:/st/stm32cubeide_1.11.0/stm32cubeide/plugins/com.st.stm32cube.ide.mcu.externaltools.gnu-tools-for-stm32.10.3-2021.10.win32_1.0.100.202210260954/tools/bin/../lib/gcc/arm-none-eabi/10.3.1/../../../../arm-none-eabi/lib/thumb/v7e-m+fp/hard\libc_nano.a
LOAD c:/st/stm32cubeide_1.11.0/stm32cubeide/plugins/com.st.stm32cube.ide.mcu.externaltools.gnu-tools-for-stm32.10.3-2021.10.win32_1.0.100.202210260954/tools/bin/../lib/gcc/arm-none-eabi/10.3.1/../../../../arm-none-eabi/lib/thumb/v7e-m+fp/hard\libnosys.a
END GROUP
START GROUP
LOAD c:/st/stm32cubeide_1.11.0/stm32cubeide/plugins/com.st.stm32cube.ide.mcu.externaltools.gnu-tools-for-stm32.10.3-2021.10.win32_1.0.100.202210260954/tools/bin/../lib/gcc/arm-none-eabi/10.3.1/thumb/v7e-m+fp/hard\libgcc.a
LOAD c:/st/stm32cubeide_1.11.0/stm32cubeide/plugins/com.st.stm32cube.ide.mcu.externaltools.gnu-tools-for-stm32.10.3-2021.10.win32_1.0.100.202210260954/tools/bin/../lib/gcc/arm-none-eabi/10.3.1/../../../../arm-none-eabi/lib/thumb/v7e-m+fp/hard\libc_nano.a
LOAD c:/st/stm32cubeide_1.11.0/stm32cubeide/plugins/com.st.stm32cube.ide.mcu.externaltools.gnu-tools-for-stm32.10.3-2021.10.win32_1.0.100.202210260954/tools/bin/../lib/gcc/arm-none-eabi/10.3.1/../../../../arm-none-eabi/lib/thumb/v7e-m+fp/hard\libnosys.a
END GROUP
LOAD c:/st/stm32cubeide_1.11.0/stm32cubeide/plugins/com.st.stm32cube.ide.mcu.externaltools.gnu-tools-for-stm32.10.3-2021.10.win32_1.0.100.202210260954/tools/bin/../lib/gcc/arm-none-eabi/10.3.1/thumb/v7e-m+fp/hard/crtend.o
LOAD c:/st/stm32cubeide_1.11.0/stm32cubeide/plugins/com.st.stm32cube.ide.mcu.externaltools.gnu-tools-for-stm32.10.3-2021.10.win32_1.0.100.202210260954/tools/bin/../lib/gcc/arm-none-eabi/10.3.1/thumb/v7e-m+fp/hard/crtn.o
                0x00000000200a0000                _estack = (ORIGIN (RAM) + LENGTH (RAM))
                0x0000000000000200                _Min_Heap_Size = 0x200
                0x0000000000000400                _Min_Stack_Size = 0x400

.isr_vector     0x0000000008000000      0x1bc
                0x0000000008000000                . = ALIGN (0x4)
 *(.isr_vector)
 .isr_vector    0x0000000008000000      0x1bc ./Core/Startup/startup_stm32l4r9zgyx.o
                0x0000000008000000                g_pfnVectors
                0x00000000080001bc                . = ALIGN (0x4)

.text           0x00000000080001bc     0x73b4
                0x00000000080001bc                . = ALIGN (0x4)
 *(.text)
 .text          0x00000000080001bc       0x40 c:/st/stm32cubeide_1.11.0/stm32cubeide/plugins/com.st.stm32cube.ide.mcu.externaltools.gnu-tools-for-stm32.10.3-2021.10.win32_1.0.100.202210260954/tools/bin/../lib/gcc/arm-none-eabi/10.3.1/thumb/v7e-m+fp/hard/crtbegin.o
 *(.text*)
 .text.main     0x00000000080001fc       0x16 ./Core/Src/main.o
                0x00000000080001fc                main
 .text.SystemClock_Config
                0x0000000008000212       0xa4 ./Core/Src/main.o
                0x0000000008000212                SystemClock_Config
 *fill*         0x00000000080002b6        0x2 
 .text.MX_GPIO_Init
                0x00000000080002b8       0x48 ./Core/Src/main.o
 .text.USB_CDC_RxHandler
                0x0000000008000300       0x28 ./Core/Src/main.o
                0x0000000008000300                USB_CDC_RxHandler
 .text.Error_Handler
                0x0000000008000328        0xa ./Core/Src/main.o
                0x0000000008000328                Error_Handler
 *fill*         0x0000000008000332        0x2 
 .text.HAL_MspInit
                0x0000000008000334       0x48 ./Core/Src/stm32l4xx_hal_msp.o
                0x0000000008000334                HAL_MspInit
 .text.NMI_Handler
                0x000000000800037c        0x6 ./Core/Src/stm32l4xx_it.o
                0x000000000800037c                NMI_Handler
 .text.HardFault_Handler
                0x0000000008000382        0x6 ./Core/Src/stm32l4xx_it.o
                0x0000000008000382                HardFault_Handler
 .text.MemManage_Handler
                0x0000000008000388        0x6 ./Core/Src/stm32l4xx_it.o
                0x0000000008000388                MemManage_Handler
 .text.BusFault_Handler
                0x000000000800038e        0x6 ./Core/Src/stm32l4xx_it.o
                0x000000000800038e                BusFault_Handler
 .text.UsageFault_Handler
                0x0000000008000394        0x6 ./Core/Src/stm32l4xx_it.o
                0x0000000008000394                UsageFault_Handler
 .text.SVC_Handler
                0x000000000800039a        0xe ./Core/Src/stm32l4xx_it.o
                0x000000000800039a                SVC_Handler
 .text.DebugMon_Handler
                0x00000000080003a8        0xe ./Core/Src/stm32l4xx_it.o
                0x00000000080003a8                DebugMon_Handler
 .text.PendSV_Handler
                0x00000000080003b6        0xe ./Core/Src/stm32l4xx_it.o
                0x00000000080003b6                PendSV_Handler
 .text.SysTick_Handler
                0x00000000080003c4        0xc ./Core/Src/stm32l4xx_it.o
                0x00000000080003c4                SysTick_Handler
 .text.OTG_FS_IRQHandler
                0x00000000080003d0       0x14 ./Core/Src/stm32l4xx_it.o
                0x00000000080003d0                OTG_FS_IRQHandler
 .text.SystemInit
                0x00000000080003e4       0x24 ./Core/Src/system_stm32l4xx.o
                0x00000000080003e4                SystemInit
 .text.Reset_Handler
                0x0000000008000408       0x50 ./Core/Startup/startup_stm32l4r9zgyx.o
                0x0000000008000408                Reset_Handler
 .text.Default_Handler
                0x0000000008000458        0x2 ./Core/Startup/startup_stm32l4r9zgyx.o
                0x0000000008000458                RTC_Alarm_IRQHandler
                0x0000000008000458                EXTI2_IRQHandler
                0x0000000008000458                TIM8_TRG_COM_IRQHandler
                0x0000000008000458                TIM8_CC_IRQHandler
                0x0000000008000458                TIM1_CC_IRQHandler
                0x0000000008000458                TSC_IRQHandler
                0x0000000008000458                TAMP_STAMP_IRQHandler
                0x0000000008000458                EXTI3_IRQHandler
                0x0000000008000458                LPTIM2_IRQHandler
                0x0000000008000458                DFSDM1_FLT1_IRQHandler
                0x0000000008000458                GFXMMU_IRQHandler
                0x0000000008000458                I2C3_ER_IRQHandler
                0x0000000008000458                DFSDM1_FLT2_IRQHandler
                0x0000000008000458                EXTI0_IRQHandler
                0x0000000008000458                I2C2_EV_IRQHandler
                0x0000000008000458                CAN1_RX0_IRQHandler
                0x0000000008000458                FPU_IRQHandler
                0x0000000008000458                TIM1_UP_TIM16_IRQHandler
                0x0000000008000458                LTDC_ER_IRQHandler
                0x0000000008000458                SPI1_IRQHandler
                0x0000000008000458                OCTOSPI1_IRQHandler
                0x0000000008000458                TIM6_DAC_IRQHandler
                0x0000000008000458                DCMI_IRQHandler
                0x0000000008000458                TIM8_UP_IRQHandler
                0x0000000008000458                OCTOSPI2_IRQHandler
                0x0000000008000458                DMA2_Channel2_IRQHandler
                0x0000000008000458                DMA1_Channel4_IRQHandler
                0x0000000008000458                SAI2_IRQHandler
                0x0000000008000458                ADC1_IRQHandler
                0x0000000008000458                DFSDM1_FLT3_IRQHandler
                0x0000000008000458                USART3_IRQHandler
                0x0000000008000458                DMA1_Channel7_IRQHandler
                0x0000000008000458                CAN1_RX1_IRQHandler
                0x0000000008000458                UART5_IRQHandler
                0x0000000008000458                TIM4_IRQHandler
                0x0000000008000458                DMA2_Channel1_IRQHandler
                0x0000000008000458                I2C1_EV_IRQHandler
                0x0000000008000458                DMAMUX1_OVR_IRQHandler
                0x0000000008000458                DMA1_Channel6_IRQHandler
                0x0000000008000458                UART4_IRQHandler
                0x0000000008000458                DMA2_Channel4_IRQHandler
                0x0000000008000458                TIM3_IRQHandler
                0x0000000008000458                RCC_IRQHandler
                0x0000000008000458                DMA1_Channel1_IRQHandler
                0x0000000008000458                Default_Handler
                0x0000000008000458                DMA2_Channel7_IRQHandler
                0x0000000008000458                EXTI15_10_IRQHandler
                0x0000000008000458                TIM7_IRQHandler
                0x0000000008000458                SDMMC1_IRQHandler
                0x0000000008000458                TIM5_IRQHandler
                0x0000000008000458                I2C3_EV_IRQHandler
                0x0000000008000458                EXTI9_5_IRQHandler
                0x0000000008000458                RTC_WKUP_IRQHandler
                0x0000000008000458                LTDC_IRQHandler
                0x0000000008000458                PVD_PVM_IRQHandler
                0x0000000008000458                SPI2_IRQHandler
                0x0000000008000458                CAN1_TX_IRQHandler
                0x0000000008000458                DMA2_Channel5_IRQHandler
                0x0000000008000458                CRS_IRQHandler
                0x0000000008000458                DMA1_Channel5_IRQHandler
                0x0000000008000458                EXTI4_IRQHandler
                0x0000000008000458                RNG_IRQHandler
                0x0000000008000458                TIM1_TRG_COM_TIM17_IRQHandler
                0x0000000008000458                DMA1_Channel3_IRQHandler
                0x0000000008000458                COMP_IRQHandler
                0x0000000008000458                DSI_IRQHandler
                0x0000000008000458                WWDG_IRQHandler
                0x0000000008000458                I2C4_EV_IRQHandler
                0x0000000008000458                LPUART1_IRQHandler
                0x0000000008000458                DMA2_Channel6_IRQHandler
                0x0000000008000458                TIM2_IRQHandler
                0x0000000008000458                DMA2D_IRQHandler
                0x0000000008000458                EXTI1_IRQHandler
                0x0000000008000458                USART2_IRQHandler
                0x0000000008000458                DFSDM1_FLT0_IRQHandler
                0x0000000008000458                I2C2_ER_IRQHandler
                0x0000000008000458                DMA1_Channel2_IRQHandler
                0x0000000008000458                TIM8_BRK_IRQHandler
                0x0000000008000458                CAN1_SCE_IRQHandler
                0x0000000008000458                FLASH_IRQHandler
                0x0000000008000458                USART1_IRQHandler
                0x0000000008000458                SPI3_IRQHandler
                0x0000000008000458                I2C1_ER_IRQHandler
                0x0000000008000458                FMC_IRQHandler
                0x0000000008000458                LPTIM1_IRQHandler
                0x0000000008000458                I2C4_ER_IRQHandler
                0x0000000008000458                SAI1_IRQHandler
                0x0000000008000458                DMA2_Channel3_IRQHandler
                0x0000000008000458                TIM1_BRK_TIM15_IRQHandler
 .text.HAL_Init
                0x000000000800045a       0x30 ./Drivers/STM32L4xx_HAL_Driver/Src/stm32l4xx_hal.o
                0x000000000800045a                HAL_Init
 *fill*         0x000000000800048a        0x2 
 .text.HAL_InitTick
                0x000000000800048c       0x78 ./Drivers/STM32L4xx_HAL_Driver/Src/stm32l4xx_hal.o
                0x000000000800048c                HAL_InitTick
 .text.HAL_IncTick
                0x0000000008000504       0x28 ./Drivers/STM32L4xx_HAL_Driver/Src/stm32l4xx_hal.o
                0x0000000008000504                HAL_IncTick
 .text.HAL_GetTick
                0x000000000800052c       0x18 ./Drivers/STM32L4xx_HAL_Driver/Src/stm32l4xx_hal.o
                0x000000000800052c                HAL_GetTick
 .text.HAL_Delay
                0x0000000008000544       0x48 ./Drivers/STM32L4xx_HAL_Driver/Src/stm32l4xx_hal.o
                0x0000000008000544                HAL_Delay
 .text.__NVIC_SetPriorityGrouping
                0x000000000800058c       0x48 ./Drivers/STM32L4xx_HAL_Driver/Src/stm32l4xx_hal_cortex.o
 .text.__NVIC_GetPriorityGrouping
                0x00000000080005d4       0x1c ./Drivers/STM32L4xx_HAL_Driver/Src/stm32l4xx_hal_cortex.o
 .text.__NVIC_EnableIRQ
                0x00000000080005f0       0x3c ./Drivers/STM32L4xx_HAL_Driver/Src/stm32l4xx_hal_cortex.o
 .text.__NVIC_SetPriority
                0x000000000800062c       0x54 ./Drivers/STM32L4xx_HAL_Driver/Src/stm32l4xx_hal_cortex.o
 .text.NVIC_EncodePriority
                0x0000000008000680       0x66 ./Drivers/STM32L4xx_HAL_Driver/Src/stm32l4xx_hal_cortex.o
 *fill*         0x00000000080006e6        0x2 
 .text.SysTick_Config
                0x00000000080006e8       0x44 ./Drivers/STM32L4xx_HAL_Driver/Src/stm32l4xx_hal_cortex.o
 .text.HAL_NVIC_SetPriorityGrouping
                0x000000000800072c       0x16 ./Drivers/STM32L4xx_HAL_Driver/Src/stm32l4xx_hal_cortex.o
                0x000000000800072c                HAL_NVIC_SetPriorityGrouping
 .text.HAL_NVIC_SetPriority
                0x0000000008000742       0x38 ./Drivers/STM32L4xx_HAL_Driver/Src/stm32l4xx_hal_cortex.o
                0x0000000008000742                HAL_NVIC_SetPriority
 .text.HAL_NVIC_EnableIRQ
                0x000000000800077a       0x1c ./Drivers/STM32L4xx_HAL_Driver/Src/stm32l4xx_hal_cortex.o
                0x000000000800077a                HAL_NVIC_EnableIRQ
 .text.HAL_SYSTICK_Config
                0x0000000008000796       0x18 ./Drivers/STM32L4xx_HAL_Driver/Src/stm32l4xx_hal_cortex.o
                0x0000000008000796                HAL_SYSTICK_Config
 *fill*         0x00000000080007ae        0x2 
 .text.HAL_GPIO_Init
                0x00000000080007b0      0x324 ./Drivers/STM32L4xx_HAL_Driver/Src/stm32l4xx_hal_gpio.o
                0x00000000080007b0                HAL_GPIO_Init
 .text.HAL_PCD_Init
                0x0000000008000ad4      0x248 ./Drivers/STM32L4xx_HAL_Driver/Src/stm32l4xx_hal_pcd.o
                0x0000000008000ad4                HAL_PCD_Init
 .text.HAL_PCD_Start
                0x0000000008000d1c       0x5e ./Drivers/STM32L4xx_HAL_Driver/Src/stm32l4xx_hal_pcd.o
                0x0000000008000d1c                HAL_PCD_Start
 .text.HAL_PCD_IRQHandler
                0x0000000008000d7a      0x926 ./Drivers/STM32L4xx_HAL_Driver/Src/stm32l4xx_hal_pcd.o
                0x0000000008000d7a                HAL_PCD_IRQHandler
 .text.HAL_PCD_SetAddress
                0x00000000080016a0       0x4a ./Drivers/STM32L4xx_HAL_Driver/Src/stm32l4xx_hal_pcd.o
                0x00000000080016a0                HAL_PCD_SetAddress
 .text.HAL_PCD_EP_Open
                0x00000000080016ea       0xd0 ./Drivers/STM32L4xx_HAL_Driver/Src/stm32l4xx_hal_pcd.o
                0x00000000080016ea                HAL_PCD_EP_Open
 .text.HAL_PCD_EP_Close
                0x00000000080017ba       0x94 ./Drivers/STM32L4xx_HAL_Driver/Src/stm32l4xx_hal_pcd.o
                0x00000000080017ba                HAL_PCD_EP_Close
 .text.HAL_PCD_EP_Receive
                0x000000000800184e       0x7c ./Drivers/STM32L4xx_HAL_Driver/Src/stm32l4xx_hal_pcd.o
                0x000000000800184e                HAL_PCD_EP_Receive
 .text.HAL_PCD_EP_GetRxCount
                0x00000000080018ca       0x30 ./Drivers/STM32L4xx_HAL_Driver/Src/stm32l4xx_hal_pcd.o
                0x00000000080018ca                HAL_PCD_EP_GetRxCount
 .text.HAL_PCD_EP_Transmit
                0x00000000080018fa       0x7a ./Drivers/STM32L4xx_HAL_Driver/Src/stm32l4xx_hal_pcd.o
                0x00000000080018fa                HAL_PCD_EP_Transmit
 .text.HAL_PCD_EP_SetStall
                0x0000000008001974       0xc4 ./Drivers/STM32L4xx_HAL_Driver/Src/stm32l4xx_hal_pcd.o
                0x0000000008001974                HAL_PCD_EP_SetStall
 .text.HAL_PCD_EP_ClrStall
                0x0000000008001a38       0xac ./Drivers/STM32L4xx_HAL_Driver/Src/stm32l4xx_hal_pcd.o
                0x0000000008001a38                HAL_PCD_EP_ClrStall
 .text.HAL_PCD_EP_Abort
                0x0000000008001ae4       0x62 ./Drivers/STM32L4xx_HAL_Driver/Src/stm32l4xx_hal_pcd.o
                0x0000000008001ae4                HAL_PCD_EP_Abort
 .text.PCD_WriteEmptyTxFifo
                0x0000000008001b46      0x110 ./Drivers/STM32L4xx_HAL_Driver/Src/stm32l4xx_hal_pcd.o
 *fill*         0x0000000008001c56        0x2 
 .text.PCD_EP_OutXfrComplete_int
                0x0000000008001c58       0x9c ./Drivers/STM32L4xx_HAL_Driver/Src/stm32l4xx_hal_pcd.o
 .text.PCD_EP_OutSetupPacket_int
                0x0000000008001cf4       0x68 ./Drivers/STM32L4xx_HAL_Driver/Src/stm32l4xx_hal_pcd.o
 .text.HAL_PCDEx_SetTxFiFo
                0x0000000008001d5c       0x8e ./Drivers/STM32L4xx_HAL_Driver/Src/stm32l4xx_hal_pcd_ex.o
                0x0000000008001d5c                HAL_PCDEx_SetTxFiFo
 .text.HAL_PCDEx_SetRxFiFo
                0x0000000008001dea       0x22 ./Drivers/STM32L4xx_HAL_Driver/Src/stm32l4xx_hal_pcd_ex.o
                0x0000000008001dea                HAL_PCDEx_SetRxFiFo
 .text.HAL_PCDEx_ActivateLPM
                0x0000000008001e0c       0x48 ./Drivers/STM32L4xx_HAL_Driver/Src/stm32l4xx_hal_pcd_ex.o
                0x0000000008001e0c                HAL_PCDEx_ActivateLPM
 .text.HAL_PWREx_GetVoltageRange
                0x0000000008001e54       0x40 ./Drivers/STM32L4xx_HAL_Driver/Src/stm32l4xx_hal_pwr_ex.o
                0x0000000008001e54                HAL_PWREx_GetVoltageRange
 .text.HAL_PWREx_ControlVoltageScaling
                0x0000000008001e94      0x148 ./Drivers/STM32L4xx_HAL_Driver/Src/stm32l4xx_hal_pwr_ex.o
                0x0000000008001e94                HAL_PWREx_ControlVoltageScaling
 .text.HAL_PWREx_EnableVddUSB
                0x0000000008001fdc       0x20 ./Drivers/STM32L4xx_HAL_Driver/Src/stm32l4xx_hal_pwr_ex.o
                0x0000000008001fdc                HAL_PWREx_EnableVddUSB
 .text.HAL_RCC_OscConfig
                0x0000000008001ffc      0x834 ./Drivers/STM32L4xx_HAL_Driver/Src/stm32l4xx_hal_rcc.o
                0x0000000008001ffc                HAL_RCC_OscConfig
 .text.HAL_RCC_ClockConfig
                0x0000000008002830      0x274 ./Drivers/STM32L4xx_HAL_Driver/Src/stm32l4xx_hal_rcc.o
                0x0000000008002830                HAL_RCC_ClockConfig
 .text.HAL_RCC_GetSysClockFreq
                0x0000000008002aa4      0x118 ./Drivers/STM32L4xx_HAL_Driver/Src/stm32l4xx_hal_rcc.o
                0x0000000008002aa4                HAL_RCC_GetSysClockFreq
 .text.HAL_RCC_GetHCLKFreq
                0x0000000008002bbc       0x18 ./Drivers/STM32L4xx_HAL_Driver/Src/stm32l4xx_hal_rcc.o
                0x0000000008002bbc                HAL_RCC_GetHCLKFreq
 .text.RCC_SetFlashLatencyFromMSIRange
                0x0000000008002bd4       0xb4 ./Drivers/STM32L4xx_HAL_Driver/Src/stm32l4xx_hal_rcc.o
 .text.RCC_GetSysClockFreqFromPLLSource
                0x0000000008002c88       0xcc ./Drivers/STM32L4xx_HAL_Driver/Src/stm32l4xx_hal_rcc.o
 .text.HAL_RCCEx_PeriphCLKConfig
                0x0000000008002d54      0x720 ./Drivers/STM32L4xx_HAL_Driver/Src/stm32l4xx_hal_rcc_ex.o
                0x0000000008002d54                HAL_RCCEx_PeriphCLKConfig
 .text.HAL_RCCEx_EnableMSIPLLMode
                0x0000000008003474       0x20 ./Drivers/STM32L4xx_HAL_Driver/Src/stm32l4xx_hal_rcc_ex.o
                0x0000000008003474                HAL_RCCEx_EnableMSIPLLMode
 .text.RCCEx_PLLSAI1_Config
                0x0000000008003494      0x1e8 ./Drivers/STM32L4xx_HAL_Driver/Src/stm32l4xx_hal_rcc_ex.o
 .text.RCCEx_PLLSAI2_Config
                0x000000000800367c      0x1e8 ./Drivers/STM32L4xx_HAL_Driver/Src/stm32l4xx_hal_rcc_ex.o
 .text.USB_CoreInit
                0x0000000008003864       0x58 ./Drivers/STM32L4xx_HAL_Driver/Src/stm32l4xx_ll_usb.o
                0x0000000008003864                USB_CoreInit
 .text.USB_SetTurnaroundTime
                0x00000000080038bc      0x138 ./Drivers/STM32L4xx_HAL_Driver/Src/stm32l4xx_ll_usb.o
                0x00000000080038bc                USB_SetTurnaroundTime
 .text.USB_EnableGlobalInt
                0x00000000080039f4       0x22 ./Drivers/STM32L4xx_HAL_Driver/Src/stm32l4xx_ll_usb.o
                0x00000000080039f4                USB_EnableGlobalInt
 .text.USB_DisableGlobalInt
                0x0000000008003a16       0x22 ./Drivers/STM32L4xx_HAL_Driver/Src/stm32l4xx_ll_usb.o
                0x0000000008003a16                USB_DisableGlobalInt
 .text.USB_SetCurrentMode
                0x0000000008003a38       0x98 ./Drivers/STM32L4xx_HAL_Driver/Src/stm32l4xx_ll_usb.o
                0x0000000008003a38                USB_SetCurrentMode
 .text.USB_DevInit
                0x0000000008003ad0      0x298 ./Drivers/STM32L4xx_HAL_Driver/Src/stm32l4xx_ll_usb.o
                0x0000000008003ad0                USB_DevInit
 .text.USB_FlushTxFifo
                0x0000000008003d68       0x68 ./Drivers/STM32L4xx_HAL_Driver/Src/stm32l4xx_ll_usb.o
                0x0000000008003d68                USB_FlushTxFifo
 .text.USB_FlushRxFifo
                0x0000000008003dd0       0x60 ./Drivers/STM32L4xx_HAL_Driver/Src/stm32l4xx_ll_usb.o
                0x0000000008003dd0                USB_FlushRxFifo
 .text.USB_SetDevSpeed
                0x0000000008003e30       0x32 ./Drivers/STM32L4xx_HAL_Driver/Src/stm32l4xx_ll_usb.o
                0x0000000008003e30                USB_SetDevSpeed
 .text.USB_GetDevSpeed
                0x0000000008003e62       0x3e ./Drivers/STM32L4xx_HAL_Driver/Src/stm32l4xx_ll_usb.o
                0x0000000008003e62                USB_GetDevSpeed
 .text.USB_ActivateEndpoint
                0x0000000008003ea0      0x10e ./Drivers/STM32L4xx_HAL_Driver/Src/stm32l4xx_ll_usb.o
                0x0000000008003ea0                USB_ActivateEndpoint
 *fill*         0x0000000008003fae        0x2 
 .text.USB_DeactivateEndpoint
                0x0000000008003fb0      0x1b8 ./Drivers/STM32L4xx_HAL_Driver/Src/stm32l4xx_ll_usb.o
                0x0000000008003fb0                USB_DeactivateEndpoint
 .text.USB_EPStartXfer
                0x0000000008004168      0x3c0 ./Drivers/STM32L4xx_HAL_Driver/Src/stm32l4xx_ll_usb.o
                0x0000000008004168                USB_EPStartXfer
 .text.USB_EP0StartXfer
                0x0000000008004528      0x244 ./Drivers/STM32L4xx_HAL_Driver/Src/stm32l4xx_ll_usb.o
                0x0000000008004528                USB_EP0StartXfer
 .text.USB_EPStopXfer
                0x000000000800476c      0x154 ./Drivers/STM32L4xx_HAL_Driver/Src/stm32l4xx_ll_usb.o
                0x000000000800476c                USB_EPStopXfer
 .text.USB_WritePacket
                0x00000000080048c0       0x74 ./Drivers/STM32L4xx_HAL_Driver/Src/stm32l4xx_ll_usb.o
                0x00000000080048c0                USB_WritePacket
 .text.USB_ReadPacket
                0x0000000008004934       0xb0 ./Drivers/STM32L4xx_HAL_Driver/Src/stm32l4xx_ll_usb.o
                0x0000000008004934                USB_ReadPacket
 .text.USB_EPSetStall
                0x00000000080049e4       0xdc ./Drivers/STM32L4xx_HAL_Driver/Src/stm32l4xx_ll_usb.o
                0x00000000080049e4                USB_EPSetStall
 .text.USB_EPClearStall
                0x0000000008004ac0       0xcc ./Drivers/STM32L4xx_HAL_Driver/Src/stm32l4xx_ll_usb.o
                0x0000000008004ac0                USB_EPClearStall
 .text.USB_SetDevAddress
                0x0000000008004b8c       0x4c ./Drivers/STM32L4xx_HAL_Driver/Src/stm32l4xx_ll_usb.o
                0x0000000008004b8c                USB_SetDevAddress
 .text.USB_DevConnect
                0x0000000008004bd8       0x42 ./Drivers/STM32L4xx_HAL_Driver/Src/stm32l4xx_ll_usb.o
                0x0000000008004bd8                USB_DevConnect
 .text.USB_DevDisconnect
                0x0000000008004c1a       0x42 ./Drivers/STM32L4xx_HAL_Driver/Src/stm32l4xx_ll_usb.o
                0x0000000008004c1a                USB_DevDisconnect
 .text.USB_ReadInterrupts
                0x0000000008004c5c       0x26 ./Drivers/STM32L4xx_HAL_Driver/Src/stm32l4xx_ll_usb.o
                0x0000000008004c5c                USB_ReadInterrupts
 .text.USB_ReadDevAllOutEpInterrupt
                0x0000000008004c82       0x34 ./Drivers/STM32L4xx_HAL_Driver/Src/stm32l4xx_ll_usb.o
                0x0000000008004c82                USB_ReadDevAllOutEpInterrupt
 .text.USB_ReadDevAllInEpInterrupt
                0x0000000008004cb6       0x34 ./Drivers/STM32L4xx_HAL_Driver/Src/stm32l4xx_ll_usb.o
                0x0000000008004cb6                USB_ReadDevAllInEpInterrupt
 .text.USB_ReadDevOutEPInterrupt
                0x0000000008004cea       0x3c ./Drivers/STM32L4xx_HAL_Driver/Src/stm32l4xx_ll_usb.o
                0x0000000008004cea                USB_ReadDevOutEPInterrupt
 .text.USB_ReadDevInEPInterrupt
                0x0000000008004d26       0x5c ./Drivers/STM32L4xx_HAL_Driver/Src/stm32l4xx_ll_usb.o
                0x0000000008004d26                USB_ReadDevInEPInterrupt
 .text.USB_GetMode
                0x0000000008004d82       0x1c ./Drivers/STM32L4xx_HAL_Driver/Src/stm32l4xx_ll_usb.o
                0x0000000008004d82                USB_GetMode
 .text.USB_ActivateSetup
                0x0000000008004d9e       0x46 ./Drivers/STM32L4xx_HAL_Driver/Src/stm32l4xx_ll_usb.o
                0x0000000008004d9e                USB_ActivateSetup
 .text.USB_EP0_OutStart
                0x0000000008004de4       0x90 ./Drivers/STM32L4xx_HAL_Driver/Src/stm32l4xx_ll_usb.o
                0x0000000008004de4                USB_EP0_OutStart
 .text.USB_CoreReset
                0x0000000008004e74       0x68 ./Drivers/STM32L4xx_HAL_Driver/Src/stm32l4xx_ll_usb.o
 .text.USBD_CDC_Init
                0x0000000008004edc       0xfe ./Middlewares/ST/STM32_USB_Device_Library/Class/CDC/Src/usbd_cdc.o
 .text.USBD_CDC_DeInit
                0x0000000008004fda       0x74 ./Middlewares/ST/STM32_USB_Device_Library/Class/CDC/Src/usbd_cdc.o
 *fill*         0x000000000800504e        0x2 
 .text.USBD_CDC_Setup
                0x0000000008005050      0x190 ./Middlewares/ST/STM32_USB_Device_Library/Class/CDC/Src/usbd_cdc.o
 .text.USBD_CDC_DataIn
                0x00000000080051e0       0xca ./Middlewares/ST/STM32_USB_Device_Library/Class/CDC/Src/usbd_cdc.o
 .text.USBD_CDC_DataOut
                0x00000000080052aa       0x56 ./Middlewares/ST/STM32_USB_Device_Library/Class/CDC/Src/usbd_cdc.o
 .text.USBD_CDC_EP0_RxReady
                0x0000000008005300       0x5a ./Middlewares/ST/STM32_USB_Device_Library/Class/CDC/Src/usbd_cdc.o
 *fill*         0x000000000800535a        0x2 
 .text.USBD_CDC_GetFSCfgDesc
                0x000000000800535c       0x20 ./Middlewares/ST/STM32_USB_Device_Library/Class/CDC/Src/usbd_cdc.o
 .text.USBD_CDC_GetHSCfgDesc
                0x000000000800537c       0x20 ./Middlewares/ST/STM32_USB_Device_Library/Class/CDC/Src/usbd_cdc.o
 .text.USBD_CDC_GetOtherSpeedCfgDesc
                0x000000000800539c       0x20 ./Middlewares/ST/STM32_USB_Device_Library/Class/CDC/Src/usbd_cdc.o
 .text.USBD_CDC_GetDeviceQualifierDescriptor
                0x00000000080053bc       0x20 ./Middlewares/ST/STM32_USB_Device_Library/Class/CDC/Src/usbd_cdc.o
                0x00000000080053bc                USBD_CDC_GetDeviceQualifierDescriptor
 .text.USBD_CDC_RegisterInterface
                0x00000000080053dc       0x2a ./Middlewares/ST/STM32_USB_Device_Library/Class/CDC/Src/usbd_cdc.o
                0x00000000080053dc                USBD_CDC_RegisterInterface
 .text.USBD_CDC_SetTxBuffer
                0x0000000008005406       0x3c ./Middlewares/ST/STM32_USB_Device_Library/Class/CDC/Src/usbd_cdc.o
                0x0000000008005406                USBD_CDC_SetTxBuffer
 .text.USBD_CDC_SetRxBuffer
                0x0000000008005442       0x32 ./Middlewares/ST/STM32_USB_Device_Library/Class/CDC/Src/usbd_cdc.o
                0x0000000008005442                USBD_CDC_SetRxBuffer
 .text.USBD_CDC_TransmitPacket
                0x0000000008005474       0x60 ./Middlewares/ST/STM32_USB_Device_Library/Class/CDC/Src/usbd_cdc.o
                0x0000000008005474                USBD_CDC_TransmitPacket
 .text.USBD_CDC_ReceivePacket
                0x00000000080054d4       0x54 ./Middlewares/ST/STM32_USB_Device_Library/Class/CDC/Src/usbd_cdc.o
                0x00000000080054d4                USBD_CDC_ReceivePacket
 .text.USBD_Init
                0x0000000008005528       0x60 ./Middlewares/ST/STM32_USB_Device_Library/Core/Src/usbd_core.o
                0x0000000008005528                USBD_Init
 .text.USBD_RegisterClass
                0x0000000008005588       0x4e ./Middlewares/ST/STM32_USB_Device_Library/Core/Src/usbd_core.o
                0x0000000008005588                USBD_RegisterClass
 .text.USBD_Start
                0x00000000080055d6       0x18 ./Middlewares/ST/STM32_USB_Device_Library/Core/Src/usbd_core.o
                0x00000000080055d6                USBD_Start
 .text.USBD_RunTestMode
                0x00000000080055ee       0x16 ./Middlewares/ST/STM32_USB_Device_Library/Core/Src/usbd_core.o
                0x00000000080055ee                USBD_RunTestMode
 .text.USBD_SetClassConfig
                0x0000000008005604       0x38 ./Middlewares/ST/STM32_USB_Device_Library/Core/Src/usbd_core.o
                0x0000000008005604                USBD_SetClassConfig
 .text.USBD_ClrClassConfig
                0x000000000800563c       0x30 ./Middlewares/ST/STM32_USB_Device_Library/Core/Src/usbd_core.o
                0x000000000800563c                USBD_ClrClassConfig
 .text.USBD_LL_SetupStage
                0x000000000800566c       0xaa ./Middlewares/ST/STM32_USB_Device_Library/Core/Src/usbd_core.o
                0x000000000800566c                USBD_LL_SetupStage
 .text.USBD_LL_DataOutStage
                0x0000000008005716       0xc6 ./Middlewares/ST/STM32_USB_Device_Library/Core/Src/usbd_core.o
                0x0000000008005716                USBD_LL_DataOutStage
 .text.USBD_LL_DataInStage
                0x00000000080057dc      0x12c ./Middlewares/ST/STM32_USB_Device_Library/Core/Src/usbd_core.o
                0x00000000080057dc                USBD_LL_DataInStage
 .text.USBD_LL_Reset
                0x0000000008005908       0x9c ./Middlewares/ST/STM32_USB_Device_Library/Core/Src/usbd_core.o
                0x0000000008005908                USBD_LL_Reset
 .text.USBD_LL_SetSpeed
                0x00000000080059a4       0x20 ./Middlewares/ST/STM32_USB_Device_Library/Core/Src/usbd_core.o
                0x00000000080059a4                USBD_LL_SetSpeed
 .text.USBD_LL_Suspend
                0x00000000080059c4       0x2c ./Middlewares/ST/STM32_USB_Device_Library/Core/Src/usbd_core.o
                0x00000000080059c4                USBD_LL_Suspend
 .text.USBD_LL_Resume
                0x00000000080059f0       0x30 ./Middlewares/ST/STM32_USB_Device_Library/Core/Src/usbd_core.o
                0x00000000080059f0                USBD_LL_Resume
 .text.USBD_LL_SOF
                0x0000000008005a20       0x44 ./Middlewares/ST/STM32_USB_Device_Library/Core/Src/usbd_core.o
                0x0000000008005a20                USBD_LL_SOF
 .text.USBD_LL_IsoINIncomplete
                0x0000000008005a64       0x4c ./Middlewares/ST/STM32_USB_Device_Library/Core/Src/usbd_core.o
                0x0000000008005a64                USBD_LL_IsoINIncomplete
 .text.USBD_LL_IsoOUTIncomplete
                0x0000000008005ab0       0x4c ./Middlewares/ST/STM32_USB_Device_Library/Core/Src/usbd_core.o
                0x0000000008005ab0                USBD_LL_IsoOUTIncomplete
 .text.USBD_LL_DevConnected
                0x0000000008005afc       0x16 ./Middlewares/ST/STM32_USB_Device_Library/Core/Src/usbd_core.o
                0x0000000008005afc                USBD_LL_DevConnected
 .text.USBD_LL_DevDisconnected
                0x0000000008005b12       0x38 ./Middlewares/ST/STM32_USB_Device_Library/Core/Src/usbd_core.o
                0x0000000008005b12                USBD_LL_DevDisconnected
 .text.SWAPBYTE
                0x0000000008005b4a       0x3c ./Middlewares/ST/STM32_USB_Device_Library/Core/Src/usbd_ctlreq.o
 *fill*         0x0000000008005b86        0x2 
 .text.USBD_StdDevReq
                0x0000000008005b88       0xdc ./Middlewares/ST/STM32_USB_Device_Library/Core/Src/usbd_ctlreq.o
                0x0000000008005b88                USBD_StdDevReq
 .text.USBD_StdItfReq
                0x0000000008005c64       0x92 ./Middlewares/ST/STM32_USB_Device_Library/Core/Src/usbd_ctlreq.o
                0x0000000008005c64                USBD_StdItfReq
 .text.USBD_StdEPReq
                0x0000000008005cf6      0x2c4 ./Middlewares/ST/STM32_USB_Device_Library/Core/Src/usbd_ctlreq.o
                0x0000000008005cf6                USBD_StdEPReq
 *fill*         0x0000000008005fba        0x2 
 .text.USBD_GetDescriptor
                0x0000000008005fbc      0x328 ./Middlewares/ST/STM32_USB_Device_Library/Core/Src/usbd_ctlreq.o
 .text.USBD_SetAddress
                0x00000000080062e4       0x88 ./Middlewares/ST/STM32_USB_Device_Library/Core/Src/usbd_ctlreq.o
 .text.USBD_SetConfig
                0x000000000800636c      0x14c ./Middlewares/ST/STM32_USB_Device_Library/Core/Src/usbd_ctlreq.o
 .text.USBD_GetConfig
                0x00000000080064b8       0x6c ./Middlewares/ST/STM32_USB_Device_Library/Core/Src/usbd_ctlreq.o
 .text.USBD_GetStatus
                0x0000000008006524       0x68 ./Middlewares/ST/STM32_USB_Device_Library/Core/Src/usbd_ctlreq.o
 .text.USBD_SetFeature
                0x000000000800658c       0x28 ./Middlewares/ST/STM32_USB_Device_Library/Core/Src/usbd_ctlreq.o
 .text.USBD_ClrFeature
                0x00000000080065b4       0x44 ./Middlewares/ST/STM32_USB_Device_Library/Core/Src/usbd_ctlreq.o
 .text.USBD_ParseSetupRequest
                0x00000000080065f8       0x74 ./Middlewares/ST/STM32_USB_Device_Library/Core/Src/usbd_ctlreq.o
                0x00000000080065f8                USBD_ParseSetupRequest
 .text.USBD_CtlError
                0x000000000800666c       0x22 ./Middlewares/ST/STM32_USB_Device_Library/Core/Src/usbd_ctlreq.o
                0x000000000800666c                USBD_CtlError
 .text.USBD_GetString
                0x000000000800668e       0x8c ./Middlewares/ST/STM32_USB_Device_Library/Core/Src/usbd_ctlreq.o
                0x000000000800668e                USBD_GetString
 .text.USBD_GetLen
                0x000000000800671a       0x34 ./Middlewares/ST/STM32_USB_Device_Library/Core/Src/usbd_ctlreq.o
 .text.USBD_CtlSendData
                0x000000000800674e       0x36 ./Middlewares/ST/STM32_USB_Device_Library/Core/Src/usbd_ioreq.o
                0x000000000800674e                USBD_CtlSendData
 .text.USBD_CtlContinueSendData
                0x0000000008006784       0x22 ./Middlewares/ST/STM32_USB_Device_Library/Core/Src/usbd_ioreq.o
                0x0000000008006784                USBD_CtlContinueSendData
 .text.USBD_CtlPrepareRx
                0x00000000080067a6       0x3a ./Middlewares/ST/STM32_USB_Device_Library/Core/Src/usbd_ioreq.o
                0x00000000080067a6                USBD_CtlPrepareRx
 .text.USBD_CtlContinueRx
                0x00000000080067e0       0x22 ./Middlewares/ST/STM32_USB_Device_Library/Core/Src/usbd_ioreq.o
                0x00000000080067e0                USBD_CtlContinueRx
 .text.USBD_CtlSendStatus
                0x0000000008006802       0x26 ./Middlewares/ST/STM32_USB_Device_Library/Core/Src/usbd_ioreq.o
                0x0000000008006802                USBD_CtlSendStatus
 .text.USBD_CtlReceiveStatus
                0x0000000008006828       0x26 ./Middlewares/ST/STM32_USB_Device_Library/Core/Src/usbd_ioreq.o
                0x0000000008006828                USBD_CtlReceiveStatus
 *fill*         0x000000000800684e        0x2 
 .text.MX_USB_DEVICE_Init
                0x0000000008006850       0x60 ./USB_DEVICE/App/usb_device.o
                0x0000000008006850                MX_USB_DEVICE_Init
 .text.CDC_Init_FS
                0x00000000080068b0       0x28 ./USB_DEVICE/App/usbd_cdc_if.o
 .text.CDC_DeInit_FS
                0x00000000080068d8       0x10 ./USB_DEVICE/App/usbd_cdc_if.o
 .text.CDC_Control_FS
                0x00000000080068e8       0xbc ./USB_DEVICE/App/usbd_cdc_if.o
 .text.CDC_Receive_FS
                0x00000000080069a4       0x44 ./USB_DEVICE/App/usbd_cdc_if.o
 .text.CDC_Transmit_FS
                0x00000000080069e8       0x4c ./USB_DEVICE/App/usbd_cdc_if.o
                0x00000000080069e8                CDC_Transmit_FS
 .text.CDC_TransmitCplt_FS
                0x0000000008006a34       0x22 ./USB_DEVICE/App/usbd_cdc_if.o
 *fill*         0x0000000008006a56        0x2 
 .text.USBD_FS_DeviceDescriptor
                0x0000000008006a58       0x24 ./USB_DEVICE/App/usbd_desc.o
                0x0000000008006a58                USBD_FS_DeviceDescriptor
 .text.USBD_FS_LangIDStrDescriptor
                0x0000000008006a7c       0x24 ./USB_DEVICE/App/usbd_desc.o
                0x0000000008006a7c                USBD_FS_LangIDStrDescriptor
 .text.USBD_FS_ProductStrDescriptor
                0x0000000008006aa0       0x3c ./USB_DEVICE/App/usbd_desc.o
                0x0000000008006aa0                USBD_FS_ProductStrDescriptor
 .text.USBD_FS_ManufacturerStrDescriptor
                0x0000000008006adc       0x28 ./USB_DEVICE/App/usbd_desc.o
                0x0000000008006adc                USBD_FS_ManufacturerStrDescriptor
 .text.USBD_FS_SerialStrDescriptor
                0x0000000008006b04       0x24 ./USB_DEVICE/App/usbd_desc.o
                0x0000000008006b04                USBD_FS_SerialStrDescriptor
 .text.USBD_FS_ConfigStrDescriptor
                0x0000000008006b28       0x3c ./USB_DEVICE/App/usbd_desc.o
                0x0000000008006b28                USBD_FS_ConfigStrDescriptor
 .text.USBD_FS_InterfaceStrDescriptor
                0x0000000008006b64       0x3c ./USB_DEVICE/App/usbd_desc.o
                0x0000000008006b64                USBD_FS_InterfaceStrDescriptor
 .text.USBD_FS_USR_BOSDescriptor
                0x0000000008006ba0       0x24 ./USB_DEVICE/App/usbd_desc.o
                0x0000000008006ba0                USBD_FS_USR_BOSDescriptor
 .text.Get_SerialNum
                0x0000000008006bc4       0x58 ./USB_DEVICE/App/usbd_desc.o
 .text.IntToUnicode
                0x0000000008006c1c       0x7e ./USB_DEVICE/App/usbd_desc.o
 *fill*         0x0000000008006c9a        0x2 
 .text.HAL_PCD_MspInit
                0x0000000008006c9c      0x104 ./USB_DEVICE/Target/usbd_conf.o
                0x0000000008006c9c                HAL_PCD_MspInit
 .text.HAL_PCD_SetupStageCallback
                0x0000000008006da0       0x24 ./USB_DEVICE/Target/usbd_conf.o
                0x0000000008006da0                HAL_PCD_SetupStageCallback
 .text.HAL_PCD_DataOutStageCallback
                0x0000000008006dc4       0x36 ./USB_DEVICE/Target/usbd_conf.o
                0x0000000008006dc4                HAL_PCD_DataOutStageCallback
 .text.HAL_PCD_DataInStageCallback
                0x0000000008006dfa       0x34 ./USB_DEVICE/Target/usbd_conf.o
                0x0000000008006dfa                HAL_PCD_DataInStageCallback
 .text.HAL_PCD_SOFCallback
                0x0000000008006e2e       0x1c ./USB_DEVICE/Target/usbd_conf.o
                0x0000000008006e2e                HAL_PCD_SOFCallback
 .text.HAL_PCD_ResetCallback
                0x0000000008006e4a       0x3c ./USB_DEVICE/Target/usbd_conf.o
                0x0000000008006e4a                HAL_PCD_ResetCallback
 *fill*         0x0000000008006e86        0x2 
 .text.HAL_PCD_SuspendCallback
                0x0000000008006e88       0x4c ./USB_DEVICE/Target/usbd_conf.o
                0x0000000008006e88                HAL_PCD_SuspendCallback
 .text.HAL_PCD_ResumeCallback
                0x0000000008006ed4       0x50 ./USB_DEVICE/Target/usbd_conf.o
                0x0000000008006ed4                HAL_PCD_ResumeCallback
 .text.HAL_PCD_ISOOUTIncompleteCallback
                0x0000000008006f24       0x24 ./USB_DEVICE/Target/usbd_conf.o
                0x0000000008006f24                HAL_PCD_ISOOUTIncompleteCallback
 .text.HAL_PCD_ISOINIncompleteCallback
                0x0000000008006f48       0x24 ./USB_DEVICE/Target/usbd_conf.o
                0x0000000008006f48                HAL_PCD_ISOINIncompleteCallback
 .text.HAL_PCD_ConnectCallback
                0x0000000008006f6c       0x1c ./USB_DEVICE/Target/usbd_conf.o
                0x0000000008006f6c                HAL_PCD_ConnectCallback
 .text.HAL_PCD_DisconnectCallback
                0x0000000008006f88       0x1c ./USB_DEVICE/Target/usbd_conf.o
                0x0000000008006f88                HAL_PCD_DisconnectCallback
 .text.USBD_LL_Init
                0x0000000008006fa4       0x94 ./USB_DEVICE/Target/usbd_conf.o
                0x0000000008006fa4                USBD_LL_Init
 .text.USBD_LL_Start
                0x0000000008007038       0x64 ./USB_DEVICE/Target/usbd_conf.o
                0x0000000008007038                USBD_LL_Start
 .text.USBD_LL_OpenEP
                0x000000000800709c       0x7c ./USB_DEVICE/Target/usbd_conf.o
                0x000000000800709c                USBD_LL_OpenEP
 .text.USBD_LL_CloseEP
                0x0000000008007118       0x6c ./USB_DEVICE/Target/usbd_conf.o
                0x0000000008007118                USBD_LL_CloseEP
 .text.USBD_LL_StallEP
                0x0000000008007184       0x6c ./USB_DEVICE/Target/usbd_conf.o
                0x0000000008007184                USBD_LL_StallEP
 .text.USBD_LL_ClearStallEP
                0x00000000080071f0       0x6c ./USB_DEVICE/Target/usbd_conf.o
                0x00000000080071f0                USBD_LL_ClearStallEP
 .text.USBD_LL_IsStallEP
                0x000000000800725c       0x58 ./USB_DEVICE/Target/usbd_conf.o
                0x000000000800725c                USBD_LL_IsStallEP
 .text.USBD_LL_SetUSBAddress
                0x00000000080072b4       0x6c ./USB_DEVICE/Target/usbd_conf.o
                0x00000000080072b4                USBD_LL_SetUSBAddress
 .text.USBD_LL_Transmit
                0x0000000008007320       0x70 ./USB_DEVICE/Target/usbd_conf.o
                0x0000000008007320                USBD_LL_Transmit
 .text.USBD_LL_PrepareReceive
                0x0000000008007390       0x70 ./USB_DEVICE/Target/usbd_conf.o
                0x0000000008007390                USBD_LL_PrepareReceive
 .text.USBD_LL_GetRxDataSize
                0x0000000008007400       0x26 ./USB_DEVICE/Target/usbd_conf.o
                0x0000000008007400                USBD_LL_GetRxDataSize
 *fill*         0x0000000008007426        0x2 
 .text.HAL_PCDEx_LPM_Callback
                0x0000000008007428       0x9c ./USB_DEVICE/Target/usbd_conf.o
                0x0000000008007428                HAL_PCDEx_LPM_Callback
 .text.USBD_static_malloc
                0x00000000080074c4       0x1c ./USB_DEVICE/Target/usbd_conf.o
                0x00000000080074c4                USBD_static_malloc
 .text.USBD_static_free
                0x00000000080074e0       0x14 ./USB_DEVICE/Target/usbd_conf.o
                0x00000000080074e0                USBD_static_free
 .text.SystemClockConfig_Resume
                0x00000000080074f4        0xc ./USB_DEVICE/Target/usbd_conf.o
 .text.__libc_init_array
                0x0000000008007500       0x48 c:/st/stm32cubeide_1.11.0/stm32cubeide/plugins/com.st.stm32cube.ide.mcu.externaltools.gnu-tools-for-stm32.10.3-2021.10.win32_1.0.100.202210260954/tools/bin/../lib/gcc/arm-none-eabi/10.3.1/../../../../arm-none-eabi/lib/thumb/v7e-m+fp/hard\libc_nano.a(lib_a-init.o)
                0x0000000008007500                __libc_init_array
 .text.memset   0x0000000008007548       0x10 c:/st/stm32cubeide_1.11.0/stm32cubeide/plugins/com.st.stm32cube.ide.mcu.externaltools.gnu-tools-for-stm32.10.3-2021.10.win32_1.0.100.202210260954/tools/bin/../lib/gcc/arm-none-eabi/10.3.1/../../../../arm-none-eabi/lib/thumb/v7e-m+fp/hard\libc_nano.a(lib_a-memset.o)
                0x0000000008007548                memset
 *(.glue_7)
 .glue_7        0x0000000008007558        0x0 linker stubs
 *(.glue_7t)
 .glue_7t       0x0000000008007558        0x0 linker stubs
 *(.eh_frame)
 .eh_frame      0x0000000008007558        0x0 c:/st/stm32cubeide_1.11.0/stm32cubeide/plugins/com.st.stm32cube.ide.mcu.externaltools.gnu-tools-for-stm32.10.3-2021.10.win32_1.0.100.202210260954/tools/bin/../lib/gcc/arm-none-eabi/10.3.1/thumb/v7e-m+fp/hard/crtbegin.o
 *(.init)
 .init          0x0000000008007558        0x4 c:/st/stm32cubeide_1.11.0/stm32cubeide/plugins/com.st.stm32cube.ide.mcu.externaltools.gnu-tools-for-stm32.10.3-2021.10.win32_1.0.100.202210260954/tools/bin/../lib/gcc/arm-none-eabi/10.3.1/thumb/v7e-m+fp/hard/crti.o
                0x0000000008007558                _init
 .init          0x000000000800755c        0x8 c:/st/stm32cubeide_1.11.0/stm32cubeide/plugins/com.st.stm32cube.ide.mcu.externaltools.gnu-tools-for-stm32.10.3-2021.10.win32_1.0.100.202210260954/tools/bin/../lib/gcc/arm-none-eabi/10.3.1/thumb/v7e-m+fp/hard/crtn.o
 *(.fini)
 .fini          0x0000000008007564        0x4 c:/st/stm32cubeide_1.11.0/stm32cubeide/plugins/com.st.stm32cube.ide.mcu.externaltools.gnu-tools-for-stm32.10.3-2021.10.win32_1.0.100.202210260954/tools/bin/../lib/gcc/arm-none-eabi/10.3.1/thumb/v7e-m+fp/hard/crti.o
                0x0000000008007564                _fini
 .fini          0x0000000008007568        0x8 c:/st/stm32cubeide_1.11.0/stm32cubeide/plugins/com.st.stm32cube.ide.mcu.externaltools.gnu-tools-for-stm32.10.3-2021.10.win32_1.0.100.202210260954/tools/bin/../lib/gcc/arm-none-eabi/10.3.1/thumb/v7e-m+fp/hard/crtn.o
                0x0000000008007570                . = ALIGN (0x4)
                0x0000000008007570                _etext = .

.vfp11_veneer   0x0000000008007570        0x0
 .vfp11_veneer  0x0000000008007570        0x0 linker stubs

.v4_bx          0x0000000008007570        0x0
 .v4_bx         0x0000000008007570        0x0 linker stubs

.iplt           0x0000000008007570        0x0
 .iplt          0x0000000008007570        0x0 c:/st/stm32cubeide_1.11.0/stm32cubeide/plugins/com.st.stm32cube.ide.mcu.externaltools.gnu-tools-for-stm32.10.3-2021.10.win32_1.0.100.202210260954/tools/bin/../lib/gcc/arm-none-eabi/10.3.1/thumb/v7e-m+fp/hard/crtbegin.o

.rodata         0x0000000008007570       0x88
                0x0000000008007570                . = ALIGN (0x4)
 *(.rodata)
 .rodata        0x0000000008007570        0x9 ./Core/Src/main.o
 *fill*         0x0000000008007579        0x3 
 .rodata        0x000000000800757c       0x3a ./USB_DEVICE/App/usbd_desc.o
 *(.rodata*)
 *fill*         0x00000000080075b6        0x2 
 .rodata.AHBPrescTable
                0x00000000080075b8       0x10 ./Core/Src/system_stm32l4xx.o
                0x00000000080075b8                AHBPrescTable
 .rodata.MSIRangeTable
                0x00000000080075c8       0x30 ./Core/Src/system_stm32l4xx.o
                0x00000000080075c8                MSIRangeTable
                0x00000000080075f8                . = ALIGN (0x4)

.rel.dyn        0x00000000080075f8        0x0
 .rel.iplt      0x00000000080075f8        0x0 c:/st/stm32cubeide_1.11.0/stm32cubeide/plugins/com.st.stm32cube.ide.mcu.externaltools.gnu-tools-for-stm32.10.3-2021.10.win32_1.0.100.202210260954/tools/bin/../lib/gcc/arm-none-eabi/10.3.1/thumb/v7e-m+fp/hard/crtbegin.o

.ARM.extab      0x00000000080075f8        0x0
                0x00000000080075f8                . = ALIGN (0x4)
 *(.ARM.extab* .gnu.linkonce.armextab.*)
                0x00000000080075f8                . = ALIGN (0x4)

.ARM            0x00000000080075f8        0x0
                0x00000000080075f8                . = ALIGN (0x4)
                0x00000000080075f8                __exidx_start = .
 *(.ARM.exidx*)
                0x00000000080075f8                __exidx_end = .
                0x00000000080075f8                . = ALIGN (0x4)

.preinit_array  0x00000000080075f8        0x0
                0x00000000080075f8                . = ALIGN (0x4)
                0x00000000080075f8                PROVIDE (__preinit_array_start = .)
 *(.preinit_array*)
                0x00000000080075f8                PROVIDE (__preinit_array_end = .)
                0x00000000080075f8                . = ALIGN (0x4)

.init_array     0x00000000080075f8        0x4
                0x00000000080075f8                . = ALIGN (0x4)
                0x00000000080075f8                PROVIDE (__init_array_start = .)
 *(SORT_BY_NAME(.init_array.*))
 *(.init_array*)
 .init_array    0x00000000080075f8        0x4 c:/st/stm32cubeide_1.11.0/stm32cubeide/plugins/com.st.stm32cube.ide.mcu.externaltools.gnu-tools-for-stm32.10.3-2021.10.win32_1.0.100.202210260954/tools/bin/../lib/gcc/arm-none-eabi/10.3.1/thumb/v7e-m+fp/hard/crtbegin.o
                0x00000000080075fc                PROVIDE (__init_array_end = .)
                0x00000000080075fc                . = ALIGN (0x4)

.fini_array     0x00000000080075fc        0x4
                0x00000000080075fc                . = ALIGN (0x4)
                [!provide]                        PROVIDE (__fini_array_start = .)
 *(SORT_BY_NAME(.fini_array.*))
 *(.fini_array*)
 .fini_array    0x00000000080075fc        0x4 c:/st/stm32cubeide_1.11.0/stm32cubeide/plugins/com.st.stm32cube.ide.mcu.externaltools.gnu-tools-for-stm32.10.3-2021.10.win32_1.0.100.202210260954/tools/bin/../lib/gcc/arm-none-eabi/10.3.1/thumb/v7e-m+fp/hard/crtbegin.o
                [!provide]                        PROVIDE (__fini_array_end = .)
                0x0000000008007600                . = ALIGN (0x4)
                0x0000000008007600                _sidata = LOADADDR (.data)

.data           0x0000000020000000      0x190 load address 0x0000000008007600
                0x0000000020000000                . = ALIGN (0x4)
                0x0000000020000000                _sdata = .
 *(.data)
 *(.data*)
 .data.SystemCoreClock
                0x0000000020000000        0x4 ./Core/Src/system_stm32l4xx.o
                0x0000000020000000                SystemCoreClock
 .data.uwTickPrio
                0x0000000020000004        0x4 ./Drivers/STM32L4xx_HAL_Driver/Src/stm32l4xx_hal.o
                0x0000000020000004                uwTickPrio
 .data.uwTickFreq
                0x0000000020000008        0x1 ./Drivers/STM32L4xx_HAL_Driver/Src/stm32l4xx_hal.o
                0x0000000020000008                uwTickFreq
 *fill*         0x0000000020000009        0x3 
 .data.USBD_CDC_DeviceQualifierDesc
                0x000000002000000c        0xa ./Middlewares/ST/STM32_USB_Device_Library/Class/CDC/Src/usbd_cdc.o
 *fill*         0x0000000020000016        0x2 
 .data.USBD_CDC
                0x0000000020000018       0x38 ./Middlewares/ST/STM32_USB_Device_Library/Class/CDC/Src/usbd_cdc.o
                0x0000000020000018                USBD_CDC
 .data.USBD_CDC_CfgHSDesc
                0x0000000020000050       0x43 ./Middlewares/ST/STM32_USB_Device_Library/Class/CDC/Src/usbd_cdc.o
 *fill*         0x0000000020000093        0x1 
 .data.USBD_CDC_CfgFSDesc
                0x0000000020000094       0x43 ./Middlewares/ST/STM32_USB_Device_Library/Class/CDC/Src/usbd_cdc.o
 *fill*         0x00000000200000d7        0x1 
 .data.USBD_CDC_OtherSpeedCfgDesc
                0x00000000200000d8       0x43 ./Middlewares/ST/STM32_USB_Device_Library/Class/CDC/Src/usbd_cdc.o
 *fill*         0x000000002000011b        0x1 
 .data.USBD_Interface_fops_FS
                0x000000002000011c       0x14 ./USB_DEVICE/App/usbd_cdc_if.o
                0x000000002000011c                USBD_Interface_fops_FS
 .data.FS_Desc  0x0000000020000130       0x20 ./USB_DEVICE/App/usbd_desc.o
                0x0000000020000130                FS_Desc
 .data.USBD_FS_DeviceDesc
                0x0000000020000150       0x12 ./USB_DEVICE/App/usbd_desc.o
                0x0000000020000150                USBD_FS_DeviceDesc
 *fill*         0x0000000020000162        0x2 
 .data.USBD_FS_BOSDesc
                0x0000000020000164        0xc ./USB_DEVICE/App/usbd_desc.o
                0x0000000020000164                USBD_FS_BOSDesc
 .data.USBD_LangIDDesc
                0x0000000020000170        0x4 ./USB_DEVICE/App/usbd_desc.o
                0x0000000020000170                USBD_LangIDDesc
 .data.USBD_StringSerial
                0x0000000020000174       0x1a ./USB_DEVICE/App/usbd_desc.o
                0x0000000020000174                USBD_StringSerial
 *(.RamFunc)
 *(.RamFunc*)
                0x0000000020000190                . = ALIGN (0x4)
 *fill*         0x000000002000018e        0x2 
                0x0000000020000190                _edata = .

.igot.plt       0x0000000020000190        0x0 load address 0x0000000008007790
 .igot.plt      0x0000000020000190        0x0 c:/st/stm32cubeide_1.11.0/stm32cubeide/plugins/com.st.stm32cube.ide.mcu.externaltools.gnu-tools-for-stm32.10.3-2021.10.win32_1.0.100.202210260954/tools/bin/../lib/gcc/arm-none-eabi/10.3.1/thumb/v7e-m+fp/hard/crtbegin.o
                0x0000000020000190                . = ALIGN (0x4)

.bss            0x0000000020000190     0x1c20 load address 0x0000000008007790
                0x0000000020000190                _sbss = .
                0x0000000020000190                __bss_start__ = _sbss
 *(.bss)
 .bss           0x0000000020000190       0x1c c:/st/stm32cubeide_1.11.0/stm32cubeide/plugins/com.st.stm32cube.ide.mcu.externaltools.gnu-tools-for-stm32.10.3-2021.10.win32_1.0.100.202210260954/tools/bin/../lib/gcc/arm-none-eabi/10.3.1/thumb/v7e-m+fp/hard/crtbegin.o
 *(.bss*)
 .bss.uwTick    0x00000000200001ac        0x4 ./Drivers/STM32L4xx_HAL_Driver/Src/stm32l4xx_hal.o
                0x00000000200001ac                uwTick
 .bss.cfgidx.0  0x00000000200001b0        0x1 ./Middlewares/ST/STM32_USB_Device_Library/Core/Src/usbd_ctlreq.o
 *fill*         0x00000000200001b1        0x3 
 .bss.hUsbDeviceFS
                0x00000000200001b4      0x2d0 ./USB_DEVICE/App/usb_device.o
                0x00000000200001b4                hUsbDeviceFS
 .bss.UserRxBufferFS
                0x0000000020000484      0x800 ./USB_DEVICE/App/usbd_cdc_if.o
                0x0000000020000484                UserRxBufferFS
 .bss.UserTxBufferFS
                0x0000000020000c84      0x800 ./USB_DEVICE/App/usbd_cdc_if.o
                0x0000000020000c84                UserTxBufferFS
 .bss.USBD_StrDesc
                0x0000000020001484      0x200 ./USB_DEVICE/App/usbd_desc.o
                0x0000000020001484                USBD_StrDesc
 .bss.hpcd_USB_OTG_FS
                0x0000000020001684      0x50c ./USB_DEVICE/Target/usbd_conf.o
                0x0000000020001684                hpcd_USB_OTG_FS
 .bss.mem.0     0x0000000020001b90      0x220 ./USB_DEVICE/Target/usbd_conf.o
 *(COMMON)
                0x0000000020001db0                . = ALIGN (0x4)
                0x0000000020001db0                _ebss = .
                0x0000000020001db0                __bss_end__ = _ebss

._user_heap_stack
                0x0000000020001db0      0x600 load address 0x0000000008007790
                0x0000000020001db0                . = ALIGN (0x8)
                [!provide]                        PROVIDE (end = .)
                0x0000000020001db0                PROVIDE (_end = .)
                0x0000000020001fb0                . = (. + _Min_Heap_Size)
 *fill*         0x0000000020001db0      0x200 
                0x00000000200023b0                . = (. + _Min_Stack_Size)
 *fill*         0x0000000020001fb0      0x400 
                0x00000000200023b0                . = ALIGN (0x8)

/DISCARD/
 libc.a(*)
 libm.a(*)
 libgcc.a(*)

.ARM.attributes
                0x0000000000000000       0x30
 *(.ARM.attributes)
 .ARM.attributes
                0x0000000000000000       0x1e c:/st/stm32cubeide_1.11.0/stm32cubeide/plugins/com.st.stm32cube.ide.mcu.externaltools.gnu-tools-for-stm32.10.3-2021.10.win32_1.0.100.202210260954/tools/bin/../lib/gcc/arm-none-eabi/10.3.1/thumb/v7e-m+fp/hard/crti.o
 .ARM.attributes
                0x000000000000001e       0x34 c:/st/stm32cubeide_1.11.0/stm32cubeide/plugins/com.st.stm32cube.ide.mcu.externaltools.gnu-tools-for-stm32.10.3-2021.10.win32_1.0.100.202210260954/tools/bin/../lib/gcc/arm-none-eabi/10.3.1/thumb/v7e-m+fp/hard/crtbegin.o
 .ARM.attributes
                0x0000000000000052       0x34 ./Core/Src/main.o
 .ARM.attributes
                0x0000000000000086       0x34 ./Core/Src/stm32l4xx_hal_msp.o
 .ARM.attributes
                0x00000000000000ba       0x34 ./Core/Src/stm32l4xx_it.o
 .ARM.attributes
                0x00000000000000ee       0x34 ./Core/Src/system_stm32l4xx.o
 .ARM.attributes
                0x0000000000000122       0x21 ./Core/Startup/startup_stm32l4r9zgyx.o
 .ARM.attributes
                0x0000000000000143       0x34 ./Drivers/STM32L4xx_HAL_Driver/Src/stm32l4xx_hal.o
 .ARM.attributes
                0x0000000000000177       0x34 ./Drivers/STM32L4xx_HAL_Driver/Src/stm32l4xx_hal_cortex.o
 .ARM.attributes
                0x00000000000001ab       0x34 ./Drivers/STM32L4xx_HAL_Driver/Src/stm32l4xx_hal_gpio.o
 .ARM.attributes
                0x00000000000001df       0x34 ./Drivers/STM32L4xx_HAL_Driver/Src/stm32l4xx_hal_pcd.o
 .ARM.attributes
                0x0000000000000213       0x34 ./Drivers/STM32L4xx_HAL_Driver/Src/stm32l4xx_hal_pcd_ex.o
 .ARM.attributes
                0x0000000000000247       0x34 ./Drivers/STM32L4xx_HAL_Driver/Src/stm32l4xx_hal_pwr_ex.o
 .ARM.attributes
                0x000000000000027b       0x34 ./Drivers/STM32L4xx_HAL_Driver/Src/stm32l4xx_hal_rcc.o
 .ARM.attributes
                0x00000000000002af       0x34 ./Drivers/STM32L4xx_HAL_Driver/Src/stm32l4xx_hal_rcc_ex.o
 .ARM.attributes
                0x00000000000002e3       0x34 ./Drivers/STM32L4xx_HAL_Driver/Src/stm32l4xx_ll_usb.o
 .ARM.attributes
                0x0000000000000317       0x34 ./Middlewares/ST/STM32_USB_Device_Library/Class/CDC/Src/usbd_cdc.o
 .ARM.attributes
                0x000000000000034b       0x34 ./Middlewares/ST/STM32_USB_Device_Library/Core/Src/usbd_core.o
 .ARM.attributes
                0x000000000000037f       0x34 ./Middlewares/ST/STM32_USB_Device_Library/Core/Src/usbd_ctlreq.o
 .ARM.attributes
                0x00000000000003b3       0x34 ./Middlewares/ST/STM32_USB_Device_Library/Core/Src/usbd_ioreq.o
 .ARM.attributes
                0x00000000000003e7       0x34 ./USB_DEVICE/App/usb_device.o
 .ARM.attributes
                0x000000000000041b       0x34 ./USB_DEVICE/App/usbd_cdc_if.o
 .ARM.attributes
                0x000000000000044f       0x34 ./USB_DEVICE/App/usbd_desc.o
 .ARM.attributes
                0x0000000000000483       0x34 ./USB_DEVICE/Target/usbd_conf.o
 .ARM.attributes
                0x00000000000004b7       0x34 c:/st/stm32cubeide_1.11.0/stm32cubeide/plugins/com.st.stm32cube.ide.mcu.externaltools.gnu-tools-for-stm32.10.3-2021.10.win32_1.0.100.202210260954/tools/bin/../lib/gcc/arm-none-eabi/10.3.1/../../../../arm-none-eabi/lib/thumb/v7e-m+fp/hard\libc_nano.a(lib_a-init.o)
 .ARM.attributes
                0x00000000000004eb       0x34 c:/st/stm32cubeide_1.11.0/stm32cubeide/plugins/com.st.stm32cube.ide.mcu.externaltools.gnu-tools-for-stm32.10.3-2021.10.win32_1.0.100.202210260954/tools/bin/../lib/gcc/arm-none-eabi/10.3.1/../../../../arm-none-eabi/lib/thumb/v7e-m+fp/hard\libc_nano.a(lib_a-memset.o)
 .ARM.attributes
                0x000000000000051f       0x1e c:/st/stm32cubeide_1.11.0/stm32cubeide/plugins/com.st.stm32cube.ide.mcu.externaltools.gnu-tools-for-stm32.10.3-2021.10.win32_1.0.100.202210260954/tools/bin/../lib/gcc/arm-none-eabi/10.3.1/thumb/v7e-m+fp/hard/crtn.o
OUTPUT(usb_app.elf elf32-littlearm)
LOAD linker stubs
LOAD c:/st/stm32cubeide_1.11.0/stm32cubeide/plugins/com.st.stm32cube.ide.mcu.externaltools.gnu-tools-for-stm32.10.3-2021.10.win32_1.0.100.202210260954/tools/bin/../lib/gcc/arm-none-eabi/10.3.1/../../../../arm-none-eabi/lib/thumb/v7e-m+fp/hard\libc.a
LOAD c:/st/stm32cubeide_1.11.0/stm32cubeide/plugins/com.st.stm32cube.ide.mcu.externaltools.gnu-tools-for-stm32.10.3-2021.10.win32_1.0.100.202210260954/tools/bin/../lib/gcc/arm-none-eabi/10.3.1/../../../../arm-none-eabi/lib/thumb/v7e-m+fp/hard\libm.a
LOAD c:/st/stm32cubeide_1.11.0/stm32cubeide/plugins/com.st.stm32cube.ide.mcu.externaltools.gnu-tools-for-stm32.10.3-2021.10.win32_1.0.100.202210260954/tools/bin/../lib/gcc/arm-none-eabi/10.3.1/thumb/v7e-m+fp/hard\libgcc.a

.debug_info     0x0000000000000000    0x1041b
 .debug_info    0x0000000000000000      0x64f ./Core/Src/main.o
 .debug_info    0x000000000000064f      0x340 ./Core/Src/stm32l4xx_hal_msp.o
 .debug_info    0x000000000000098f      0x6cf ./Core/Src/stm32l4xx_it.o
 .debug_info    0x000000000000105e      0x5fe ./Core/Src/system_stm32l4xx.o
 .debug_info    0x000000000000165c       0x22 ./Core/Startup/startup_stm32l4r9zgyx.o
 .debug_info    0x000000000000167e      0xbab ./Drivers/STM32L4xx_HAL_Driver/Src/stm32l4xx_hal.o
 .debug_info    0x0000000000002229      0xe51 ./Drivers/STM32L4xx_HAL_Driver/Src/stm32l4xx_hal_cortex.o
 .debug_info    0x000000000000307a      0x859 ./Drivers/STM32L4xx_HAL_Driver/Src/stm32l4xx_hal_gpio.o
 .debug_info    0x00000000000038d3     0x1609 ./Drivers/STM32L4xx_HAL_Driver/Src/stm32l4xx_hal_pcd.o
 .debug_info    0x0000000000004edc      0x8e6 ./Drivers/STM32L4xx_HAL_Driver/Src/stm32l4xx_hal_pcd_ex.o
 .debug_info    0x00000000000057c2      0xa5e ./Drivers/STM32L4xx_HAL_Driver/Src/stm32l4xx_hal_pwr_ex.o
 .debug_info    0x0000000000006220      0xe19 ./Drivers/STM32L4xx_HAL_Driver/Src/stm32l4xx_hal_rcc.o
 .debug_info    0x0000000000007039     0x120d ./Drivers/STM32L4xx_HAL_Driver/Src/stm32l4xx_hal_rcc_ex.o
 .debug_info    0x0000000000008246     0x1ac6 ./Drivers/STM32L4xx_HAL_Driver/Src/stm32l4xx_ll_usb.o
 .debug_info    0x0000000000009d0c     0x11ea ./Middlewares/ST/STM32_USB_Device_Library/Class/CDC/Src/usbd_cdc.o
 .debug_info    0x000000000000aef6      0xbcd ./Middlewares/ST/STM32_USB_Device_Library/Core/Src/usbd_core.o
 .debug_info    0x000000000000bac3      0xae0 ./Middlewares/ST/STM32_USB_Device_Library/Core/Src/usbd_ctlreq.o
 .debug_info    0x000000000000c5a3      0x78f ./Middlewares/ST/STM32_USB_Device_Library/Core/Src/usbd_ioreq.o
 .debug_info    0x000000000000cd32      0x71f ./USB_DEVICE/App/usb_device.o
 .debug_info    0x000000000000d451      0x973 ./USB_DEVICE/App/usbd_cdc_if.o
 .debug_info    0x000000000000ddc4      0x503 ./USB_DEVICE/App/usbd_desc.o
 .debug_info    0x000000000000e2c7     0x2154 ./USB_DEVICE/Target/usbd_conf.o

.debug_abbrev   0x0000000000000000     0x2e48
 .debug_abbrev  0x0000000000000000      0x236 ./Core/Src/main.o
 .debug_abbrev  0x0000000000000236       0xc2 ./Core/Src/stm32l4xx_hal_msp.o
 .debug_abbrev  0x00000000000002f8      0x199 ./Core/Src/stm32l4xx_it.o
 .debug_abbrev  0x0000000000000491      0x116 ./Core/Src/system_stm32l4xx.o
 .debug_abbrev  0x00000000000005a7       0x12 ./Core/Startup/startup_stm32l4r9zgyx.o
 .debug_abbrev  0x00000000000005b9      0x23a ./Drivers/STM32L4xx_HAL_Driver/Src/stm32l4xx_hal.o
 .debug_abbrev  0x00000000000007f3      0x316 ./Drivers/STM32L4xx_HAL_Driver/Src/stm32l4xx_hal_cortex.o
 .debug_abbrev  0x0000000000000b09      0x1bb ./Drivers/STM32L4xx_HAL_Driver/Src/stm32l4xx_hal_gpio.o
 .debug_abbrev  0x0000000000000cc4      0x2b4 ./Drivers/STM32L4xx_HAL_Driver/Src/stm32l4xx_hal_pcd.o
 .debug_abbrev  0x0000000000000f78      0x24a ./Drivers/STM32L4xx_HAL_Driver/Src/stm32l4xx_hal_pcd_ex.o
 .debug_abbrev  0x00000000000011c2      0x1f3 ./Drivers/STM32L4xx_HAL_Driver/Src/stm32l4xx_hal_pwr_ex.o
 .debug_abbrev  0x00000000000013b5      0x2f9 ./Drivers/STM32L4xx_HAL_Driver/Src/stm32l4xx_hal_rcc.o
 .debug_abbrev  0x00000000000016ae      0x299 ./Drivers/STM32L4xx_HAL_Driver/Src/stm32l4xx_hal_rcc_ex.o
 .debug_abbrev  0x0000000000001947      0x296 ./Drivers/STM32L4xx_HAL_Driver/Src/stm32l4xx_ll_usb.o
 .debug_abbrev  0x0000000000001bdd      0x2b5 ./Middlewares/ST/STM32_USB_Device_Library/Class/CDC/Src/usbd_cdc.o
 .debug_abbrev  0x0000000000001e92      0x23d ./Middlewares/ST/STM32_USB_Device_Library/Core/Src/usbd_core.o
 .debug_abbrev  0x00000000000020cf      0x26d ./Middlewares/ST/STM32_USB_Device_Library/Core/Src/usbd_ctlreq.o
 .debug_abbrev  0x000000000000233c      0x19b ./Middlewares/ST/STM32_USB_Device_Library/Core/Src/usbd_ioreq.o
 .debug_abbrev  0x00000000000024d7      0x19b ./USB_DEVICE/App/usb_device.o
 .debug_abbrev  0x0000000000002672      0x2ce ./USB_DEVICE/App/usbd_cdc_if.o
 .debug_abbrev  0x0000000000002940      0x1da ./USB_DEVICE/App/usbd_desc.o
 .debug_abbrev  0x0000000000002b1a      0x32e ./USB_DEVICE/Target/usbd_conf.o

.debug_aranges  0x0000000000000000      0xe18
 .debug_aranges
                0x0000000000000000       0x40 ./Core/Src/main.o
 .debug_aranges
                0x0000000000000040       0x20 ./Core/Src/stm32l4xx_hal_msp.o
 .debug_aranges
                0x0000000000000060       0x68 ./Core/Src/stm32l4xx_it.o
 .debug_aranges
                0x00000000000000c8       0x28 ./Core/Src/system_stm32l4xx.o
 .debug_aranges
                0x00000000000000f0       0x28 ./Core/Startup/startup_stm32l4r9zgyx.o
 .debug_aranges
                0x0000000000000118      0x130 ./Drivers/STM32L4xx_HAL_Driver/Src/stm32l4xx_hal.o
 .debug_aranges
                0x0000000000000248      0x118 ./Drivers/STM32L4xx_HAL_Driver/Src/stm32l4xx_hal_cortex.o
 .debug_aranges
                0x0000000000000360       0x58 ./Drivers/STM32L4xx_HAL_Driver/Src/stm32l4xx_hal_gpio.o
 .debug_aranges
                0x00000000000003b8      0x138 ./Drivers/STM32L4xx_HAL_Driver/Src/stm32l4xx_hal_pcd.o
 .debug_aranges
                0x00000000000004f0       0x60 ./Drivers/STM32L4xx_HAL_Driver/Src/stm32l4xx_hal_pcd_ex.o
 .debug_aranges
                0x0000000000000550      0x170 ./Drivers/STM32L4xx_HAL_Driver/Src/stm32l4xx_hal_pwr_ex.o
 .debug_aranges
                0x00000000000006c0       0x98 ./Drivers/STM32L4xx_HAL_Driver/Src/stm32l4xx_hal_rcc.o
 .debug_aranges
                0x0000000000000758      0x110 ./Drivers/STM32L4xx_HAL_Driver/Src/stm32l4xx_hal_rcc_ex.o
 .debug_aranges
                0x0000000000000868      0x1a0 ./Drivers/STM32L4xx_HAL_Driver/Src/stm32l4xx_ll_usb.o
 .debug_aranges
                0x0000000000000a08       0x90 ./Middlewares/ST/STM32_USB_Device_Library/Class/CDC/Src/usbd_cdc.o
 .debug_aranges
                0x0000000000000a98       0xb8 ./Middlewares/ST/STM32_USB_Device_Library/Core/Src/usbd_core.o
 .debug_aranges
                0x0000000000000b50       0x90 ./Middlewares/ST/STM32_USB_Device_Library/Core/Src/usbd_ctlreq.o
 .debug_aranges
                0x0000000000000be0       0x50 ./Middlewares/ST/STM32_USB_Device_Library/Core/Src/usbd_ioreq.o
 .debug_aranges
                0x0000000000000c30       0x20 ./USB_DEVICE/App/usb_device.o
 .debug_aranges
                0x0000000000000c50       0x48 ./USB_DEVICE/App/usbd_cdc_if.o
 .debug_aranges
                0x0000000000000c98       0x68 ./USB_DEVICE/App/usbd_desc.o
 .debug_aranges
                0x0000000000000d00      0x118 ./USB_DEVICE/Target/usbd_conf.o

.debug_ranges   0x0000000000000000      0xcc0
 .debug_ranges  0x0000000000000000       0x30 ./Core/Src/main.o
 .debug_ranges  0x0000000000000030       0x10 ./Core/Src/stm32l4xx_hal_msp.o
 .debug_ranges  0x0000000000000040       0x58 ./Core/Src/stm32l4xx_it.o
 .debug_ranges  0x0000000000000098       0x18 ./Core/Src/system_stm32l4xx.o
 .debug_ranges  0x00000000000000b0       0x20 ./Core/Startup/startup_stm32l4r9zgyx.o
 .debug_ranges  0x00000000000000d0      0x120 ./Drivers/STM32L4xx_HAL_Driver/Src/stm32l4xx_hal.o
 .debug_ranges  0x00000000000001f0      0x108 ./Drivers/STM32L4xx_HAL_Driver/Src/stm32l4xx_hal_cortex.o
 .debug_ranges  0x00000000000002f8       0x48 ./Drivers/STM32L4xx_HAL_Driver/Src/stm32l4xx_hal_gpio.o
 .debug_ranges  0x0000000000000340      0x128 ./Drivers/STM32L4xx_HAL_Driver/Src/stm32l4xx_hal_pcd.o
 .debug_ranges  0x0000000000000468       0x50 ./Drivers/STM32L4xx_HAL_Driver/Src/stm32l4xx_hal_pcd_ex.o
 .debug_ranges  0x00000000000004b8      0x160 ./Drivers/STM32L4xx_HAL_Driver/Src/stm32l4xx_hal_pwr_ex.o
 .debug_ranges  0x0000000000000618       0x88 ./Drivers/STM32L4xx_HAL_Driver/Src/stm32l4xx_hal_rcc.o
 .debug_ranges  0x00000000000006a0      0x100 ./Drivers/STM32L4xx_HAL_Driver/Src/stm32l4xx_hal_rcc_ex.o
 .debug_ranges  0x00000000000007a0      0x190 ./Drivers/STM32L4xx_HAL_Driver/Src/stm32l4xx_ll_usb.o
 .debug_ranges  0x0000000000000930       0x80 ./Middlewares/ST/STM32_USB_Device_Library/Class/CDC/Src/usbd_cdc.o
 .debug_ranges  0x00000000000009b0       0xa8 ./Middlewares/ST/STM32_USB_Device_Library/Core/Src/usbd_core.o
 .debug_ranges  0x0000000000000a58       0x80 ./Middlewares/ST/STM32_USB_Device_Library/Core/Src/usbd_ctlreq.o
 .debug_ranges  0x0000000000000ad8       0x40 ./Middlewares/ST/STM32_USB_Device_Library/Core/Src/usbd_ioreq.o
 .debug_ranges  0x0000000000000b18       0x10 ./USB_DEVICE/App/usb_device.o
 .debug_ranges  0x0000000000000b28       0x38 ./USB_DEVICE/App/usbd_cdc_if.o
 .debug_ranges  0x0000000000000b60       0x58 ./USB_DEVICE/App/usbd_desc.o
 .debug_ranges  0x0000000000000bb8      0x108 ./USB_DEVICE/Target/usbd_conf.o

.debug_macro    0x0000000000000000    0x31fcd
 .debug_macro   0x0000000000000000      0x3d8 ./Core/Src/main.o
 .debug_macro   0x00000000000003d8      0xa78 ./Core/Src/main.o
 .debug_macro   0x0000000000000e50      0x1a7 ./Core/Src/main.o
 .debug_macro   0x0000000000000ff7       0x2e ./Core/Src/main.o
 .debug_macro   0x0000000000001025       0x28 ./Core/Src/main.o
 .debug_macro   0x000000000000104d       0x22 ./Core/Src/main.o
 .debug_macro   0x000000000000106f       0x8e ./Core/Src/main.o
 .debug_macro   0x00000000000010fd       0x51 ./Core/Src/main.o
 .debug_macro   0x000000000000114e      0x103 ./Core/Src/main.o
 .debug_macro   0x0000000000001251       0x6a ./Core/Src/main.o
 .debug_macro   0x00000000000012bb      0x1df ./Core/Src/main.o
 .debug_macro   0x000000000000149a       0x1c ./Core/Src/main.o
 .debug_macro   0x00000000000014b6       0x22 ./Core/Src/main.o
 .debug_macro   0x00000000000014d8       0xfb ./Core/Src/main.o
 .debug_macro   0x00000000000015d3     0x1011 ./Core/Src/main.o
 .debug_macro   0x00000000000025e4      0x11f ./Core/Src/main.o
 .debug_macro   0x0000000000002703    0x22e83 ./Core/Src/main.o
 .debug_macro   0x0000000000025586       0x6d ./Core/Src/main.o
 .debug_macro   0x00000000000255f3     0x38ed ./Core/Src/main.o
 .debug_macro   0x0000000000028ee0      0x174 ./Core/Src/main.o
 .debug_macro   0x0000000000029054       0x5c ./Core/Src/main.o
 .debug_macro   0x00000000000290b0     0x1956 ./Core/Src/main.o
 .debug_macro   0x000000000002aa06      0x83e ./Core/Src/main.o
 .debug_macro   0x000000000002b244      0x1b9 ./Core/Src/main.o
 .debug_macro   0x000000000002b3fd      0x225 ./Core/Src/main.o
 .debug_macro   0x000000000002b622      0x486 ./Core/Src/main.o
 .debug_macro   0x000000000002baa8      0x1ce ./Core/Src/main.o
 .debug_macro   0x000000000002bc76       0x43 ./Core/Src/main.o
 .debug_macro   0x000000000002bcb9      0x23d ./Core/Src/main.o
 .debug_macro   0x000000000002bef6      0x241 ./Core/Src/main.o
 .debug_macro   0x000000000002c137      0x416 ./Core/Src/main.o
 .debug_macro   0x000000000002c54d       0x1c ./Core/Src/main.o
 .debug_macro   0x000000000002c569       0xf2 ./Core/Src/main.o
 .debug_macro   0x000000000002c65b      0x22c ./Core/Src/main.o
 .debug_macro   0x000000000002c887       0x61 ./Core/Src/main.o
 .debug_macro   0x000000000002c8e8       0xa5 ./Core/Src/main.o
 .debug_macro   0x000000000002c98d      0x1f4 ./Core/Src/main.o
 .debug_macro   0x000000000002cb81       0x97 ./Core/Src/main.o
 .debug_macro   0x000000000002cc18      0x122 ./Core/Src/main.o
 .debug_macro   0x000000000002cd3a      0x3f6 ./Core/Src/main.o
 .debug_macro   0x000000000002d130      0x432 ./Core/Src/main.o
 .debug_macro   0x000000000002d562       0x52 ./Core/Src/main.o
 .debug_macro   0x000000000002d5b4       0x1e ./Core/Src/main.o
 .debug_macro   0x000000000002d5d2       0x3c ./Core/Src/main.o
 .debug_macro   0x000000000002d60e       0x34 ./Core/Src/main.o
 .debug_macro   0x000000000002d642       0x16 ./Core/Src/main.o
 .debug_macro   0x000000000002d658       0x35 ./Core/Src/main.o
 .debug_macro   0x000000000002d68d      0x341 ./Core/Src/main.o
 .debug_macro   0x000000000002d9ce       0x10 ./Core/Src/main.o
 .debug_macro   0x000000000002d9de       0x16 ./Core/Src/main.o
 .debug_macro   0x000000000002d9f4       0x43 ./Core/Src/main.o
 .debug_macro   0x000000000002da37       0x34 ./Core/Src/main.o
 .debug_macro   0x000000000002da6b       0x10 ./Core/Src/main.o
 .debug_macro   0x000000000002da7b       0x58 ./Core/Src/main.o
 .debug_macro   0x000000000002dad3       0x71 ./Core/Src/main.o
 .debug_macro   0x000000000002db44       0x1c ./Core/Src/main.o
 .debug_macro   0x000000000002db60      0x12a ./Core/Src/main.o
 .debug_macro   0x000000000002dc8a       0x10 ./Core/Src/main.o
 .debug_macro   0x000000000002dc9a       0x1c ./Core/Src/main.o
 .debug_macro   0x000000000002dcb6       0x52 ./Core/Src/main.o
 .debug_macro   0x000000000002dd08       0x22 ./Core/Src/main.o
 .debug_macro   0x000000000002dd2a       0x10 ./Core/Src/main.o
 .debug_macro   0x000000000002dd3a       0x52 ./Core/Src/main.o
 .debug_macro   0x000000000002dd8c       0xd5 ./Core/Src/main.o
 .debug_macro   0x000000000002de61       0x1c ./Core/Src/main.o
 .debug_macro   0x000000000002de7d       0x3d ./Core/Src/main.o
 .debug_macro   0x000000000002deba       0x16 ./Core/Src/main.o
 .debug_macro   0x000000000002ded0      0x145 ./Core/Src/main.o
 .debug_macro   0x000000000002e015       0x16 ./Core/Src/main.o
 .debug_macro   0x000000000002e02b       0x16 ./Core/Src/main.o
 .debug_macro   0x000000000002e041       0x29 ./Core/Src/main.o
 .debug_macro   0x000000000002e06a       0x16 ./Core/Src/main.o
 .debug_macro   0x000000000002e080       0x20 ./Core/Src/main.o
 .debug_macro   0x000000000002e0a0       0x5f ./Core/Src/main.o
 .debug_macro   0x000000000002e0ff      0x1ef ./Core/Src/main.o
 .debug_macro   0x000000000002e2ee      0x1ed ./Core/Src/stm32l4xx_hal_msp.o
 .debug_macro   0x000000000002e4db      0x1f7 ./Core/Src/stm32l4xx_it.o
 .debug_macro   0x000000000002e6d2      0x1e3 ./Core/Src/system_stm32l4xx.o
 .debug_macro   0x000000000002e8b5      0x231 ./Drivers/STM32L4xx_HAL_Driver/Src/stm32l4xx_hal.o
 .debug_macro   0x000000000002eae6      0x1e3 ./Drivers/STM32L4xx_HAL_Driver/Src/stm32l4xx_hal_cortex.o
 .debug_macro   0x000000000002ecc9      0x1ea ./Drivers/STM32L4xx_HAL_Driver/Src/stm32l4xx_hal_gpio.o
 .debug_macro   0x000000000002eeb3      0x1ef ./Drivers/STM32L4xx_HAL_Driver/Src/stm32l4xx_hal_pcd.o
 .debug_macro   0x000000000002f0a2      0x1e3 ./Drivers/STM32L4xx_HAL_Driver/Src/stm32l4xx_hal_pcd_ex.o
 .debug_macro   0x000000000002f285      0x20d ./Drivers/STM32L4xx_HAL_Driver/Src/stm32l4xx_hal_pwr_ex.o
 .debug_macro   0x000000000002f492      0x225 ./Drivers/STM32L4xx_HAL_Driver/Src/stm32l4xx_hal_rcc.o
 .debug_macro   0x000000000002f6b7      0x219 ./Drivers/STM32L4xx_HAL_Driver/Src/stm32l4xx_hal_rcc_ex.o
 .debug_macro   0x000000000002f8d0      0x1e3 ./Drivers/STM32L4xx_HAL_Driver/Src/stm32l4xx_ll_usb.o
 .debug_macro   0x000000000002fab3      0x403 ./Middlewares/ST/STM32_USB_Device_Library/Class/CDC/Src/usbd_cdc.o
 .debug_macro   0x000000000002feb6       0x97 ./Middlewares/ST/STM32_USB_Device_Library/Class/CDC/Src/usbd_cdc.o
 .debug_macro   0x000000000002ff4d       0xfd ./Middlewares/ST/STM32_USB_Device_Library/Class/CDC/Src/usbd_cdc.o
 .debug_macro   0x000000000003004a       0x56 ./Middlewares/ST/STM32_USB_Device_Library/Class/CDC/Src/usbd_cdc.o
 .debug_macro   0x00000000000300a0       0x95 ./Middlewares/ST/STM32_USB_Device_Library/Class/CDC/Src/usbd_cdc.o
 .debug_macro   0x0000000000030135      0x3ea ./Middlewares/ST/STM32_USB_Device_Library/Core/Src/usbd_core.o
 .debug_macro   0x000000000003051f      0x1f5 ./Middlewares/ST/STM32_USB_Device_Library/Core/Src/usbd_core.o
 .debug_macro   0x0000000000030714      0x3f4 ./Middlewares/ST/STM32_USB_Device_Library/Core/Src/usbd_ctlreq.o
 .debug_macro   0x0000000000030b08      0x3f0 ./Middlewares/ST/STM32_USB_Device_Library/Core/Src/usbd_ioreq.o
 .debug_macro   0x0000000000030ef8      0x429 ./USB_DEVICE/App/usb_device.o
 .debug_macro   0x0000000000031321       0x22 ./USB_DEVICE/App/usb_device.o
 .debug_macro   0x0000000000031343       0x16 ./USB_DEVICE/App/usb_device.o
 .debug_macro   0x0000000000031359      0x40e ./USB_DEVICE/App/usbd_cdc_if.o
 .debug_macro   0x0000000000031767       0x10 ./USB_DEVICE/App/usbd_cdc_if.o
 .debug_macro   0x0000000000031777      0x42d ./USB_DEVICE/App/usbd_desc.o
 .debug_macro   0x0000000000031ba4       0x1c ./USB_DEVICE/App/usbd_desc.o
 .debug_macro   0x0000000000031bc0      0x40d ./USB_DEVICE/Target/usbd_conf.o

.debug_line     0x0000000000000000    0x11770
 .debug_line    0x0000000000000000      0xa62 ./Core/Src/main.o
 .debug_line    0x0000000000000a62      0x6f2 ./Core/Src/stm32l4xx_hal_msp.o
 .debug_line    0x0000000000001154      0x7cd ./Core/Src/stm32l4xx_it.o
 .debug_line    0x0000000000001921      0x78a ./Core/Src/system_stm32l4xx.o
 .debug_line    0x00000000000020ab       0x88 ./Core/Startup/startup_stm32l4r9zgyx.o
 .debug_line    0x0000000000002133      0xae2 ./Drivers/STM32L4xx_HAL_Driver/Src/stm32l4xx_hal.o
 .debug_line    0x0000000000002c15      0xc89 ./Drivers/STM32L4xx_HAL_Driver/Src/stm32l4xx_hal_cortex.o
 .debug_line    0x000000000000389e      0xb3e ./Drivers/STM32L4xx_HAL_Driver/Src/stm32l4xx_hal_gpio.o
 .debug_line    0x00000000000043dc     0x1304 ./Drivers/STM32L4xx_HAL_Driver/Src/stm32l4xx_hal_pcd.o
 .debug_line    0x00000000000056e0      0x8c2 ./Drivers/STM32L4xx_HAL_Driver/Src/stm32l4xx_hal_pcd_ex.o
 .debug_line    0x0000000000005fa2      0xd4f ./Drivers/STM32L4xx_HAL_Driver/Src/stm32l4xx_hal_pwr_ex.o
 .debug_line    0x0000000000006cf1     0x1036 ./Drivers/STM32L4xx_HAL_Driver/Src/stm32l4xx_hal_rcc.o
 .debug_line    0x0000000000007d27     0x1974 ./Drivers/STM32L4xx_HAL_Driver/Src/stm32l4xx_hal_rcc_ex.o
 .debug_line    0x000000000000969b     0x1937 ./Drivers/STM32L4xx_HAL_Driver/Src/stm32l4xx_ll_usb.o
 .debug_line    0x000000000000afd2      0xdbf ./Middlewares/ST/STM32_USB_Device_Library/Class/CDC/Src/usbd_cdc.o
 .debug_line    0x000000000000bd91      0xe42 ./Middlewares/ST/STM32_USB_Device_Library/Core/Src/usbd_core.o
 .debug_line    0x000000000000cbd3     0x10e2 ./Middlewares/ST/STM32_USB_Device_Library/Core/Src/usbd_ctlreq.o
 .debug_line    0x000000000000dcb5      0xa99 ./Middlewares/ST/STM32_USB_Device_Library/Core/Src/usbd_ioreq.o
 .debug_line    0x000000000000e74e      0xa55 ./USB_DEVICE/App/usb_device.o
 .debug_line    0x000000000000f1a3      0xaba ./USB_DEVICE/App/usbd_cdc_if.o
 .debug_line    0x000000000000fc5d      0xb39 ./USB_DEVICE/App/usbd_desc.o
 .debug_line    0x0000000000010796      0xfda ./USB_DEVICE/Target/usbd_conf.o

.debug_str      0x0000000000000000   0x11c8c9
 .debug_str     0x0000000000000000   0x118083 ./Core/Src/main.o
                                     0x118392 (size before relaxing)
 .debug_str     0x0000000000118083       0x2c ./Core/Src/stm32l4xx_hal_msp.o
                                     0x1138a2 (size before relaxing)
 .debug_str     0x00000000001180af      0x4d4 ./Core/Src/stm32l4xx_it.o
                                     0x113c1d (size before relaxing)
 .debug_str     0x0000000000118583       0xf2 ./Core/Src/system_stm32l4xx.o
                                     0x113969 (size before relaxing)
 .debug_str     0x0000000000118675       0x36 ./Core/Startup/startup_stm32l4r9zgyx.o
                                         0x55 (size before relaxing)
 .debug_str     0x00000000001186ab      0xae2 ./Drivers/STM32L4xx_HAL_Driver/Src/stm32l4xx_hal.o
                                     0x114565 (size before relaxing)
 .debug_str     0x000000000011918d      0x350 ./Drivers/STM32L4xx_HAL_Driver/Src/stm32l4xx_hal_cortex.o
                                     0x1141f4 (size before relaxing)
 .debug_str     0x00000000001194dd      0x1d4 ./Drivers/STM32L4xx_HAL_Driver/Src/stm32l4xx_hal_gpio.o
                                     0x113ae3 (size before relaxing)
 .debug_str     0x00000000001196b1      0x81b ./Drivers/STM32L4xx_HAL_Driver/Src/stm32l4xx_hal_pcd.o
                                     0x1143bf (size before relaxing)
 .debug_str     0x0000000000119ecc      0x174 ./Drivers/STM32L4xx_HAL_Driver/Src/stm32l4xx_hal_pcd_ex.o
                                     0x113d7c (size before relaxing)
 .debug_str     0x000000000011a040      0x57a ./Drivers/STM32L4xx_HAL_Driver/Src/stm32l4xx_hal_pwr_ex.o
                                     0x113f3c (size before relaxing)
 .debug_str     0x000000000011a5ba      0x3ce ./Drivers/STM32L4xx_HAL_Driver/Src/stm32l4xx_hal_rcc.o
                                     0x113fdc (size before relaxing)
 .debug_str     0x000000000011a988      0x892 ./Drivers/STM32L4xx_HAL_Driver/Src/stm32l4xx_hal_rcc_ex.o
                                     0x1143c2 (size before relaxing)
 .debug_str     0x000000000011b21a      0x44d ./Drivers/STM32L4xx_HAL_Driver/Src/stm32l4xx_ll_usb.o
                                     0x114263 (size before relaxing)
 .debug_str     0x000000000011b667      0x9b5 ./Middlewares/ST/STM32_USB_Device_Library/Class/CDC/Src/usbd_cdc.o
                                     0x118e48 (size before relaxing)
 .debug_str     0x000000000011c01c      0x281 ./Middlewares/ST/STM32_USB_Device_Library/Core/Src/usbd_core.o
                                     0x1186b4 (size before relaxing)
 .debug_str     0x000000000011c29d      0x13e ./Middlewares/ST/STM32_USB_Device_Library/Core/Src/usbd_ctlreq.o
                                     0x118606 (size before relaxing)
 .debug_str     0x000000000011c3db       0x51 ./Middlewares/ST/STM32_USB_Device_Library/Core/Src/usbd_ioreq.o
                                     0x1184fb (size before relaxing)
 .debug_str     0x000000000011c42c      0x105 ./USB_DEVICE/App/usb_device.o
                                     0x1188ae (size before relaxing)
 .debug_str     0x000000000011c531       0x91 ./USB_DEVICE/App/usbd_cdc_if.o
                                     0x11890e (size before relaxing)
 .debug_str     0x000000000011c5c2      0x28f ./USB_DEVICE/App/usbd_desc.o
                                     0x11843f (size before relaxing)
 .debug_str     0x000000000011c851       0x78 ./USB_DEVICE/Target/usbd_conf.o
                                     0x119b7c (size before relaxing)

.comment        0x0000000000000000       0x50
 .comment       0x0000000000000000       0x50 ./Core/Src/main.o
                                         0x51 (size before relaxing)
 .comment       0x0000000000000050       0x51 ./Core/Src/stm32l4xx_hal_msp.o
 .comment       0x0000000000000050       0x51 ./Core/Src/stm32l4xx_it.o
 .comment       0x0000000000000050       0x51 ./Core/Src/system_stm32l4xx.o
 .comment       0x0000000000000050       0x51 ./Drivers/STM32L4xx_HAL_Driver/Src/stm32l4xx_hal.o
 .comment       0x0000000000000050       0x51 ./Drivers/STM32L4xx_HAL_Driver/Src/stm32l4xx_hal_cortex.o
 .comment       0x0000000000000050       0x51 ./Drivers/STM32L4xx_HAL_Driver/Src/stm32l4xx_hal_gpio.o
 .comment       0x0000000000000050       0x51 ./Drivers/STM32L4xx_HAL_Driver/Src/stm32l4xx_hal_pcd.o
 .comment       0x0000000000000050       0x51 ./Drivers/STM32L4xx_HAL_Driver/Src/stm32l4xx_hal_pcd_ex.o
 .comment       0x0000000000000050       0x51 ./Drivers/STM32L4xx_HAL_Driver/Src/stm32l4xx_hal_pwr_ex.o
 .comment       0x0000000000000050       0x51 ./Drivers/STM32L4xx_HAL_Driver/Src/stm32l4xx_hal_rcc.o
 .comment       0x0000000000000050       0x51 ./Drivers/STM32L4xx_HAL_Driver/Src/stm32l4xx_hal_rcc_ex.o
 .comment       0x0000000000000050       0x51 ./Drivers/STM32L4xx_HAL_Driver/Src/stm32l4xx_ll_usb.o
 .comment       0x0000000000000050       0x51 ./Middlewares/ST/STM32_USB_Device_Library/Class/CDC/Src/usbd_cdc.o
 .comment       0x0000000000000050       0x51 ./Middlewares/ST/STM32_USB_Device_Library/Core/Src/usbd_core.o
 .comment       0x0000000000000050       0x51 ./Middlewares/ST/STM32_USB_Device_Library/Core/Src/usbd_ctlreq.o
 .comment       0x0000000000000050       0x51 ./Middlewares/ST/STM32_USB_Device_Library/Core/Src/usbd_ioreq.o
 .comment       0x0000000000000050       0x51 ./USB_DEVICE/App/usb_device.o
 .comment       0x0000000000000050       0x51 ./USB_DEVICE/App/usbd_cdc_if.o
 .comment       0x0000000000000050       0x51 ./USB_DEVICE/App/usbd_desc.o
 .comment       0x0000000000000050       0x51 ./USB_DEVICE/Target/usbd_conf.o

.debug_frame    0x0000000000000000     0x37e8
 .debug_frame   0x0000000000000000       0xb4 ./Core/Src/main.o
 .debug_frame   0x00000000000000b4       0x38 ./Core/Src/stm32l4xx_hal_msp.o
 .debug_frame   0x00000000000000ec      0x120 ./Core/Src/stm32l4xx_it.o
 .debug_frame   0x000000000000020c       0x58 ./Core/Src/system_stm32l4xx.o
 .debug_frame   0x0000000000000264      0x498 ./Drivers/STM32L4xx_HAL_Driver/Src/stm32l4xx_hal.o
 .debug_frame   0x00000000000006fc      0x498 ./Drivers/STM32L4xx_HAL_Driver/Src/stm32l4xx_hal_cortex.o
 .debug_frame   0x0000000000000b94      0x14c ./Drivers/STM32L4xx_HAL_Driver/Src/stm32l4xx_hal_gpio.o
 .debug_frame   0x0000000000000ce0      0x568 ./Drivers/STM32L4xx_HAL_Driver/Src/stm32l4xx_hal_pcd.o
 .debug_frame   0x0000000000001248      0x174 ./Drivers/STM32L4xx_HAL_Driver/Src/stm32l4xx_hal_pcd_ex.o
 .debug_frame   0x00000000000013bc      0x5c4 ./Drivers/STM32L4xx_HAL_Driver/Src/stm32l4xx_hal_pwr_ex.o
 .debug_frame   0x0000000000001980      0x248 ./Drivers/STM32L4xx_HAL_Driver/Src/stm32l4xx_hal_rcc.o
 .debug_frame   0x0000000000001bc8      0x464 ./Drivers/STM32L4xx_HAL_Driver/Src/stm32l4xx_hal_rcc_ex.o
 .debug_frame   0x000000000000202c      0x7bc ./Drivers/STM32L4xx_HAL_Driver/Src/stm32l4xx_ll_usb.o
 .debug_frame   0x00000000000027e8      0x248 ./Middlewares/ST/STM32_USB_Device_Library/Class/CDC/Src/usbd_cdc.o
 .debug_frame   0x0000000000002a30      0x2f4 ./Middlewares/ST/STM32_USB_Device_Library/Core/Src/usbd_core.o
 .debug_frame   0x0000000000002d24      0x23c ./Middlewares/ST/STM32_USB_Device_Library/Core/Src/usbd_ctlreq.o
 .debug_frame   0x0000000000002f60      0x10c ./Middlewares/ST/STM32_USB_Device_Library/Core/Src/usbd_ioreq.o
 .debug_frame   0x000000000000306c       0x2c ./USB_DEVICE/App/usb_device.o
 .debug_frame   0x0000000000003098       0xe4 ./USB_DEVICE/App/usbd_cdc_if.o
 .debug_frame   0x000000000000317c      0x188 ./USB_DEVICE/App/usbd_desc.o
 .debug_frame   0x0000000000003304      0x498 ./USB_DEVICE/Target/usbd_conf.o
 .debug_frame   0x000000000000379c       0x2c c:/st/stm32cubeide_1.11.0/stm32cubeide/plugins/com.st.stm32cube.ide.mcu.externaltools.gnu-tools-for-stm32.10.3-2021.10.win32_1.0.100.202210260954/tools/bin/../lib/gcc/arm-none-eabi/10.3.1/../../../../arm-none-eabi/lib/thumb/v7e-m+fp/hard\libc_nano.a(lib_a-init.o)
 .debug_frame   0x00000000000037c8       0x20 c:/st/stm32cubeide_1.11.0/stm32cubeide/plugins/com.st.stm32cube.ide.mcu.externaltools.gnu-tools-for-stm32.10.3-2021.10.win32_1.0.100.202210260954/tools/bin/../lib/gcc/arm-none-eabi/10.3.1/../../../../arm-none-eabi/lib/thumb/v7e-m+fp/hard\libc_nano.a(lib_a-memset.o)
