Archive member included to satisfy reference by file (symbol)

c:/st/stm32cubeide_1.11.0/stm32cubeide/plugins/com.st.stm32cube.ide.mcu.externaltools.gnu-tools-for-stm32.10.3-2021.10.win32_1.0.100.202210260954/tools/bin/../lib/gcc/arm-none-eabi/10.3.1/../../../../arm-none-eabi/lib/thumb/v7e-m+fp/hard\libc_nano.a(lib_a-errno.o)
                              ./Core/Src/syscalls.o (__errno)
c:/st/stm32cubeide_1.11.0/stm32cubeide/plugins/com.st.stm32cube.ide.mcu.externaltools.gnu-tools-for-stm32.10.3-2021.10.win32_1.0.100.202210260954/tools/bin/../lib/gcc/arm-none-eabi/10.3.1/../../../../arm-none-eabi/lib/thumb/v7e-m+fp/hard\libc_nano.a(lib_a-exit.o)
                              c:/st/stm32cubeide_1.11.0/stm32cubeide/plugins/com.st.stm32cube.ide.mcu.externaltools.gnu-tools-for-stm32.10.3-2021.10.win32_1.0.100.202210260954/tools/bin/../lib/gcc/arm-none-eabi/10.3.1/../../../../arm-none-eabi/lib/thumb/v7e-m+fp/hard/crt0.o (exit)
c:/st/stm32cubeide_1.11.0/stm32cubeide/plugins/com.st.stm32cube.ide.mcu.externaltools.gnu-tools-for-stm32.10.3-2021.10.win32_1.0.100.202210260954/tools/bin/../lib/gcc/arm-none-eabi/10.3.1/../../../../arm-none-eabi/lib/thumb/v7e-m+fp/hard\libc_nano.a(lib_a-impure.o)
                              c:/st/stm32cubeide_1.11.0/stm32cubeide/plugins/com.st.stm32cube.ide.mcu.externaltools.gnu-tools-for-stm32.10.3-2021.10.win32_1.0.100.202210260954/tools/bin/../lib/gcc/arm-none-eabi/10.3.1/../../../../arm-none-eabi/lib/thumb/v7e-m+fp/hard\libc_nano.a(lib_a-exit.o) (_global_impure_ptr)
c:/st/stm32cubeide_1.11.0/stm32cubeide/plugins/com.st.stm32cube.ide.mcu.externaltools.gnu-tools-for-stm32.10.3-2021.10.win32_1.0.100.202210260954/tools/bin/../lib/gcc/arm-none-eabi/10.3.1/../../../../arm-none-eabi/lib/thumb/v7e-m+fp/hard\libc_nano.a(lib_a-init.o)
                              c:/st/stm32cubeide_1.11.0/stm32cubeide/plugins/com.st.stm32cube.ide.mcu.externaltools.gnu-tools-for-stm32.10.3-2021.10.win32_1.0.100.202210260954/tools/bin/../lib/gcc/arm-none-eabi/10.3.1/../../../../arm-none-eabi/lib/thumb/v7e-m+fp/hard/crt0.o (__libc_init_array)
c:/st/stm32cubeide_1.11.0/stm32cubeide/plugins/com.st.stm32cube.ide.mcu.externaltools.gnu-tools-for-stm32.10.3-2021.10.win32_1.0.100.202210260954/tools/bin/../lib/gcc/arm-none-eabi/10.3.1/../../../../arm-none-eabi/lib/thumb/v7e-m+fp/hard\libc_nano.a(lib_a-memset.o)
                              c:/st/stm32cubeide_1.11.0/stm32cubeide/plugins/com.st.stm32cube.ide.mcu.externaltools.gnu-tools-for-stm32.10.3-2021.10.win32_1.0.100.202210260954/tools/bin/../lib/gcc/arm-none-eabi/10.3.1/../../../../arm-none-eabi/lib/thumb/v7e-m+fp/hard/crt0.o (memset)

Discarded input sections

 .text          0x0000000000000000        0x0 c:/st/stm32cubeide_1.11.0/stm32cubeide/plugins/com.st.stm32cube.ide.mcu.externaltools.gnu-tools-for-stm32.10.3-2021.10.win32_1.0.100.202210260954/tools/bin/../lib/gcc/arm-none-eabi/10.3.1/thumb/v7e-m+fp/hard/crti.o
 .data          0x0000000000000000        0x0 c:/st/stm32cubeide_1.11.0/stm32cubeide/plugins/com.st.stm32cube.ide.mcu.externaltools.gnu-tools-for-stm32.10.3-2021.10.win32_1.0.100.202210260954/tools/bin/../lib/gcc/arm-none-eabi/10.3.1/thumb/v7e-m+fp/hard/crti.o
 .bss           0x0000000000000000        0x0 c:/st/stm32cubeide_1.11.0/stm32cubeide/plugins/com.st.stm32cube.ide.mcu.externaltools.gnu-tools-for-stm32.10.3-2021.10.win32_1.0.100.202210260954/tools/bin/../lib/gcc/arm-none-eabi/10.3.1/thumb/v7e-m+fp/hard/crti.o
 .data          0x0000000000000000        0x4 c:/st/stm32cubeide_1.11.0/stm32cubeide/plugins/com.st.stm32cube.ide.mcu.externaltools.gnu-tools-for-stm32.10.3-2021.10.win32_1.0.100.202210260954/tools/bin/../lib/gcc/arm-none-eabi/10.3.1/thumb/v7e-m+fp/hard/crtbegin.o
 .rodata        0x0000000000000000       0x24 c:/st/stm32cubeide_1.11.0/stm32cubeide/plugins/com.st.stm32cube.ide.mcu.externaltools.gnu-tools-for-stm32.10.3-2021.10.win32_1.0.100.202210260954/tools/bin/../lib/gcc/arm-none-eabi/10.3.1/thumb/v7e-m+fp/hard/crtbegin.o
 .text          0x0000000000000000       0x7c c:/st/stm32cubeide_1.11.0/stm32cubeide/plugins/com.st.stm32cube.ide.mcu.externaltools.gnu-tools-for-stm32.10.3-2021.10.win32_1.0.100.202210260954/tools/bin/../lib/gcc/arm-none-eabi/10.3.1/../../../../arm-none-eabi/lib/thumb/v7e-m+fp/hard/crt0.o
 .data          0x0000000000000000        0x0 c:/st/stm32cubeide_1.11.0/stm32cubeide/plugins/com.st.stm32cube.ide.mcu.externaltools.gnu-tools-for-stm32.10.3-2021.10.win32_1.0.100.202210260954/tools/bin/../lib/gcc/arm-none-eabi/10.3.1/../../../../arm-none-eabi/lib/thumb/v7e-m+fp/hard/crt0.o
 .bss           0x0000000000000000        0x0 c:/st/stm32cubeide_1.11.0/stm32cubeide/plugins/com.st.stm32cube.ide.mcu.externaltools.gnu-tools-for-stm32.10.3-2021.10.win32_1.0.100.202210260954/tools/bin/../lib/gcc/arm-none-eabi/10.3.1/../../../../arm-none-eabi/lib/thumb/v7e-m+fp/hard/crt0.o
[...]
Memory Configuration

Name             Origin             Length             Attributes
RAM              0x0000000020000000 0x00000000000a0000 xrw
RAM2             0x0000000010000000 0x0000000000010000 xrw
RAM3             0x0000000020040000 0x0000000000060000 xrw
FLASH            0x0000000008100000 0x0000000000080000 xr
FW               0x0000000008108fff 0x0000000000080000 xr
*default*        0x0000000000000000 0xffffffffffffffff

Linker script and memory map

LOAD c:/st/stm32cubeide_1.11.0/stm32cubeide/plugins/com.st.stm32cube.ide.mcu.externaltools.gnu-tools-for-stm32.10.3-2021.10.win32_1.0.100.202210260954/tools/bin/../lib/gcc/arm-none-eabi/10.3.1/thumb/v7e-m+fp/hard/crti.o
LOAD c:/st/stm32cubeide_1.11.0/stm32cubeide/plugins/com.st.stm32cube.ide.mcu.externaltools.gnu-tools-for-stm32.10.3-2021.10.win32_1.0.100.202210260954/tools/bin/../lib/gcc/arm-none-eabi/10.3.1/thumb/v7e-m+fp/hard/crtbegin.o
LOAD c:/st/stm32cubeide_1.11.0/stm32cubeide/plugins/com.st.stm32cube.ide.mcu.externaltools.gnu-tools-for-stm32.10.3-2021.10.win32_1.0.100.202210260954/tools/bin/../lib/gcc/arm-none-eabi/10.3.1/../../../../arm-none-eabi/lib/thumb/v7e-m+fp/hard/crt0.o
LOAD ./Core/Src/Flash.o
LOAD ./Core/Src/main.o
LOAD ./Core/Src/stm32l4xx_hal_msp.o
LOAD ./Core/Src/stm32l4xx_it.o
LOAD ./Core/Src/syscalls.o
LOAD ./Core/Src/sysmem.o
LOAD ./Core/Src/system_stm32l4xx.o
LOAD ./Core/Startup/startup_stm32l4r9zgyx.o
LOAD ./Drivers/STM32L4xx_HAL_Driver/Src/stm32l4xx_hal.o
LOAD ./Drivers/STM32L4xx_HAL_Driver/Src/stm32l4xx_hal_cortex.o
LOAD ./Drivers/STM32L4xx_HAL_Driver/Src/stm32l4xx_hal_dma.o
LOAD ./Drivers/STM32L4xx_HAL_Driver/Src/stm32l4xx_hal_dma_ex.o
LOAD ./Drivers/STM32L4xx_HAL_Driver/Src/stm32l4xx_hal_exti.o
LOAD ./Drivers/STM32L4xx_HAL_Driver/Src/stm32l4xx_hal_flash.o
LOAD ./Drivers/STM32L4xx_HAL_Driver/Src/stm32l4xx_hal_flash_ex.o
LOAD ./Drivers/STM32L4xx_HAL_Driver/Src/stm32l4xx_hal_flash_ramfunc.o
LOAD ./Drivers/STM32L4xx_HAL_Driver/Src/stm32l4xx_hal_gpio.o
LOAD ./Drivers/STM32L4xx_HAL_Driver/Src/stm32l4xx_hal_i2c.o
LOAD ./Drivers/STM32L4xx_HAL_Driver/Src/stm32l4xx_hal_i2c_ex.o
LOAD ./Drivers/STM32L4xx_HAL_Driver/Src/stm32l4xx_hal_pcd.o
LOAD ./Drivers/STM32L4xx_HAL_Driver/Src/stm32l4xx_hal_pcd_ex.o
LOAD ./Drivers/STM32L4xx_HAL_Driver/Src/stm32l4xx_hal_pwr.o
LOAD ./Drivers/STM32L4xx_HAL_Driver/Src/stm32l4xx_hal_pwr_ex.o
LOAD ./Drivers/STM32L4xx_HAL_Driver/Src/stm32l4xx_hal_rcc.o
LOAD ./Drivers/STM32L4xx_HAL_Driver/Src/stm32l4xx_hal_rcc_ex.o
LOAD ./Drivers/STM32L4xx_HAL_Driver/Src/stm32l4xx_ll_usb.o
LOAD ./Middlewares/ST/STM32_USB_Device_Library/Class/CDC/Src/usbd_cdc.o
LOAD ./Middlewares/ST/STM32_USB_Device_Library/Core/Src/usbd_core.o
LOAD ./Middlewares/ST/STM32_USB_Device_Library/Core/Src/usbd_ctlreq.o
LOAD ./Middlewares/ST/STM32_USB_Device_Library/Core/Src/usbd_ioreq.o
LOAD ./USB_DEVICE/App/usb_device.o
LOAD ./USB_DEVICE/App/usbd_cdc_if.o
LOAD ./USB_DEVICE/App/usbd_desc.o
LOAD ./USB_DEVICE/Target/usbd_conf.o
START GROUP
LOAD c:/st/stm32cubeide_1.11.0/stm32cubeide/plugins/com.st.stm32cube.ide.mcu.externaltools.gnu-tools-for-stm32.10.3-2021.10.win32_1.0.100.202210260954/tools/bin/../lib/gcc/arm-none-eabi/10.3.1/../../../../arm-none-eabi/lib/thumb/v7e-m+fp/hard\libc_nano.a
LOAD c:/st/stm32cubeide_1.11.0/stm32cubeide/plugins/com.st.stm32cube.ide.mcu.externaltools.gnu-tools-for-stm32.10.3-2021.10.win32_1.0.100.202210260954/tools/bin/../lib/gcc/arm-none-eabi/10.3.1/../../../../arm-none-eabi/lib/thumb/v7e-m+fp/hard\libm.a
END GROUP
START GROUP
LOAD c:/st/stm32cubeide_1.11.0/stm32cubeide/plugins/com.st.stm32cube.ide.mcu.externaltools.gnu-tools-for-stm32.10.3-2021.10.win32_1.0.100.202210260954/tools/bin/../lib/gcc/arm-none-eabi/10.3.1/thumb/v7e-m+fp/hard\libgcc.a
LOAD c:/st/stm32cubeide_1.11.0/stm32cubeide/plugins/com.st.stm32cube.ide.mcu.externaltools.gnu-tools-for-stm32.10.3-2021.10.win32_1.0.100.202210260954/tools/bin/../lib/gcc/arm-none-eabi/10.3.1/../../../../arm-none-eabi/lib/thumb/v7e-m+fp/hard\libc_nano.a
END GROUP
START GROUP
LOAD c:/st/stm32cubeide_1.11.0/stm32cubeide/plugins/com.st.stm32cube.ide.mcu.externaltools.gnu-tools-for-stm32.10.3-2021.10.win32_1.0.100.202210260954/tools/bin/../lib/gcc/arm-none-eabi/10.3.1/thumb/v7e-m+fp/hard\libgcc.a
LOAD c:/st/stm32cubeide_1.11.0/stm32cubeide/plugins/com.st.stm32cube.ide.mcu.externaltools.gnu-tools-for-stm32.10.3-2021.10.win32_1.0.100.202210260954/tools/bin/../lib/gcc/arm-none-eabi/10.3.1/../../../../arm-none-eabi/lib/thumb/v7e-m+fp/hard\libc_nano.a
LOAD c:/st/stm32cubeide_1.11.0/stm32cubeide/plugins/com.st.stm32cube.ide.mcu.externaltools.gnu-tools-for-stm32.10.3-2021.10.win32_1.0.100.202210260954/tools/bin/../lib/gcc/arm-none-eabi/10.3.1/../../../../arm-none-eabi/lib/thumb/v7e-m+fp/hard\libnosys.a
END GROUP
START GROUP
LOAD c:/st/stm32cubeide_1.11.0/stm32cubeide/plugins/com.st.stm32cube.ide.mcu.externaltools.gnu-tools-for-stm32.10.3-2021.10.win32_1.0.100.202210260954/tools/bin/../lib/gcc/arm-none-eabi/10.3.1/thumb/v7e-m+fp/hard\libgcc.a
LOAD c:/st/stm32cubeide_1.11.0/stm32cubeide/plugins/com.st.stm32cube.ide.mcu.externaltools.gnu-tools-for-stm32.10.3-2021.10.win32_1.0.100.202210260954/tools/bin/../lib/gcc/arm-none-eabi/10.3.1/../../../../arm-none-eabi/lib/thumb/v7e-m+fp/hard\libc_nano.a
LOAD c:/st/stm32cubeide_1.11.0/stm32cubeide/plugins/com.st.stm32cube.ide.mcu.externaltools.gnu-tools-for-stm32.10.3-2021.10.win32_1.0.100.202210260954/tools/bin/../lib/gcc/arm-none-eabi/10.3.1/../../../../arm-none-eabi/lib/thumb/v7e-m+fp/hard\libnosys.a
END GROUP
LOAD c:/st/stm32cubeide_1.11.0/stm32cubeide/plugins/com.st.stm32cube.ide.mcu.externaltools.gnu-tools-for-stm32.10.3-2021.10.win32_1.0.100.202210260954/tools/bin/../lib/gcc/arm-none-eabi/10.3.1/thumb/v7e-m+fp/hard/crtend.o
LOAD c:/st/stm32cubeide_1.11.0/stm32cubeide/plugins/com.st.stm32cube.ide.mcu.externaltools.gnu-tools-for-stm32.10.3-2021.10.win32_1.0.100.202210260954/tools/bin/../lib/gcc/arm-none-eabi/10.3.1/thumb/v7e-m+fp/hard/crtn.o
                0x00000000200a0000                _estack = (ORIGIN (RAM) + LENGTH (RAM))
                0x0000000000000200                _Min_Heap_Size = 0x200
                0x0000000000000400                _Min_Stack_Size = 0x400

.Firmware_Ver   0x0000000008109000        0xc
                0x0000000008109000                . = ALIGN (0x4)
 *(.firmware_version)
 .firmware_version
                0x0000000008109000        0xb ./Core/Src/main.o
                0x0000000008109000                Firmware_Ver
                0x000000000810900c                . = ALIGN (0x4)
 *fill*         0x000000000810900b        0x1 

.isr_vector     0x0000000008100000      0x1bc
                0x0000000008100000                . = ALIGN (0x4)
 *(.isr_vector)
 .isr_vector    0x0000000008100000      0x1bc ./Core/Startup/startup_stm32l4r9zgyx.o
                0x0000000008100000                g_pfnVectors
                0x00000000081001bc                . = ALIGN (0x4)

.text           0x00000000081001c0     0x795c
                0x00000000081001c0                . = ALIGN (0x4)
 *(.text)
 .text          0x00000000081001c0       0x40 c:/st/stm32cubeide_1.11.0/stm32cubeide/plugins/com.st.stm32cube.ide.mcu.externaltools.gnu-tools-for-stm32.10.3-2021.10.win32_1.0.100.202210260954/tools/bin/../lib/gcc/arm-none-eabi/10.3.1/thumb/v7e-m+fp/hard/crtbegin.o
 *(.text*)
 .text.FlashErase
                0x0000000008100200       0x44 ./Core/Src/Flash.o
                0x0000000008100200                FlashErase
 .text.FlashWrite
                0x0000000008100244       0x34 ./Core/Src/Flash.o
                0x0000000008100244                FlashWrite
 .text.FlashRead
                0x0000000008100278       0x1c ./Core/Src/Flash.o
                0x0000000008100278                FlashRead
 *fill*         0x0000000008100294        0x4 
 .text.main     0x0000000008100298       0x70 ./Core/Src/main.o
                0x0000000008100298                main
 .text.SystemClock_Config
                0x0000000008100308       0xa4 ./Core/Src/main.o
                0x0000000008100308                SystemClock_Config
 .text.MX_GPIO_Init
                0x00000000081003ac       0x48 ./Core/Src/main.o
 .text.USB_CDC_RxHandler
                0x00000000081003f4       0x1e ./Core/Src/main.o
                0x00000000081003f4                USB_CDC_RxHandler
 .text.Error_Handler
                0x0000000008100412        0xa ./Core/Src/main.o
                0x0000000008100412                Error_Handler
 .text.HAL_MspInit
                0x000000000810041c       0x48 ./Core/Src/stm32l4xx_hal_msp.o
                0x000000000810041c                HAL_MspInit
 .text.NMI_Handler
                0x0000000008100464        0x6 ./Core/Src/stm32l4xx_it.o
                0x0000000008100464                NMI_Handler
 .text.HardFault_Handler
                0x000000000810046a        0x6 ./Core/Src/stm32l4xx_it.o
                0x000000000810046a                HardFault_Handler
 .text.MemManage_Handler
                0x0000000008100470        0x6 ./Core/Src/stm32l4xx_it.o
                0x0000000008100470                MemManage_Handler
 .text.BusFault_Handler
                0x0000000008100476        0x6 ./Core/Src/stm32l4xx_it.o
                0x0000000008100476                BusFault_Handler
 .text.UsageFault_Handler
                0x000000000810047c        0x6 ./Core/Src/stm32l4xx_it.o
                0x000000000810047c                UsageFault_Handler
 .text.SVC_Handler
                0x0000000008100482        0xe ./Core/Src/stm32l4xx_it.o
                0x0000000008100482                SVC_Handler
 .text.DebugMon_Handler
                0x0000000008100490        0xe ./Core/Src/stm32l4xx_it.o
                0x0000000008100490                DebugMon_Handler
 .text.PendSV_Handler
                0x000000000810049e        0xe ./Core/Src/stm32l4xx_it.o
                0x000000000810049e                PendSV_Handler
 .text.SysTick_Handler
                0x00000000081004ac        0xc ./Core/Src/stm32l4xx_it.o
                0x00000000081004ac                SysTick_Handler
 .text.OTG_FS_IRQHandler
                0x00000000081004b8       0x14 ./Core/Src/stm32l4xx_it.o
                0x00000000081004b8                OTG_FS_IRQHandler
 .text.SystemInit
                0x00000000081004cc       0x2c ./Core/Src/system_stm32l4xx.o
                0x00000000081004cc                SystemInit
 .text.Reset_Handler
                0x00000000081004f8       0x50 ./Core/Startup/startup_stm32l4r9zgyx.o
                0x00000000081004f8                Reset_Handler
 .text.Default_Handler
                0x0000000008100548        0x2 ./Core/Startup/startup_stm32l4r9zgyx.o
                0x0000000008100548                RTC_Alarm_IRQHandler
                0x0000000008100548                EXTI2_IRQHandler
                0x0000000008100548                TIM8_TRG_COM_IRQHandler
                0x0000000008100548                TIM8_CC_IRQHandler
                0x0000000008100548                TIM1_CC_IRQHandler
                0x0000000008100548                TSC_IRQHandler
                0x0000000008100548                TAMP_STAMP_IRQHandler
                0x0000000008100548                EXTI3_IRQHandler
                0x0000000008100548                LPTIM2_IRQHandler
                0x0000000008100548                DFSDM1_FLT1_IRQHandler
                0x0000000008100548                GFXMMU_IRQHandler
                0x0000000008100548                I2C3_ER_IRQHandler
                0x0000000008100548                DFSDM1_FLT2_IRQHandler
                0x0000000008100548                EXTI0_IRQHandler
                0x0000000008100548                I2C2_EV_IRQHandler
                0x0000000008100548                CAN1_RX0_IRQHandler
                0x0000000008100548                FPU_IRQHandler
                0x0000000008100548                TIM1_UP_TIM16_IRQHandler
                0x0000000008100548                LTDC_ER_IRQHandler
                0x0000000008100548                SPI1_IRQHandler
                0x0000000008100548                OCTOSPI1_IRQHandler
                0x0000000008100548                TIM6_DAC_IRQHandler
                0x0000000008100548                DCMI_IRQHandler
                0x0000000008100548                TIM8_UP_IRQHandler
                0x0000000008100548                OCTOSPI2_IRQHandler
                0x0000000008100548                DMA2_Channel2_IRQHandler
                0x0000000008100548                DMA1_Channel4_IRQHandler
                0x0000000008100548                SAI2_IRQHandler
                0x0000000008100548                ADC1_IRQHandler
                0x0000000008100548                DFSDM1_FLT3_IRQHandler
                0x0000000008100548                USART3_IRQHandler
                0x0000000008100548                DMA1_Channel7_IRQHandler
                0x0000000008100548                CAN1_RX1_IRQHandler
                0x0000000008100548                UART5_IRQHandler
                0x0000000008100548                TIM4_IRQHandler
                0x0000000008100548                DMA2_Channel1_IRQHandler
                0x0000000008100548                I2C1_EV_IRQHandler
                0x0000000008100548                DMAMUX1_OVR_IRQHandler
                0x0000000008100548                DMA1_Channel6_IRQHandler
                0x0000000008100548                UART4_IRQHandler
                0x0000000008100548                DMA2_Channel4_IRQHandler
                0x0000000008100548                TIM3_IRQHandler
                0x0000000008100548                RCC_IRQHandler
                0x0000000008100548                DMA1_Channel1_IRQHandler
                0x0000000008100548                Default_Handler
                0x0000000008100548                DMA2_Channel7_IRQHandler
                0x0000000008100548                EXTI15_10_IRQHandler
                0x0000000008100548                TIM7_IRQHandler
                0x0000000008100548                SDMMC1_IRQHandler
                0x0000000008100548                TIM5_IRQHandler
                0x0000000008100548                I2C3_EV_IRQHandler
                0x0000000008100548                EXTI9_5_IRQHandler
                0x0000000008100548                RTC_WKUP_IRQHandler
                0x0000000008100548                LTDC_IRQHandler
                0x0000000008100548                PVD_PVM_IRQHandler
                0x0000000008100548                SPI2_IRQHandler
                0x0000000008100548                CAN1_TX_IRQHandler
                0x0000000008100548                DMA2_Channel5_IRQHandler
                0x0000000008100548                CRS_IRQHandler
                0x0000000008100548                DMA1_Channel5_IRQHandler
                0x0000000008100548                EXTI4_IRQHandler
                0x0000000008100548                RNG_IRQHandler
                0x0000000008100548                TIM1_TRG_COM_TIM17_IRQHandler
                0x0000000008100548                DMA1_Channel3_IRQHandler
                0x0000000008100548                COMP_IRQHandler
                0x0000000008100548                DSI_IRQHandler
                0x0000000008100548                WWDG_IRQHandler
                0x0000000008100548                I2C4_EV_IRQHandler
                0x0000000008100548                LPUART1_IRQHandler
                0x0000000008100548                DMA2_Channel6_IRQHandler
                0x0000000008100548                TIM2_IRQHandler
                0x0000000008100548                DMA2D_IRQHandler
                0x0000000008100548                EXTI1_IRQHandler
                0x0000000008100548                USART2_IRQHandler
                0x0000000008100548                DFSDM1_FLT0_IRQHandler
                0x0000000008100548                I2C2_ER_IRQHandler
                0x0000000008100548                DMA1_Channel2_IRQHandler
                0x0000000008100548                TIM8_BRK_IRQHandler
                0x0000000008100548                CAN1_SCE_IRQHandler
                0x0000000008100548                FLASH_IRQHandler
                0x0000000008100548                USART1_IRQHandler
                0x0000000008100548                SPI3_IRQHandler
                0x0000000008100548                I2C1_ER_IRQHandler
                0x0000000008100548                FMC_IRQHandler
                0x0000000008100548                LPTIM1_IRQHandler
                0x0000000008100548                I2C4_ER_IRQHandler
                0x0000000008100548                SAI1_IRQHandler
                0x0000000008100548                DMA2_Channel3_IRQHandler
                0x0000000008100548                TIM1_BRK_TIM15_IRQHandler
 .text.HAL_Init
                0x000000000810054a       0x30 ./Drivers/STM32L4xx_HAL_Driver/Src/stm32l4xx_hal.o
                0x000000000810054a                HAL_Init
 *fill*         0x000000000810057a        0x2 
 .text.HAL_InitTick
                0x000000000810057c       0x78 ./Drivers/STM32L4xx_HAL_Driver/Src/stm32l4xx_hal.o
                0x000000000810057c                HAL_InitTick
 .text.HAL_IncTick
                0x00000000081005f4       0x28 ./Drivers/STM32L4xx_HAL_Driver/Src/stm32l4xx_hal.o
                0x00000000081005f4                HAL_IncTick
 .text.HAL_GetTick
                0x000000000810061c       0x18 ./Drivers/STM32L4xx_HAL_Driver/Src/stm32l4xx_hal.o
                0x000000000810061c                HAL_GetTick
 .text.HAL_Delay
                0x0000000008100634       0x48 ./Drivers/STM32L4xx_HAL_Driver/Src/stm32l4xx_hal.o
                0x0000000008100634                HAL_Delay
 .text.__NVIC_SetPriorityGrouping
                0x000000000810067c       0x48 ./Drivers/STM32L4xx_HAL_Driver/Src/stm32l4xx_hal_cortex.o
 .text.__NVIC_GetPriorityGrouping
                0x00000000081006c4       0x1c ./Drivers/STM32L4xx_HAL_Driver/Src/stm32l4xx_hal_cortex.o
 .text.__NVIC_EnableIRQ
                0x00000000081006e0       0x3c ./Drivers/STM32L4xx_HAL_Driver/Src/stm32l4xx_hal_cortex.o
 .text.__NVIC_SetPriority
                0x000000000810071c       0x54 ./Drivers/STM32L4xx_HAL_Driver/Src/stm32l4xx_hal_cortex.o
 .text.NVIC_EncodePriority
                0x0000000008100770       0x66 ./Drivers/STM32L4xx_HAL_Driver/Src/stm32l4xx_hal_cortex.o
 *fill*         0x00000000081007d6        0x2 
 .text.SysTick_Config
                0x00000000081007d8       0x44 ./Drivers/STM32L4xx_HAL_Driver/Src/stm32l4xx_hal_cortex.o
 .text.HAL_NVIC_SetPriorityGrouping
                0x000000000810081c       0x16 ./Drivers/STM32L4xx_HAL_Driver/Src/stm32l4xx_hal_cortex.o
                0x000000000810081c                HAL_NVIC_SetPriorityGrouping
 .text.HAL_NVIC_SetPriority
                0x0000000008100832       0x38 ./Drivers/STM32L4xx_HAL_Driver/Src/stm32l4xx_hal_cortex.o
                0x0000000008100832                HAL_NVIC_SetPriority
 .text.HAL_NVIC_EnableIRQ
                0x000000000810086a       0x1c ./Drivers/STM32L4xx_HAL_Driver/Src/stm32l4xx_hal_cortex.o
                0x000000000810086a                HAL_NVIC_EnableIRQ
 .text.HAL_SYSTICK_Config
                0x0000000008100886       0x18 ./Drivers/STM32L4xx_HAL_Driver/Src/stm32l4xx_hal_cortex.o
                0x0000000008100886                HAL_SYSTICK_Config
 *fill*         0x000000000810089e        0x2 
 .text.HAL_FLASH_Program
                0x00000000081008a0       0xd8 ./Drivers/STM32L4xx_HAL_Driver/Src/stm32l4xx_hal_flash.o
                0x00000000081008a0                HAL_FLASH_Program
 .text.HAL_FLASH_Unlock
                0x0000000008100978       0x44 ./Drivers/STM32L4xx_HAL_Driver/Src/stm32l4xx_hal_flash.o
                0x0000000008100978                HAL_FLASH_Unlock
 .text.HAL_FLASH_Lock
                0x00000000081009bc       0x20 ./Drivers/STM32L4xx_HAL_Driver/Src/stm32l4xx_hal_flash.o
                0x00000000081009bc                HAL_FLASH_Lock
 .text.FLASH_WaitForLastOperation
                0x00000000081009dc       0xb0 ./Drivers/STM32L4xx_HAL_Driver/Src/stm32l4xx_hal_flash.o
                0x00000000081009dc                FLASH_WaitForLastOperation
 .text.FLASH_Program_DoubleWord
                0x0000000008100a8c       0x4c ./Drivers/STM32L4xx_HAL_Driver/Src/stm32l4xx_hal_flash.o
 .text.FLASH_Program_Fast
                0x0000000008100ad8       0x6c ./Drivers/STM32L4xx_HAL_Driver/Src/stm32l4xx_hal_flash.o
 .text.HAL_FLASHEx_Erase
                0x0000000008100b44      0x138 ./Drivers/STM32L4xx_HAL_Driver/Src/stm32l4xx_hal_flash_ex.o
                0x0000000008100b44                HAL_FLASHEx_Erase
 .text.FLASH_MassErase
                0x0000000008100c7c       0x70 ./Drivers/STM32L4xx_HAL_Driver/Src/stm32l4xx_hal_flash_ex.o
 .text.FLASH_PageErase
                0x0000000008100cec       0x88 ./Drivers/STM32L4xx_HAL_Driver/Src/stm32l4xx_hal_flash_ex.o
                0x0000000008100cec                FLASH_PageErase
 .text.FLASH_FlushCaches
                0x0000000008100d74       0x94 ./Drivers/STM32L4xx_HAL_Driver/Src/stm32l4xx_hal_flash_ex.o
                0x0000000008100d74                FLASH_FlushCaches
 .text.HAL_GPIO_Init
                0x0000000008100e08      0x324 ./Drivers/STM32L4xx_HAL_Driver/Src/stm32l4xx_hal_gpio.o
                0x0000000008100e08                HAL_GPIO_Init
 .text.HAL_PCD_Init
                0x000000000810112c      0x248 ./Drivers/STM32L4xx_HAL_Driver/Src/stm32l4xx_hal_pcd.o
                0x000000000810112c                HAL_PCD_Init
 .text.HAL_PCD_Start
                0x0000000008101374       0x5e ./Drivers/STM32L4xx_HAL_Driver/Src/stm32l4xx_hal_pcd.o
                0x0000000008101374                HAL_PCD_Start
 .text.HAL_PCD_IRQHandler
                0x00000000081013d2      0x926 ./Drivers/STM32L4xx_HAL_Driver/Src/stm32l4xx_hal_pcd.o
                0x00000000081013d2                HAL_PCD_IRQHandler
 .text.HAL_PCD_SetAddress
                0x0000000008101cf8       0x4a ./Drivers/STM32L4xx_HAL_Driver/Src/stm32l4xx_hal_pcd.o
                0x0000000008101cf8                HAL_PCD_SetAddress
 .text.HAL_PCD_EP_Open
                0x0000000008101d42       0xd0 ./Drivers/STM32L4xx_HAL_Driver/Src/stm32l4xx_hal_pcd.o
                0x0000000008101d42                HAL_PCD_EP_Open
 .text.HAL_PCD_EP_Close
                0x0000000008101e12       0x94 ./Drivers/STM32L4xx_HAL_Driver/Src/stm32l4xx_hal_pcd.o
                0x0000000008101e12                HAL_PCD_EP_Close
 .text.HAL_PCD_EP_Receive
                0x0000000008101ea6       0x7c ./Drivers/STM32L4xx_HAL_Driver/Src/stm32l4xx_hal_pcd.o
                0x0000000008101ea6                HAL_PCD_EP_Receive
 .text.HAL_PCD_EP_GetRxCount
                0x0000000008101f22       0x30 ./Drivers/STM32L4xx_HAL_Driver/Src/stm32l4xx_hal_pcd.o
                0x0000000008101f22                HAL_PCD_EP_GetRxCount
 .text.HAL_PCD_EP_Transmit
                0x0000000008101f52       0x7a ./Drivers/STM32L4xx_HAL_Driver/Src/stm32l4xx_hal_pcd.o
                0x0000000008101f52                HAL_PCD_EP_Transmit
 .text.HAL_PCD_EP_SetStall
                0x0000000008101fcc       0xc4 ./Drivers/STM32L4xx_HAL_Driver/Src/stm32l4xx_hal_pcd.o
                0x0000000008101fcc                HAL_PCD_EP_SetStall
 .text.HAL_PCD_EP_ClrStall
                0x0000000008102090       0xac ./Drivers/STM32L4xx_HAL_Driver/Src/stm32l4xx_hal_pcd.o
                0x0000000008102090                HAL_PCD_EP_ClrStall
 .text.HAL_PCD_EP_Abort
                0x000000000810213c       0x62 ./Drivers/STM32L4xx_HAL_Driver/Src/stm32l4xx_hal_pcd.o
                0x000000000810213c                HAL_PCD_EP_Abort
 .text.PCD_WriteEmptyTxFifo
                0x000000000810219e      0x110 ./Drivers/STM32L4xx_HAL_Driver/Src/stm32l4xx_hal_pcd.o
 *fill*         0x00000000081022ae        0x2 
 .text.PCD_EP_OutXfrComplete_int
                0x00000000081022b0       0x9c ./Drivers/STM32L4xx_HAL_Driver/Src/stm32l4xx_hal_pcd.o
 .text.PCD_EP_OutSetupPacket_int
                0x000000000810234c       0x68 ./Drivers/STM32L4xx_HAL_Driver/Src/stm32l4xx_hal_pcd.o
 .text.HAL_PCDEx_SetTxFiFo
                0x00000000081023b4       0x8e ./Drivers/STM32L4xx_HAL_Driver/Src/stm32l4xx_hal_pcd_ex.o
                0x00000000081023b4                HAL_PCDEx_SetTxFiFo
 .text.HAL_PCDEx_SetRxFiFo
                0x0000000008102442       0x22 ./Drivers/STM32L4xx_HAL_Driver/Src/stm32l4xx_hal_pcd_ex.o
                0x0000000008102442                HAL_PCDEx_SetRxFiFo
 .text.HAL_PCDEx_ActivateLPM
                0x0000000008102464       0x48 ./Drivers/STM32L4xx_HAL_Driver/Src/stm32l4xx_hal_pcd_ex.o
                0x0000000008102464                HAL_PCDEx_ActivateLPM
 .text.HAL_PWREx_GetVoltageRange
                0x00000000081024ac       0x40 ./Drivers/STM32L4xx_HAL_Driver/Src/stm32l4xx_hal_pwr_ex.o
                0x00000000081024ac                HAL_PWREx_GetVoltageRange
 .text.HAL_PWREx_ControlVoltageScaling
                0x00000000081024ec      0x148 ./Drivers/STM32L4xx_HAL_Driver/Src/stm32l4xx_hal_pwr_ex.o
                0x00000000081024ec                HAL_PWREx_ControlVoltageScaling
 .text.HAL_PWREx_EnableVddUSB
                0x0000000008102634       0x20 ./Drivers/STM32L4xx_HAL_Driver/Src/stm32l4xx_hal_pwr_ex.o
                0x0000000008102634                HAL_PWREx_EnableVddUSB
 .text.HAL_RCC_OscConfig
                0x0000000008102654      0x834 ./Drivers/STM32L4xx_HAL_Driver/Src/stm32l4xx_hal_rcc.o
                0x0000000008102654                HAL_RCC_OscConfig
 .text.HAL_RCC_ClockConfig
                0x0000000008102e88      0x274 ./Drivers/STM32L4xx_HAL_Driver/Src/stm32l4xx_hal_rcc.o
                0x0000000008102e88                HAL_RCC_ClockConfig
 .text.HAL_RCC_GetSysClockFreq
                0x00000000081030fc      0x118 ./Drivers/STM32L4xx_HAL_Driver/Src/stm32l4xx_hal_rcc.o
                0x00000000081030fc                HAL_RCC_GetSysClockFreq
 .text.HAL_RCC_GetHCLKFreq
                0x0000000008103214       0x18 ./Drivers/STM32L4xx_HAL_Driver/Src/stm32l4xx_hal_rcc.o
                0x0000000008103214                HAL_RCC_GetHCLKFreq
 .text.RCC_SetFlashLatencyFromMSIRange
                0x000000000810322c       0xb4 ./Drivers/STM32L4xx_HAL_Driver/Src/stm32l4xx_hal_rcc.o
 .text.RCC_GetSysClockFreqFromPLLSource
                0x00000000081032e0       0xcc ./Drivers/STM32L4xx_HAL_Driver/Src/stm32l4xx_hal_rcc.o
 .text.HAL_RCCEx_PeriphCLKConfig
                0x00000000081033ac      0x720 ./Drivers/STM32L4xx_HAL_Driver/Src/stm32l4xx_hal_rcc_ex.o
                0x00000000081033ac                HAL_RCCEx_PeriphCLKConfig
 .text.HAL_RCCEx_EnableMSIPLLMode
                0x0000000008103acc       0x20 ./Drivers/STM32L4xx_HAL_Driver/Src/stm32l4xx_hal_rcc_ex.o
                0x0000000008103acc                HAL_RCCEx_EnableMSIPLLMode
 .text.RCCEx_PLLSAI1_Config
                0x0000000008103aec      0x1e8 ./Drivers/STM32L4xx_HAL_Driver/Src/stm32l4xx_hal_rcc_ex.o
 .text.RCCEx_PLLSAI2_Config
                0x0000000008103cd4      0x1e8 ./Drivers/STM32L4xx_HAL_Driver/Src/stm32l4xx_hal_rcc_ex.o
 .text.USB_CoreInit
                0x0000000008103ebc       0x58 ./Drivers/STM32L4xx_HAL_Driver/Src/stm32l4xx_ll_usb.o
                0x0000000008103ebc                USB_CoreInit
 .text.USB_SetTurnaroundTime
                0x0000000008103f14      0x138 ./Drivers/STM32L4xx_HAL_Driver/Src/stm32l4xx_ll_usb.o
                0x0000000008103f14                USB_SetTurnaroundTime
 .text.USB_EnableGlobalInt
                0x000000000810404c       0x22 ./Drivers/STM32L4xx_HAL_Driver/Src/stm32l4xx_ll_usb.o
                0x000000000810404c                USB_EnableGlobalInt
 .text.USB_DisableGlobalInt
                0x000000000810406e       0x22 ./Drivers/STM32L4xx_HAL_Driver/Src/stm32l4xx_ll_usb.o
                0x000000000810406e                USB_DisableGlobalInt
 .text.USB_SetCurrentMode
                0x0000000008104090       0x98 ./Drivers/STM32L4xx_HAL_Driver/Src/stm32l4xx_ll_usb.o
                0x0000000008104090                USB_SetCurrentMode
 .text.USB_DevInit
                0x0000000008104128      0x298 ./Drivers/STM32L4xx_HAL_Driver/Src/stm32l4xx_ll_usb.o
                0x0000000008104128                USB_DevInit
 .text.USB_FlushTxFifo
                0x00000000081043c0       0x68 ./Drivers/STM32L4xx_HAL_Driver/Src/stm32l4xx_ll_usb.o
                0x00000000081043c0                USB_FlushTxFifo
 .text.USB_FlushRxFifo
                0x0000000008104428       0x60 ./Drivers/STM32L4xx_HAL_Driver/Src/stm32l4xx_ll_usb.o
                0x0000000008104428                USB_FlushRxFifo
 .text.USB_SetDevSpeed
                0x0000000008104488       0x32 ./Drivers/STM32L4xx_HAL_Driver/Src/stm32l4xx_ll_usb.o
                0x0000000008104488                USB_SetDevSpeed
 .text.USB_GetDevSpeed
                0x00000000081044ba       0x3e ./Drivers/STM32L4xx_HAL_Driver/Src/stm32l4xx_ll_usb.o
                0x00000000081044ba                USB_GetDevSpeed
 .text.USB_ActivateEndpoint
                0x00000000081044f8      0x10e ./Drivers/STM32L4xx_HAL_Driver/Src/stm32l4xx_ll_usb.o
                0x00000000081044f8                USB_ActivateEndpoint
 *fill*         0x0000000008104606        0x2 
 .text.USB_DeactivateEndpoint
                0x0000000008104608      0x1b8 ./Drivers/STM32L4xx_HAL_Driver/Src/stm32l4xx_ll_usb.o
                0x0000000008104608                USB_DeactivateEndpoint
 .text.USB_EPStartXfer
                0x00000000081047c0      0x3c0 ./Drivers/STM32L4xx_HAL_Driver/Src/stm32l4xx_ll_usb.o
                0x00000000081047c0                USB_EPStartXfer
 .text.USB_EP0StartXfer
                0x0000000008104b80      0x244 ./Drivers/STM32L4xx_HAL_Driver/Src/stm32l4xx_ll_usb.o
                0x0000000008104b80                USB_EP0StartXfer
 .text.USB_EPStopXfer
                0x0000000008104dc4      0x154 ./Drivers/STM32L4xx_HAL_Driver/Src/stm32l4xx_ll_usb.o
                0x0000000008104dc4                USB_EPStopXfer
 .text.USB_WritePacket
                0x0000000008104f18       0x74 ./Drivers/STM32L4xx_HAL_Driver/Src/stm32l4xx_ll_usb.o
                0x0000000008104f18                USB_WritePacket
 .text.USB_ReadPacket
                0x0000000008104f8c       0xb0 ./Drivers/STM32L4xx_HAL_Driver/Src/stm32l4xx_ll_usb.o
                0x0000000008104f8c                USB_ReadPacket
 .text.USB_EPSetStall
                0x000000000810503c       0xdc ./Drivers/STM32L4xx_HAL_Driver/Src/stm32l4xx_ll_usb.o
                0x000000000810503c                USB_EPSetStall
 .text.USB_EPClearStall
                0x0000000008105118       0xcc ./Drivers/STM32L4xx_HAL_Driver/Src/stm32l4xx_ll_usb.o
                0x0000000008105118                USB_EPClearStall
 .text.USB_SetDevAddress
                0x00000000081051e4       0x4c ./Drivers/STM32L4xx_HAL_Driver/Src/stm32l4xx_ll_usb.o
                0x00000000081051e4                USB_SetDevAddress
 .text.USB_DevConnect
                0x0000000008105230       0x42 ./Drivers/STM32L4xx_HAL_Driver/Src/stm32l4xx_ll_usb.o
                0x0000000008105230                USB_DevConnect
 .text.USB_DevDisconnect
                0x0000000008105272       0x42 ./Drivers/STM32L4xx_HAL_Driver/Src/stm32l4xx_ll_usb.o
                0x0000000008105272                USB_DevDisconnect
 .text.USB_ReadInterrupts
                0x00000000081052b4       0x26 ./Drivers/STM32L4xx_HAL_Driver/Src/stm32l4xx_ll_usb.o
                0x00000000081052b4                USB_ReadInterrupts
 .text.USB_ReadDevAllOutEpInterrupt
                0x00000000081052da       0x34 ./Drivers/STM32L4xx_HAL_Driver/Src/stm32l4xx_ll_usb.o
                0x00000000081052da                USB_ReadDevAllOutEpInterrupt
 .text.USB_ReadDevAllInEpInterrupt
                0x000000000810530e       0x34 ./Drivers/STM32L4xx_HAL_Driver/Src/stm32l4xx_ll_usb.o
                0x000000000810530e                USB_ReadDevAllInEpInterrupt
 .text.USB_ReadDevOutEPInterrupt
                0x0000000008105342       0x3c ./Drivers/STM32L4xx_HAL_Driver/Src/stm32l4xx_ll_usb.o
                0x0000000008105342                USB_ReadDevOutEPInterrupt
 .text.USB_ReadDevInEPInterrupt
                0x000000000810537e       0x5c ./Drivers/STM32L4xx_HAL_Driver/Src/stm32l4xx_ll_usb.o
                0x000000000810537e                USB_ReadDevInEPInterrupt
 .text.USB_GetMode
                0x00000000081053da       0x1c ./Drivers/STM32L4xx_HAL_Driver/Src/stm32l4xx_ll_usb.o
                0x00000000081053da                USB_GetMode
 .text.USB_ActivateSetup
                0x00000000081053f6       0x46 ./Drivers/STM32L4xx_HAL_Driver/Src/stm32l4xx_ll_usb.o
                0x00000000081053f6                USB_ActivateSetup
 .text.USB_EP0_OutStart
                0x000000000810543c       0x90 ./Drivers/STM32L4xx_HAL_Driver/Src/stm32l4xx_ll_usb.o
                0x000000000810543c                USB_EP0_OutStart
 .text.USB_CoreReset
                0x00000000081054cc       0x68 ./Drivers/STM32L4xx_HAL_Driver/Src/stm32l4xx_ll_usb.o
 .text.USBD_CDC_Init
                0x0000000008105534       0xfe ./Middlewares/ST/STM32_USB_Device_Library/Class/CDC/Src/usbd_cdc.o
 .text.USBD_CDC_DeInit
                0x0000000008105632       0x74 ./Middlewares/ST/STM32_USB_Device_Library/Class/CDC/Src/usbd_cdc.o
 *fill*         0x00000000081056a6        0x2 
 .text.USBD_CDC_Setup
                0x00000000081056a8      0x190 ./Middlewares/ST/STM32_USB_Device_Library/Class/CDC/Src/usbd_cdc.o
 .text.USBD_CDC_DataIn
                0x0000000008105838       0xca ./Middlewares/ST/STM32_USB_Device_Library/Class/CDC/Src/usbd_cdc.o
 .text.USBD_CDC_DataOut
                0x0000000008105902       0x56 ./Middlewares/ST/STM32_USB_Device_Library/Class/CDC/Src/usbd_cdc.o
 .text.USBD_CDC_EP0_RxReady
                0x0000000008105958       0x5a ./Middlewares/ST/STM32_USB_Device_Library/Class/CDC/Src/usbd_cdc.o
 *fill*         0x00000000081059b2        0x2 
 .text.USBD_CDC_GetFSCfgDesc
                0x00000000081059b4       0x20 ./Middlewares/ST/STM32_USB_Device_Library/Class/CDC/Src/usbd_cdc.o
 .text.USBD_CDC_GetHSCfgDesc
                0x00000000081059d4       0x20 ./Middlewares/ST/STM32_USB_Device_Library/Class/CDC/Src/usbd_cdc.o
 .text.USBD_CDC_GetOtherSpeedCfgDesc
                0x00000000081059f4       0x20 ./Middlewares/ST/STM32_USB_Device_Library/Class/CDC/Src/usbd_cdc.o
 .text.USBD_CDC_GetDeviceQualifierDescriptor
                0x0000000008105a14       0x20 ./Middlewares/ST/STM32_USB_Device_Library/Class/CDC/Src/usbd_cdc.o
                0x0000000008105a14                USBD_CDC_GetDeviceQualifierDescriptor
 .text.USBD_CDC_RegisterInterface
                0x0000000008105a34       0x2a ./Middlewares/ST/STM32_USB_Device_Library/Class/CDC/Src/usbd_cdc.o
                0x0000000008105a34                USBD_CDC_RegisterInterface
 .text.USBD_CDC_SetTxBuffer
                0x0000000008105a5e       0x3c ./Middlewares/ST/STM32_USB_Device_Library/Class/CDC/Src/usbd_cdc.o
                0x0000000008105a5e                USBD_CDC_SetTxBuffer
 .text.USBD_CDC_SetRxBuffer
                0x0000000008105a9a       0x32 ./Middlewares/ST/STM32_USB_Device_Library/Class/CDC/Src/usbd_cdc.o
                0x0000000008105a9a                USBD_CDC_SetRxBuffer
 .text.USBD_CDC_ReceivePacket
                0x0000000008105acc       0x54 ./Middlewares/ST/STM32_USB_Device_Library/Class/CDC/Src/usbd_cdc.o
                0x0000000008105acc                USBD_CDC_ReceivePacket
 .text.USBD_Init
                0x0000000008105b20       0x60 ./Middlewares/ST/STM32_USB_Device_Library/Core/Src/usbd_core.o
                0x0000000008105b20                USBD_Init
 .text.USBD_RegisterClass
                0x0000000008105b80       0x4e ./Middlewares/ST/STM32_USB_Device_Library/Core/Src/usbd_core.o
                0x0000000008105b80                USBD_RegisterClass
 .text.USBD_Start
                0x0000000008105bce       0x18 ./Middlewares/ST/STM32_USB_Device_Library/Core/Src/usbd_core.o
                0x0000000008105bce                USBD_Start
 .text.USBD_RunTestMode
                0x0000000008105be6       0x16 ./Middlewares/ST/STM32_USB_Device_Library/Core/Src/usbd_core.o
                0x0000000008105be6                USBD_RunTestMode
 .text.USBD_SetClassConfig
                0x0000000008105bfc       0x38 ./Middlewares/ST/STM32_USB_Device_Library/Core/Src/usbd_core.o
                0x0000000008105bfc                USBD_SetClassConfig
 .text.USBD_ClrClassConfig
                0x0000000008105c34       0x30 ./Middlewares/ST/STM32_USB_Device_Library/Core/Src/usbd_core.o
                0x0000000008105c34                USBD_ClrClassConfig
 .text.USBD_LL_SetupStage
                0x0000000008105c64       0xaa ./Middlewares/ST/STM32_USB_Device_Library/Core/Src/usbd_core.o
                0x0000000008105c64                USBD_LL_SetupStage
 .text.USBD_LL_DataOutStage
                0x0000000008105d0e       0xc6 ./Middlewares/ST/STM32_USB_Device_Library/Core/Src/usbd_core.o
                0x0000000008105d0e                USBD_LL_DataOutStage
 .text.USBD_LL_DataInStage
                0x0000000008105dd4      0x12c ./Middlewares/ST/STM32_USB_Device_Library/Core/Src/usbd_core.o
                0x0000000008105dd4                USBD_LL_DataInStage
 .text.USBD_LL_Reset
                0x0000000008105f00       0x9c ./Middlewares/ST/STM32_USB_Device_Library/Core/Src/usbd_core.o
                0x0000000008105f00                USBD_LL_Reset
 .text.USBD_LL_SetSpeed
                0x0000000008105f9c       0x20 ./Middlewares/ST/STM32_USB_Device_Library/Core/Src/usbd_core.o
                0x0000000008105f9c                USBD_LL_SetSpeed
 .text.USBD_LL_Suspend
                0x0000000008105fbc       0x2c ./Middlewares/ST/STM32_USB_Device_Library/Core/Src/usbd_core.o
                0x0000000008105fbc                USBD_LL_Suspend
 .text.USBD_LL_Resume
                0x0000000008105fe8       0x30 ./Middlewares/ST/STM32_USB_Device_Library/Core/Src/usbd_core.o
                0x0000000008105fe8                USBD_LL_Resume
 .text.USBD_LL_SOF
                0x0000000008106018       0x44 ./Middlewares/ST/STM32_USB_Device_Library/Core/Src/usbd_core.o
                0x0000000008106018                USBD_LL_SOF
 .text.USBD_LL_IsoINIncomplete
                0x000000000810605c       0x4c ./Middlewares/ST/STM32_USB_Device_Library/Core/Src/usbd_core.o
                0x000000000810605c                USBD_LL_IsoINIncomplete
 .text.USBD_LL_IsoOUTIncomplete
                0x00000000081060a8       0x4c ./Middlewares/ST/STM32_USB_Device_Library/Core/Src/usbd_core.o
                0x00000000081060a8                USBD_LL_IsoOUTIncomplete
 .text.USBD_LL_DevConnected
                0x00000000081060f4       0x16 ./Middlewares/ST/STM32_USB_Device_Library/Core/Src/usbd_core.o
                0x00000000081060f4                USBD_LL_DevConnected
 .text.USBD_LL_DevDisconnected
                0x000000000810610a       0x38 ./Middlewares/ST/STM32_USB_Device_Library/Core/Src/usbd_core.o
                0x000000000810610a                USBD_LL_DevDisconnected
 .text.SWAPBYTE
                0x0000000008106142       0x3c ./Middlewares/ST/STM32_USB_Device_Library/Core/Src/usbd_ctlreq.o
 *fill*         0x000000000810617e        0x2 
 .text.USBD_StdDevReq
                0x0000000008106180       0xdc ./Middlewares/ST/STM32_USB_Device_Library/Core/Src/usbd_ctlreq.o
                0x0000000008106180                USBD_StdDevReq
 .text.USBD_StdItfReq
                0x000000000810625c       0x92 ./Middlewares/ST/STM32_USB_Device_Library/Core/Src/usbd_ctlreq.o
                0x000000000810625c                USBD_StdItfReq
 .text.USBD_StdEPReq
                0x00000000081062ee      0x2c4 ./Middlewares/ST/STM32_USB_Device_Library/Core/Src/usbd_ctlreq.o
                0x00000000081062ee                USBD_StdEPReq
 *fill*         0x00000000081065b2        0x2 
 .text.USBD_GetDescriptor
                0x00000000081065b4      0x328 ./Middlewares/ST/STM32_USB_Device_Library/Core/Src/usbd_ctlreq.o
 .text.USBD_SetAddress
                0x00000000081068dc       0x88 ./Middlewares/ST/STM32_USB_Device_Library/Core/Src/usbd_ctlreq.o
 .text.USBD_SetConfig
                0x0000000008106964      0x14c ./Middlewares/ST/STM32_USB_Device_Library/Core/Src/usbd_ctlreq.o
 .text.USBD_GetConfig
                0x0000000008106ab0       0x6c ./Middlewares/ST/STM32_USB_Device_Library/Core/Src/usbd_ctlreq.o
 .text.USBD_GetStatus
                0x0000000008106b1c       0x68 ./Middlewares/ST/STM32_USB_Device_Library/Core/Src/usbd_ctlreq.o
 .text.USBD_SetFeature
                0x0000000008106b84       0x28 ./Middlewares/ST/STM32_USB_Device_Library/Core/Src/usbd_ctlreq.o
 .text.USBD_ClrFeature
                0x0000000008106bac       0x44 ./Middlewares/ST/STM32_USB_Device_Library/Core/Src/usbd_ctlreq.o
 .text.USBD_ParseSetupRequest
                0x0000000008106bf0       0x74 ./Middlewares/ST/STM32_USB_Device_Library/Core/Src/usbd_ctlreq.o
                0x0000000008106bf0                USBD_ParseSetupRequest
 .text.USBD_CtlError
                0x0000000008106c64       0x22 ./Middlewares/ST/STM32_USB_Device_Library/Core/Src/usbd_ctlreq.o
                0x0000000008106c64                USBD_CtlError
 .text.USBD_GetString
                0x0000000008106c86       0x8c ./Middlewares/ST/STM32_USB_Device_Library/Core/Src/usbd_ctlreq.o
                0x0000000008106c86                USBD_GetString
 .text.USBD_GetLen
                0x0000000008106d12       0x34 ./Middlewares/ST/STM32_USB_Device_Library/Core/Src/usbd_ctlreq.o
 .text.USBD_CtlSendData
                0x0000000008106d46       0x36 ./Middlewares/ST/STM32_USB_Device_Library/Core/Src/usbd_ioreq.o
                0x0000000008106d46                USBD_CtlSendData
 .text.USBD_CtlContinueSendData
                0x0000000008106d7c       0x22 ./Middlewares/ST/STM32_USB_Device_Library/Core/Src/usbd_ioreq.o
                0x0000000008106d7c                USBD_CtlContinueSendData
 .text.USBD_CtlPrepareRx
                0x0000000008106d9e       0x3a ./Middlewares/ST/STM32_USB_Device_Library/Core/Src/usbd_ioreq.o
                0x0000000008106d9e                USBD_CtlPrepareRx
 .text.USBD_CtlContinueRx
                0x0000000008106dd8       0x22 ./Middlewares/ST/STM32_USB_Device_Library/Core/Src/usbd_ioreq.o
                0x0000000008106dd8                USBD_CtlContinueRx
 .text.USBD_CtlSendStatus
                0x0000000008106dfa       0x26 ./Middlewares/ST/STM32_USB_Device_Library/Core/Src/usbd_ioreq.o
                0x0000000008106dfa                USBD_CtlSendStatus
 .text.USBD_CtlReceiveStatus
                0x0000000008106e20       0x26 ./Middlewares/ST/STM32_USB_Device_Library/Core/Src/usbd_ioreq.o
                0x0000000008106e20                USBD_CtlReceiveStatus
 *fill*         0x0000000008106e46        0x2 
 .text.MX_USB_DEVICE_Init
                0x0000000008106e48       0x60 ./USB_DEVICE/App/usb_device.o
                0x0000000008106e48                MX_USB_DEVICE_Init
 .text.CDC_Init_FS
                0x0000000008106ea8       0x28 ./USB_DEVICE/App/usbd_cdc_if.o
 .text.CDC_DeInit_FS
                0x0000000008106ed0       0x10 ./USB_DEVICE/App/usbd_cdc_if.o
 .text.CDC_Control_FS
                0x0000000008106ee0       0xbc ./USB_DEVICE/App/usbd_cdc_if.o
 .text.CDC_Receive_FS
                0x0000000008106f9c       0x44 ./USB_DEVICE/App/usbd_cdc_if.o
 .text.CDC_TransmitCplt_FS
                0x0000000008106fe0       0x22 ./USB_DEVICE/App/usbd_cdc_if.o
 *fill*         0x0000000008107002        0x2 
 .text.USBD_FS_DeviceDescriptor
                0x0000000008107004       0x24 ./USB_DEVICE/App/usbd_desc.o
                0x0000000008107004                USBD_FS_DeviceDescriptor
 .text.USBD_FS_LangIDStrDescriptor
                0x0000000008107028       0x24 ./USB_DEVICE/App/usbd_desc.o
                0x0000000008107028                USBD_FS_LangIDStrDescriptor
 .text.USBD_FS_ProductStrDescriptor
                0x000000000810704c       0x3c ./USB_DEVICE/App/usbd_desc.o
                0x000000000810704c                USBD_FS_ProductStrDescriptor
 .text.USBD_FS_ManufacturerStrDescriptor
                0x0000000008107088       0x28 ./USB_DEVICE/App/usbd_desc.o
                0x0000000008107088                USBD_FS_ManufacturerStrDescriptor
 .text.USBD_FS_SerialStrDescriptor
                0x00000000081070b0       0x24 ./USB_DEVICE/App/usbd_desc.o
                0x00000000081070b0                USBD_FS_SerialStrDescriptor
 .text.USBD_FS_ConfigStrDescriptor
                0x00000000081070d4       0x3c ./USB_DEVICE/App/usbd_desc.o
                0x00000000081070d4                USBD_FS_ConfigStrDescriptor
 .text.USBD_FS_InterfaceStrDescriptor
                0x0000000008107110       0x3c ./USB_DEVICE/App/usbd_desc.o
                0x0000000008107110                USBD_FS_InterfaceStrDescriptor
 .text.USBD_FS_USR_BOSDescriptor
                0x000000000810714c       0x24 ./USB_DEVICE/App/usbd_desc.o
                0x000000000810714c                USBD_FS_USR_BOSDescriptor
 .text.Get_SerialNum
                0x0000000008107170       0x58 ./USB_DEVICE/App/usbd_desc.o
 .text.IntToUnicode
                0x00000000081071c8       0x7e ./USB_DEVICE/App/usbd_desc.o
 *fill*         0x0000000008107246        0x2 
 .text.HAL_PCD_MspInit
                0x0000000008107248      0x104 ./USB_DEVICE/Target/usbd_conf.o
                0x0000000008107248                HAL_PCD_MspInit
 .text.HAL_PCD_SetupStageCallback
                0x000000000810734c       0x24 ./USB_DEVICE/Target/usbd_conf.o
                0x000000000810734c                HAL_PCD_SetupStageCallback
 .text.HAL_PCD_DataOutStageCallback
                0x0000000008107370       0x36 ./USB_DEVICE/Target/usbd_conf.o
                0x0000000008107370                HAL_PCD_DataOutStageCallback
 .text.HAL_PCD_DataInStageCallback
                0x00000000081073a6       0x34 ./USB_DEVICE/Target/usbd_conf.o
                0x00000000081073a6                HAL_PCD_DataInStageCallback
 .text.HAL_PCD_SOFCallback
                0x00000000081073da       0x1c ./USB_DEVICE/Target/usbd_conf.o
                0x00000000081073da                HAL_PCD_SOFCallback
 .text.HAL_PCD_ResetCallback
                0x00000000081073f6       0x3c ./USB_DEVICE/Target/usbd_conf.o
                0x00000000081073f6                HAL_PCD_ResetCallback
 *fill*         0x0000000008107432        0x2 
 .text.HAL_PCD_SuspendCallback
                0x0000000008107434       0x4c ./USB_DEVICE/Target/usbd_conf.o
                0x0000000008107434                HAL_PCD_SuspendCallback
 .text.HAL_PCD_ResumeCallback
                0x0000000008107480       0x50 ./USB_DEVICE/Target/usbd_conf.o
                0x0000000008107480                HAL_PCD_ResumeCallback
 .text.HAL_PCD_ISOOUTIncompleteCallback
                0x00000000081074d0       0x24 ./USB_DEVICE/Target/usbd_conf.o
                0x00000000081074d0                HAL_PCD_ISOOUTIncompleteCallback
 .text.HAL_PCD_ISOINIncompleteCallback
                0x00000000081074f4       0x24 ./USB_DEVICE/Target/usbd_conf.o
                0x00000000081074f4                HAL_PCD_ISOINIncompleteCallback
 .text.HAL_PCD_ConnectCallback
                0x0000000008107518       0x1c ./USB_DEVICE/Target/usbd_conf.o
                0x0000000008107518                HAL_PCD_ConnectCallback
 .text.HAL_PCD_DisconnectCallback
                0x0000000008107534       0x1c ./USB_DEVICE/Target/usbd_conf.o
                0x0000000008107534                HAL_PCD_DisconnectCallback
 .text.USBD_LL_Init
                0x0000000008107550       0x94 ./USB_DEVICE/Target/usbd_conf.o
                0x0000000008107550                USBD_LL_Init
 .text.USBD_LL_Start
                0x00000000081075e4       0x64 ./USB_DEVICE/Target/usbd_conf.o
                0x00000000081075e4                USBD_LL_Start
 .text.USBD_LL_OpenEP
                0x0000000008107648       0x7c ./USB_DEVICE/Target/usbd_conf.o
                0x0000000008107648                USBD_LL_OpenEP
 .text.USBD_LL_CloseEP
                0x00000000081076c4       0x6c ./USB_DEVICE/Target/usbd_conf.o
                0x00000000081076c4                USBD_LL_CloseEP
 .text.USBD_LL_StallEP
                0x0000000008107730       0x6c ./USB_DEVICE/Target/usbd_conf.o
                0x0000000008107730                USBD_LL_StallEP
 .text.USBD_LL_ClearStallEP
                0x000000000810779c       0x6c ./USB_DEVICE/Target/usbd_conf.o
                0x000000000810779c                USBD_LL_ClearStallEP
 .text.USBD_LL_IsStallEP
                0x0000000008107808       0x58 ./USB_DEVICE/Target/usbd_conf.o
                0x0000000008107808                USBD_LL_IsStallEP
 .text.USBD_LL_SetUSBAddress
                0x0000000008107860       0x6c ./USB_DEVICE/Target/usbd_conf.o
                0x0000000008107860                USBD_LL_SetUSBAddress
 .text.USBD_LL_Transmit
                0x00000000081078cc       0x70 ./USB_DEVICE/Target/usbd_conf.o
                0x00000000081078cc                USBD_LL_Transmit
 .text.USBD_LL_PrepareReceive
                0x000000000810793c       0x70 ./USB_DEVICE/Target/usbd_conf.o
                0x000000000810793c                USBD_LL_PrepareReceive
 .text.USBD_LL_GetRxDataSize
                0x00000000081079ac       0x26 ./USB_DEVICE/Target/usbd_conf.o
                0x00000000081079ac                USBD_LL_GetRxDataSize
 *fill*         0x00000000081079d2        0x2 
 .text.HAL_PCDEx_LPM_Callback
                0x00000000081079d4       0x9c ./USB_DEVICE/Target/usbd_conf.o
                0x00000000081079d4                HAL_PCDEx_LPM_Callback
 .text.USBD_static_malloc
                0x0000000008107a70       0x1c ./USB_DEVICE/Target/usbd_conf.o
                0x0000000008107a70                USBD_static_malloc
 .text.USBD_static_free
                0x0000000008107a8c       0x14 ./USB_DEVICE/Target/usbd_conf.o
                0x0000000008107a8c                USBD_static_free
 .text.SystemClockConfig_Resume
                0x0000000008107aa0        0xc ./USB_DEVICE/Target/usbd_conf.o
 .text.__libc_init_array
                0x0000000008107aac       0x48 c:/st/stm32cubeide_1.11.0/stm32cubeide/plugins/com.st.stm32cube.ide.mcu.externaltools.gnu-tools-for-stm32.10.3-2021.10.win32_1.0.100.202210260954/tools/bin/../lib/gcc/arm-none-eabi/10.3.1/../../../../arm-none-eabi/lib/thumb/v7e-m+fp/hard\libc_nano.a(lib_a-init.o)
                0x0000000008107aac                __libc_init_array
 .text.memset   0x0000000008107af4       0x10 c:/st/stm32cubeide_1.11.0/stm32cubeide/plugins/com.st.stm32cube.ide.mcu.externaltools.gnu-tools-for-stm32.10.3-2021.10.win32_1.0.100.202210260954/tools/bin/../lib/gcc/arm-none-eabi/10.3.1/../../../../arm-none-eabi/lib/thumb/v7e-m+fp/hard\libc_nano.a(lib_a-memset.o)
                0x0000000008107af4                memset
 *(.glue_7)
 .glue_7        0x0000000008107b04        0x0 linker stubs
 *(.glue_7t)
 .glue_7t       0x0000000008107b04        0x0 linker stubs
 *(.eh_frame)
 .eh_frame      0x0000000008107b04        0x0 c:/st/stm32cubeide_1.11.0/stm32cubeide/plugins/com.st.stm32cube.ide.mcu.externaltools.gnu-tools-for-stm32.10.3-2021.10.win32_1.0.100.202210260954/tools/bin/../lib/gcc/arm-none-eabi/10.3.1/thumb/v7e-m+fp/hard/crtbegin.o
 *(.init)
 .init          0x0000000008107b04        0x4 c:/st/stm32cubeide_1.11.0/stm32cubeide/plugins/com.st.stm32cube.ide.mcu.externaltools.gnu-tools-for-stm32.10.3-2021.10.win32_1.0.100.202210260954/tools/bin/../lib/gcc/arm-none-eabi/10.3.1/thumb/v7e-m+fp/hard/crti.o
                0x0000000008107b04                _init
 .init          0x0000000008107b08        0x8 c:/st/stm32cubeide_1.11.0/stm32cubeide/plugins/com.st.stm32cube.ide.mcu.externaltools.gnu-tools-for-stm32.10.3-2021.10.win32_1.0.100.202210260954/tools/bin/../lib/gcc/arm-none-eabi/10.3.1/thumb/v7e-m+fp/hard/crtn.o
 *(.fini)
 .fini          0x0000000008107b10        0x4 c:/st/stm32cubeide_1.11.0/stm32cubeide/plugins/com.st.stm32cube.ide.mcu.externaltools.gnu-tools-for-stm32.10.3-2021.10.win32_1.0.100.202210260954/tools/bin/../lib/gcc/arm-none-eabi/10.3.1/thumb/v7e-m+fp/hard/crti.o
                0x0000000008107b10                _fini
 .fini          0x0000000008107b14        0x8 c:/st/stm32cubeide_1.11.0/stm32cubeide/plugins/com.st.stm32cube.ide.mcu.externaltools.gnu-tools-for-stm32.10.3-2021.10.win32_1.0.100.202210260954/tools/bin/../lib/gcc/arm-none-eabi/10.3.1/thumb/v7e-m+fp/hard/crtn.o
                0x0000000008107b1c                . = ALIGN (0x4)
                0x0000000008107b1c                _etext = .

.vfp11_veneer   0x0000000008107b1c        0x0
 .vfp11_veneer  0x0000000008107b1c        0x0 linker stubs

.v4_bx          0x0000000008107b1c        0x0
 .v4_bx         0x0000000008107b1c        0x0 linker stubs

.iplt           0x0000000008107b1c        0x0
 .iplt          0x0000000008107b1c        0x0 c:/st/stm32cubeide_1.11.0/stm32cubeide/plugins/com.st.stm32cube.ide.mcu.externaltools.gnu-tools-for-stm32.10.3-2021.10.win32_1.0.100.202210260954/tools/bin/../lib/gcc/arm-none-eabi/10.3.1/thumb/v7e-m+fp/hard/crtbegin.o

.rodata         0x0000000008107b1c       0x7c
                0x0000000008107b1c                . = ALIGN (0x4)
 *(.rodata)
 .rodata        0x0000000008107b1c       0x3a ./USB_DEVICE/App/usbd_desc.o
 *(.rodata*)
 *fill*         0x0000000008107b56        0x2 
 .rodata.AHBPrescTable
                0x0000000008107b58       0x10 ./Core/Src/system_stm32l4xx.o
                0x0000000008107b58                AHBPrescTable
 .rodata.MSIRangeTable
                0x0000000008107b68       0x30 ./Core/Src/system_stm32l4xx.o
                0x0000000008107b68                MSIRangeTable
                0x0000000008107b98                . = ALIGN (0x4)

.rel.dyn        0x0000000008107b98        0x0
 .rel.iplt      0x0000000008107b98        0x0 c:/st/stm32cubeide_1.11.0/stm32cubeide/plugins/com.st.stm32cube.ide.mcu.externaltools.gnu-tools-for-stm32.10.3-2021.10.win32_1.0.100.202210260954/tools/bin/../lib/gcc/arm-none-eabi/10.3.1/thumb/v7e-m+fp/hard/crtbegin.o

.ARM.extab      0x0000000008107b98        0x0
                0x0000000008107b98                . = ALIGN (0x4)
 *(.ARM.extab* .gnu.linkonce.armextab.*)
                0x0000000008107b98                . = ALIGN (0x4)

.ARM            0x0000000008107b98        0x0
                0x0000000008107b98                . = ALIGN (0x4)
                0x0000000008107b98                __exidx_start = .
 *(.ARM.exidx*)
                0x0000000008107b98                __exidx_end = .
                0x0000000008107b98                . = ALIGN (0x4)

.preinit_array  0x0000000008107b98        0x0
                0x0000000008107b98                . = ALIGN (0x4)
                0x0000000008107b98                PROVIDE (__preinit_array_start = .)
 *(.preinit_array*)
                0x0000000008107b98                PROVIDE (__preinit_array_end = .)
                0x0000000008107b98                . = ALIGN (0x4)

.init_array     0x0000000008107b98        0x4
                0x0000000008107b98                . = ALIGN (0x4)
                0x0000000008107b98                PROVIDE (__init_array_start = .)
 *(SORT_BY_NAME(.init_array.*))
 *(.init_array*)
 .init_array    0x0000000008107b98        0x4 c:/st/stm32cubeide_1.11.0/stm32cubeide/plugins/com.st.stm32cube.ide.mcu.externaltools.gnu-tools-for-stm32.10.3-2021.10.win32_1.0.100.202210260954/tools/bin/../lib/gcc/arm-none-eabi/10.3.1/thumb/v7e-m+fp/hard/crtbegin.o
                0x0000000008107b9c                PROVIDE (__init_array_end = .)
                0x0000000008107b9c                . = ALIGN (0x4)

.fini_array     0x0000000008107b9c        0x4
                0x0000000008107b9c                . = ALIGN (0x4)
                [!provide]                        PROVIDE (__fini_array_start = .)
 *(SORT_BY_NAME(.fini_array.*))
 *(.fini_array*)
 .fini_array    0x0000000008107b9c        0x4 c:/st/stm32cubeide_1.11.0/stm32cubeide/plugins/com.st.stm32cube.ide.mcu.externaltools.gnu-tools-for-stm32.10.3-2021.10.win32_1.0.100.202210260954/tools/bin/../lib/gcc/arm-none-eabi/10.3.1/thumb/v7e-m+fp/hard/crtbegin.o
                [!provide]                        PROVIDE (__fini_array_end = .)
                0x0000000008107ba0                . = ALIGN (0x4)
                0x0000000008107ba0                _sidata = LOADADDR (.data)

.data           0x0000000020000000      0x1b0 load address 0x0000000008107ba0
                0x0000000020000000                . = ALIGN (0x4)
                0x0000000020000000                _sdata = .
 *(.data)
 *(.data*)
 .data.SystemCoreClock
                0x0000000020000000        0x4 ./Core/Src/system_stm32l4xx.o
                0x0000000020000000                SystemCoreClock
 .data.uwTickPrio
                0x0000000020000004        0x4 ./Drivers/STM32L4xx_HAL_Driver/Src/stm32l4xx_hal.o
                0x0000000020000004                uwTickPrio
 .data.uwTickFreq
                0x0000000020000008        0x1 ./Drivers/STM32L4xx_HAL_Driver/Src/stm32l4xx_hal.o
                0x0000000020000008                uwTickFreq
 *fill*         0x0000000020000009        0x3 
 .data.pFlash   0x000000002000000c       0x20 ./Drivers/STM32L4xx_HAL_Driver/Src/stm32l4xx_hal_flash.o
                0x000000002000000c                pFlash
 .data.USBD_CDC_DeviceQualifierDesc
                0x000000002000002c        0xa ./Middlewares/ST/STM32_USB_Device_Library/Class/CDC/Src/usbd_cdc.o
 *fill*         0x0000000020000036        0x2 
 .data.USBD_CDC
                0x0000000020000038       0x38 ./Middlewares/ST/STM32_USB_Device_Library/Class/CDC/Src/usbd_cdc.o
                0x0000000020000038                USBD_CDC
 .data.USBD_CDC_CfgHSDesc
                0x0000000020000070       0x43 ./Middlewares/ST/STM32_USB_Device_Library/Class/CDC/Src/usbd_cdc.o
 *fill*         0x00000000200000b3        0x1 
 .data.USBD_CDC_CfgFSDesc
                0x00000000200000b4       0x43 ./Middlewares/ST/STM32_USB_Device_Library/Class/CDC/Src/usbd_cdc.o
 *fill*         0x00000000200000f7        0x1 
 .data.USBD_CDC_OtherSpeedCfgDesc
                0x00000000200000f8       0x43 ./Middlewares/ST/STM32_USB_Device_Library/Class/CDC/Src/usbd_cdc.o
 *fill*         0x000000002000013b        0x1 
 .data.USBD_Interface_fops_FS
                0x000000002000013c       0x14 ./USB_DEVICE/App/usbd_cdc_if.o
                0x000000002000013c                USBD_Interface_fops_FS
 .data.FS_Desc  0x0000000020000150       0x20 ./USB_DEVICE/App/usbd_desc.o
                0x0000000020000150                FS_Desc
 .data.USBD_FS_DeviceDesc
                0x0000000020000170       0x12 ./USB_DEVICE/App/usbd_desc.o
                0x0000000020000170                USBD_FS_DeviceDesc
 *fill*         0x0000000020000182        0x2 
 .data.USBD_FS_BOSDesc
                0x0000000020000184        0xc ./USB_DEVICE/App/usbd_desc.o
                0x0000000020000184                USBD_FS_BOSDesc
 .data.USBD_LangIDDesc
                0x0000000020000190        0x4 ./USB_DEVICE/App/usbd_desc.o
                0x0000000020000190                USBD_LangIDDesc
 .data.USBD_StringSerial
                0x0000000020000194       0x1a ./USB_DEVICE/App/usbd_desc.o
                0x0000000020000194                USBD_StringSerial
 *(.RamFunc)
 *(.RamFunc*)
                0x00000000200001b0                . = ALIGN (0x4)
 *fill*         0x00000000200001ae        0x2 
                0x00000000200001b0                _edata = .

.igot.plt       0x00000000200001b0        0x0 load address 0x0000000008107d50
 .igot.plt      0x00000000200001b0        0x0 c:/st/stm32cubeide_1.11.0/stm32cubeide/plugins/com.st.stm32cube.ide.mcu.externaltools.gnu-tools-for-stm32.10.3-2021.10.win32_1.0.100.202210260954/tools/bin/../lib/gcc/arm-none-eabi/10.3.1/thumb/v7e-m+fp/hard/crtbegin.o
                0x00000000200001b0                . = ALIGN (0x4)

.bss            0x00000000200001b0     0x1c20 load address 0x0000000008107d50
                0x00000000200001b0                _sbss = .
                0x00000000200001b0                __bss_start__ = _sbss
 *(.bss)
 .bss           0x00000000200001b0       0x1c c:/st/stm32cubeide_1.11.0/stm32cubeide/plugins/com.st.stm32cube.ide.mcu.externaltools.gnu-tools-for-stm32.10.3-2021.10.win32_1.0.100.202210260954/tools/bin/../lib/gcc/arm-none-eabi/10.3.1/thumb/v7e-m+fp/hard/crtbegin.o
 *(.bss*)
 .bss.uwTick    0x00000000200001cc        0x4 ./Drivers/STM32L4xx_HAL_Driver/Src/stm32l4xx_hal.o
                0x00000000200001cc                uwTick
 .bss.cfgidx.0  0x00000000200001d0        0x1 ./Middlewares/ST/STM32_USB_Device_Library/Core/Src/usbd_ctlreq.o
 *fill*         0x00000000200001d1        0x3 
 .bss.hUsbDeviceFS
                0x00000000200001d4      0x2d0 ./USB_DEVICE/App/usb_device.o
                0x00000000200001d4                hUsbDeviceFS
 .bss.UserRxBufferFS
                0x00000000200004a4      0x800 ./USB_DEVICE/App/usbd_cdc_if.o
                0x00000000200004a4                UserRxBufferFS
 .bss.UserTxBufferFS
                0x0000000020000ca4      0x800 ./USB_DEVICE/App/usbd_cdc_if.o
                0x0000000020000ca4                UserTxBufferFS
 .bss.USBD_StrDesc
                0x00000000200014a4      0x200 ./USB_DEVICE/App/usbd_desc.o
                0x00000000200014a4                USBD_StrDesc
 .bss.hpcd_USB_OTG_FS
                0x00000000200016a4      0x50c ./USB_DEVICE/Target/usbd_conf.o
                0x00000000200016a4                hpcd_USB_OTG_FS
 .bss.mem.0     0x0000000020001bb0      0x220 ./USB_DEVICE/Target/usbd_conf.o
 *(COMMON)
                0x0000000020001dd0                . = ALIGN (0x4)
                0x0000000020001dd0                _ebss = .
                0x0000000020001dd0                __bss_end__ = _ebss

._user_heap_stack
                0x0000000020001dd0      0x600 load address 0x0000000008107d50
                0x0000000020001dd0                . = ALIGN (0x8)
                [!provide]                        PROVIDE (end = .)
                0x0000000020001dd0                PROVIDE (_end = .)
                0x0000000020001fd0                . = (. + _Min_Heap_Size)
 *fill*         0x0000000020001dd0      0x200 
                0x00000000200023d0                . = (. + _Min_Stack_Size)
 *fill*         0x0000000020001fd0      0x400 
                0x00000000200023d0                . = ALIGN (0x8)

/DISCARD/
 libc.a(*)
 libm.a(*)
 libgcc.a(*)

.ARM.attributes
                0x0000000000000000       0x30
 *(.ARM.attributes)
 .ARM.attributes
                0x0000000000000000       0x1e c:/st/stm32cubeide_1.11.0/stm32cubeide/plugins/com.st.stm32cube.ide.mcu.externaltools.gnu-tools-for-stm32.10.3-2021.10.win32_1.0.100.202210260954/tools/bin/../lib/gcc/arm-none-eabi/10.3.1/thumb/v7e-m+fp/hard/crti.o
 .ARM.attributes
                0x000000000000001e       0x34 c:/st/stm32cubeide_1.11.0/stm32cubeide/plugins/com.st.stm32cube.ide.mcu.externaltools.gnu-tools-for-stm32.10.3-2021.10.win32_1.0.100.202210260954/tools/bin/../lib/gcc/arm-none-eabi/10.3.1/thumb/v7e-m+fp/hard/crtbegin.o
 .ARM.attributes
                0x0000000000000052       0x34 ./Core/Src/Flash.o
 .ARM.attributes
                0x0000000000000086       0x34 ./Core/Src/main.o
 .ARM.attributes
                0x00000000000000ba       0x34 ./Core/Src/stm32l4xx_hal_msp.o
 .ARM.attributes
                0x00000000000000ee       0x34 ./Core/Src/stm32l4xx_it.o
 .ARM.attributes
                0x0000000000000122       0x34 ./Core/Src/system_stm32l4xx.o
 .ARM.attributes
                0x0000000000000156       0x21 ./Core/Startup/startup_stm32l4r9zgyx.o
 .ARM.attributes
                0x0000000000000177       0x34 ./Drivers/STM32L4xx_HAL_Driver/Src/stm32l4xx_hal.o
 .ARM.attributes
                0x00000000000001ab       0x34 ./Drivers/STM32L4xx_HAL_Driver/Src/stm32l4xx_hal_cortex.o
 .ARM.attributes
                0x00000000000001df       0x34 ./Drivers/STM32L4xx_HAL_Driver/Src/stm32l4xx_hal_flash.o
 .ARM.attributes
                0x0000000000000213       0x34 ./Drivers/STM32L4xx_HAL_Driver/Src/stm32l4xx_hal_flash_ex.o
 .ARM.attributes
                0x0000000000000247       0x34 ./Drivers/STM32L4xx_HAL_Driver/Src/stm32l4xx_hal_gpio.o
 .ARM.attributes
                0x000000000000027b       0x34 ./Drivers/STM32L4xx_HAL_Driver/Src/stm32l4xx_hal_pcd.o
 .ARM.attributes
                0x00000000000002af       0x34 ./Drivers/STM32L4xx_HAL_Driver/Src/stm32l4xx_hal_pcd_ex.o
 .ARM.attributes
                0x00000000000002e3       0x34 ./Drivers/STM32L4xx_HAL_Driver/Src/stm32l4xx_hal_pwr_ex.o
 .ARM.attributes
                0x0000000000000317       0x34 ./Drivers/STM32L4xx_HAL_Driver/Src/stm32l4xx_hal_rcc.o
 .ARM.attributes
                0x000000000000034b       0x34 ./Drivers/STM32L4xx_HAL_Driver/Src/stm32l4xx_hal_rcc_ex.o
 .ARM.attributes
                0x000000000000037f       0x34 ./Drivers/STM32L4xx_HAL_Driver/Src/stm32l4xx_ll_usb.o
 .ARM.attributes
                0x00000000000003b3       0x34 ./Middlewares/ST/STM32_USB_Device_Library/Class/CDC/Src/usbd_cdc.o
 .ARM.attributes
                0x00000000000003e7       0x34 ./Middlewares/ST/STM32_USB_Device_Library/Core/Src/usbd_core.o
 .ARM.attributes
                0x000000000000041b       0x34 ./Middlewares/ST/STM32_USB_Device_Library/Core/Src/usbd_ctlreq.o
 .ARM.attributes
                0x000000000000044f       0x34 ./Middlewares/ST/STM32_USB_Device_Library/Core/Src/usbd_ioreq.o
 .ARM.attributes
                0x0000000000000483       0x34 ./USB_DEVICE/App/usb_device.o
 .ARM.attributes
                0x00000000000004b7       0x34 ./USB_DEVICE/App/usbd_cdc_if.o
 .ARM.attributes
                0x00000000000004eb       0x34 ./USB_DEVICE/App/usbd_desc.o
 .ARM.attributes
                0x000000000000051f       0x34 ./USB_DEVICE/Target/usbd_conf.o
 .ARM.attributes
                0x0000000000000553       0x34 c:/st/stm32cubeide_1.11.0/stm32cubeide/plugins/com.st.stm32cube.ide.mcu.externaltools.gnu-tools-for-stm32.10.3-2021.10.win32_1.0.100.202210260954/tools/bin/../lib/gcc/arm-none-eabi/10.3.1/../../../../arm-none-eabi/lib/thumb/v7e-m+fp/hard\libc_nano.a(lib_a-init.o)
 .ARM.attributes
                0x0000000000000587       0x34 c:/st/stm32cubeide_1.11.0/stm32cubeide/plugins/com.st.stm32cube.ide.mcu.externaltools.gnu-tools-for-stm32.10.3-2021.10.win32_1.0.100.202210260954/tools/bin/../lib/gcc/arm-none-eabi/10.3.1/../../../../arm-none-eabi/lib/thumb/v7e-m+fp/hard\libc_nano.a(lib_a-memset.o)
 .ARM.attributes
                0x00000000000005bb       0x1e c:/st/stm32cubeide_1.11.0/stm32cubeide/plugins/com.st.stm32cube.ide.mcu.externaltools.gnu-tools-for-stm32.10.3-2021.10.win32_1.0.100.202210260954/tools/bin/../lib/gcc/arm-none-eabi/10.3.1/thumb/v7e-m+fp/hard/crtn.o
OUTPUT(usb_app.elf elf32-littlearm)
LOAD linker stubs
LOAD c:/st/stm32cubeide_1.11.0/stm32cubeide/plugins/com.st.stm32cube.ide.mcu.externaltools.gnu-tools-for-stm32.10.3-2021.10.win32_1.0.100.202210260954/tools/bin/../lib/gcc/arm-none-eabi/10.3.1/../../../../arm-none-eabi/lib/thumb/v7e-m+fp/hard\libc.a
LOAD c:/st/stm32cubeide_1.11.0/stm32cubeide/plugins/com.st.stm32cube.ide.mcu.externaltools.gnu-tools-for-stm32.10.3-2021.10.win32_1.0.100.202210260954/tools/bin/../lib/gcc/arm-none-eabi/10.3.1/../../../../arm-none-eabi/lib/thumb/v7e-m+fp/hard\libm.a
LOAD c:/st/stm32cubeide_1.11.0/stm32cubeide/plugins/com.st.stm32cube.ide.mcu.externaltools.gnu-tools-for-stm32.10.3-2021.10.win32_1.0.100.202210260954/tools/bin/../lib/gcc/arm-none-eabi/10.3.1/thumb/v7e-m+fp/hard\libgcc.a

.debug_info     0x0000000000000000    0x11837
 .debug_info    0x0000000000000000      0x24b ./Core/Src/Flash.o
 .debug_info    0x000000000000024b      0x788 ./Core/Src/main.o
 .debug_info    0x00000000000009d3      0x340 ./Core/Src/stm32l4xx_hal_msp.o
 .debug_info    0x0000000000000d13      0x6cf ./Core/Src/stm32l4xx_it.o
 .debug_info    0x00000000000013e2      0x5fe ./Core/Src/system_stm32l4xx.o
 .debug_info    0x00000000000019e0       0x22 ./Core/Startup/startup_stm32l4r9zgyx.o
 .debug_info    0x0000000000001a02      0xbab ./Drivers/STM32L4xx_HAL_Driver/Src/stm32l4xx_hal.o
 .debug_info    0x00000000000025ad      0xe51 ./Drivers/STM32L4xx_HAL_Driver/Src/stm32l4xx_hal_cortex.o
 .debug_info    0x00000000000033fe      0x748 ./Drivers/STM32L4xx_HAL_Driver/Src/stm32l4xx_hal_flash.o
 .debug_info    0x0000000000003b46      0x950 ./Drivers/STM32L4xx_HAL_Driver/Src/stm32l4xx_hal_flash_ex.o
 .debug_info    0x0000000000004496      0x859 ./Drivers/STM32L4xx_HAL_Driver/Src/stm32l4xx_hal_gpio.o
 .debug_info    0x0000000000004cef     0x1609 ./Drivers/STM32L4xx_HAL_Driver/Src/stm32l4xx_hal_pcd.o
 .debug_info    0x00000000000062f8      0x8e6 ./Drivers/STM32L4xx_HAL_Driver/Src/stm32l4xx_hal_pcd_ex.o
 .debug_info    0x0000000000006bde      0xa5e ./Drivers/STM32L4xx_HAL_Driver/Src/stm32l4xx_hal_pwr_ex.o
 .debug_info    0x000000000000763c      0xe19 ./Drivers/STM32L4xx_HAL_Driver/Src/stm32l4xx_hal_rcc.o
 .debug_info    0x0000000000008455     0x120d ./Drivers/STM32L4xx_HAL_Driver/Src/stm32l4xx_hal_rcc_ex.o
 .debug_info    0x0000000000009662     0x1ac6 ./Drivers/STM32L4xx_HAL_Driver/Src/stm32l4xx_ll_usb.o
 .debug_info    0x000000000000b128     0x11ea ./Middlewares/ST/STM32_USB_Device_Library/Class/CDC/Src/usbd_cdc.o
 .debug_info    0x000000000000c312      0xbcd ./Middlewares/ST/STM32_USB_Device_Library/Core/Src/usbd_core.o
 .debug_info    0x000000000000cedf      0xae0 ./Middlewares/ST/STM32_USB_Device_Library/Core/Src/usbd_ctlreq.o
 .debug_info    0x000000000000d9bf      0x78f ./Middlewares/ST/STM32_USB_Device_Library/Core/Src/usbd_ioreq.o
 .debug_info    0x000000000000e14e      0x71f ./USB_DEVICE/App/usb_device.o
 .debug_info    0x000000000000e86d      0x973 ./USB_DEVICE/App/usbd_cdc_if.o
 .debug_info    0x000000000000f1e0      0x503 ./USB_DEVICE/App/usbd_desc.o
 .debug_info    0x000000000000f6e3     0x2154 ./USB_DEVICE/Target/usbd_conf.o

.debug_abbrev   0x0000000000000000     0x3533
 .debug_abbrev  0x0000000000000000      0x145 ./Core/Src/Flash.o
 .debug_abbrev  0x0000000000000145      0x24e ./Core/Src/main.o
 .debug_abbrev  0x0000000000000393       0xc2 ./Core/Src/stm32l4xx_hal_msp.o
 .debug_abbrev  0x0000000000000455      0x199 ./Core/Src/stm32l4xx_it.o
 .debug_abbrev  0x00000000000005ee      0x116 ./Core/Src/system_stm32l4xx.o
 .debug_abbrev  0x0000000000000704       0x12 ./Core/Startup/startup_stm32l4r9zgyx.o
 .debug_abbrev  0x0000000000000716      0x23a ./Drivers/STM32L4xx_HAL_Driver/Src/stm32l4xx_hal.o
 .debug_abbrev  0x0000000000000950      0x316 ./Drivers/STM32L4xx_HAL_Driver/Src/stm32l4xx_hal_cortex.o
 .debug_abbrev  0x0000000000000c66      0x328 ./Drivers/STM32L4xx_HAL_Driver/Src/stm32l4xx_hal_flash.o
 .debug_abbrev  0x0000000000000f8e      0x266 ./Drivers/STM32L4xx_HAL_Driver/Src/stm32l4xx_hal_flash_ex.o
 .debug_abbrev  0x00000000000011f4      0x1bb ./Drivers/STM32L4xx_HAL_Driver/Src/stm32l4xx_hal_gpio.o
 .debug_abbrev  0x00000000000013af      0x2b4 ./Drivers/STM32L4xx_HAL_Driver/Src/stm32l4xx_hal_pcd.o
 .debug_abbrev  0x0000000000001663      0x24a ./Drivers/STM32L4xx_HAL_Driver/Src/stm32l4xx_hal_pcd_ex.o
 .debug_abbrev  0x00000000000018ad      0x1f3 ./Drivers/STM32L4xx_HAL_Driver/Src/stm32l4xx_hal_pwr_ex.o
 .debug_abbrev  0x0000000000001aa0      0x2f9 ./Drivers/STM32L4xx_HAL_Driver/Src/stm32l4xx_hal_rcc.o
 .debug_abbrev  0x0000000000001d99      0x299 ./Drivers/STM32L4xx_HAL_Driver/Src/stm32l4xx_hal_rcc_ex.o
 .debug_abbrev  0x0000000000002032      0x296 ./Drivers/STM32L4xx_HAL_Driver/Src/stm32l4xx_ll_usb.o
 .debug_abbrev  0x00000000000022c8      0x2b5 ./Middlewares/ST/STM32_USB_Device_Library/Class/CDC/Src/usbd_cdc.o
 .debug_abbrev  0x000000000000257d      0x23d ./Middlewares/ST/STM32_USB_Device_Library/Core/Src/usbd_core.o
 .debug_abbrev  0x00000000000027ba      0x26d ./Middlewares/ST/STM32_USB_Device_Library/Core/Src/usbd_ctlreq.o
 .debug_abbrev  0x0000000000002a27      0x19b ./Middlewares/ST/STM32_USB_Device_Library/Core/Src/usbd_ioreq.o
 .debug_abbrev  0x0000000000002bc2      0x19b ./USB_DEVICE/App/usb_device.o
 .debug_abbrev  0x0000000000002d5d      0x2ce ./USB_DEVICE/App/usbd_cdc_if.o
 .debug_abbrev  0x000000000000302b      0x1da ./USB_DEVICE/App/usbd_desc.o
 .debug_abbrev  0x0000000000003205      0x32e ./USB_DEVICE/Target/usbd_conf.o

.debug_aranges  0x0000000000000000      0xf68
 .debug_aranges
                0x0000000000000000       0x30 ./Core/Src/Flash.o
 .debug_aranges
                0x0000000000000030       0x40 ./Core/Src/main.o
 .debug_aranges
                0x0000000000000070       0x20 ./Core/Src/stm32l4xx_hal_msp.o
 .debug_aranges
                0x0000000000000090       0x68 ./Core/Src/stm32l4xx_it.o
 .debug_aranges
                0x00000000000000f8       0x28 ./Core/Src/system_stm32l4xx.o
 .debug_aranges
                0x0000000000000120       0x28 ./Core/Startup/startup_stm32l4r9zgyx.o
 .debug_aranges
                0x0000000000000148      0x130 ./Drivers/STM32L4xx_HAL_Driver/Src/stm32l4xx_hal.o
 .debug_aranges
                0x0000000000000278      0x118 ./Drivers/STM32L4xx_HAL_Driver/Src/stm32l4xx_hal_cortex.o
 .debug_aranges
                0x0000000000000390       0x88 ./Drivers/STM32L4xx_HAL_Driver/Src/stm32l4xx_hal_flash.o
 .debug_aranges
                0x0000000000000418       0x98 ./Drivers/STM32L4xx_HAL_Driver/Src/stm32l4xx_hal_flash_ex.o
 .debug_aranges
                0x00000000000004b0       0x58 ./Drivers/STM32L4xx_HAL_Driver/Src/stm32l4xx_hal_gpio.o
 .debug_aranges
                0x0000000000000508      0x138 ./Drivers/STM32L4xx_HAL_Driver/Src/stm32l4xx_hal_pcd.o
 .debug_aranges
                0x0000000000000640       0x60 ./Drivers/STM32L4xx_HAL_Driver/Src/stm32l4xx_hal_pcd_ex.o
 .debug_aranges
                0x00000000000006a0      0x170 ./Drivers/STM32L4xx_HAL_Driver/Src/stm32l4xx_hal_pwr_ex.o
 .debug_aranges
                0x0000000000000810       0x98 ./Drivers/STM32L4xx_HAL_Driver/Src/stm32l4xx_hal_rcc.o
 .debug_aranges
                0x00000000000008a8      0x110 ./Drivers/STM32L4xx_HAL_Driver/Src/stm32l4xx_hal_rcc_ex.o
 .debug_aranges
                0x00000000000009b8      0x1a0 ./Drivers/STM32L4xx_HAL_Driver/Src/stm32l4xx_ll_usb.o
 .debug_aranges
                0x0000000000000b58       0x90 ./Middlewares/ST/STM32_USB_Device_Library/Class/CDC/Src/usbd_cdc.o
 .debug_aranges
                0x0000000000000be8       0xb8 ./Middlewares/ST/STM32_USB_Device_Library/Core/Src/usbd_core.o
 .debug_aranges
                0x0000000000000ca0       0x90 ./Middlewares/ST/STM32_USB_Device_Library/Core/Src/usbd_ctlreq.o
 .debug_aranges
                0x0000000000000d30       0x50 ./Middlewares/ST/STM32_USB_Device_Library/Core/Src/usbd_ioreq.o
 .debug_aranges
                0x0000000000000d80       0x20 ./USB_DEVICE/App/usb_device.o
 .debug_aranges
                0x0000000000000da0       0x48 ./USB_DEVICE/App/usbd_cdc_if.o
 .debug_aranges
                0x0000000000000de8       0x68 ./USB_DEVICE/App/usbd_desc.o
 .debug_aranges
                0x0000000000000e50      0x118 ./USB_DEVICE/Target/usbd_conf.o

.debug_ranges   0x0000000000000000      0xde0
 .debug_ranges  0x0000000000000000       0x20 ./Core/Src/Flash.o
 .debug_ranges  0x0000000000000020       0x30 ./Core/Src/main.o
 .debug_ranges  0x0000000000000050       0x10 ./Core/Src/stm32l4xx_hal_msp.o
 .debug_ranges  0x0000000000000060       0x58 ./Core/Src/stm32l4xx_it.o
 .debug_ranges  0x00000000000000b8       0x18 ./Core/Src/system_stm32l4xx.o
 .debug_ranges  0x00000000000000d0       0x20 ./Core/Startup/startup_stm32l4r9zgyx.o
 .debug_ranges  0x00000000000000f0      0x120 ./Drivers/STM32L4xx_HAL_Driver/Src/stm32l4xx_hal.o
 .debug_ranges  0x0000000000000210      0x108 ./Drivers/STM32L4xx_HAL_Driver/Src/stm32l4xx_hal_cortex.o
 .debug_ranges  0x0000000000000318       0x78 ./Drivers/STM32L4xx_HAL_Driver/Src/stm32l4xx_hal_flash.o
 .debug_ranges  0x0000000000000390       0x88 ./Drivers/STM32L4xx_HAL_Driver/Src/stm32l4xx_hal_flash_ex.o
 .debug_ranges  0x0000000000000418       0x48 ./Drivers/STM32L4xx_HAL_Driver/Src/stm32l4xx_hal_gpio.o
 .debug_ranges  0x0000000000000460      0x128 ./Drivers/STM32L4xx_HAL_Driver/Src/stm32l4xx_hal_pcd.o
 .debug_ranges  0x0000000000000588       0x50 ./Drivers/STM32L4xx_HAL_Driver/Src/stm32l4xx_hal_pcd_ex.o
 .debug_ranges  0x00000000000005d8      0x160 ./Drivers/STM32L4xx_HAL_Driver/Src/stm32l4xx_hal_pwr_ex.o
 .debug_ranges  0x0000000000000738       0x88 ./Drivers/STM32L4xx_HAL_Driver/Src/stm32l4xx_hal_rcc.o
 .debug_ranges  0x00000000000007c0      0x100 ./Drivers/STM32L4xx_HAL_Driver/Src/stm32l4xx_hal_rcc_ex.o
 .debug_ranges  0x00000000000008c0      0x190 ./Drivers/STM32L4xx_HAL_Driver/Src/stm32l4xx_ll_usb.o
 .debug_ranges  0x0000000000000a50       0x80 ./Middlewares/ST/STM32_USB_Device_Library/Class/CDC/Src/usbd_cdc.o
 .debug_ranges  0x0000000000000ad0       0xa8 ./Middlewares/ST/STM32_USB_Device_Library/Core/Src/usbd_core.o
 .debug_ranges  0x0000000000000b78       0x80 ./Middlewares/ST/STM32_USB_Device_Library/Core/Src/usbd_ctlreq.o
 .debug_ranges  0x0000000000000bf8       0x40 ./Middlewares/ST/STM32_USB_Device_Library/Core/Src/usbd_ioreq.o
 .debug_ranges  0x0000000000000c38       0x10 ./USB_DEVICE/App/usb_device.o
 .debug_ranges  0x0000000000000c48       0x38 ./USB_DEVICE/App/usbd_cdc_if.o
 .debug_ranges  0x0000000000000c80       0x58 ./USB_DEVICE/App/usbd_desc.o
 .debug_ranges  0x0000000000000cd8      0x108 ./USB_DEVICE/Target/usbd_conf.o

.debug_macro    0x0000000000000000    0x32c63
 .debug_macro   0x0000000000000000      0x1f6 ./Core/Src/Flash.o
 .debug_macro   0x00000000000001f6      0xa78 ./Core/Src/Flash.o
 .debug_macro   0x0000000000000c6e      0x1a7 ./Core/Src/Flash.o
 .debug_macro   0x0000000000000e15       0x2e ./Core/Src/Flash.o
 .debug_macro   0x0000000000000e43       0x28 ./Core/Src/Flash.o
 .debug_macro   0x0000000000000e6b       0x22 ./Core/Src/Flash.o
 .debug_macro   0x0000000000000e8d       0x8e ./Core/Src/Flash.o
 .debug_macro   0x0000000000000f1b       0x51 ./Core/Src/Flash.o
 .debug_macro   0x0000000000000f6c      0x103 ./Core/Src/Flash.o
 .debug_macro   0x000000000000106f       0x6a ./Core/Src/Flash.o
 .debug_macro   0x00000000000010d9      0x1df ./Core/Src/Flash.o
 .debug_macro   0x00000000000012b8       0x1c ./Core/Src/Flash.o
 .debug_macro   0x00000000000012d4       0x22 ./Core/Src/Flash.o
 .debug_macro   0x00000000000012f6       0xfb ./Core/Src/Flash.o
 .debug_macro   0x00000000000013f1     0x1011 ./Core/Src/Flash.o
 .debug_macro   0x0000000000002402      0x11f ./Core/Src/Flash.o
 .debug_macro   0x0000000000002521    0x22e83 ./Core/Src/Flash.o
 .debug_macro   0x00000000000253a4       0x6d ./Core/Src/Flash.o
 .debug_macro   0x0000000000025411     0x38ed ./Core/Src/Flash.o
 .debug_macro   0x0000000000028cfe      0x174 ./Core/Src/Flash.o
 .debug_macro   0x0000000000028e72       0x5c ./Core/Src/Flash.o
 .debug_macro   0x0000000000028ece     0x1956 ./Core/Src/Flash.o
 .debug_macro   0x000000000002a824      0x83e ./Core/Src/Flash.o
 .debug_macro   0x000000000002b062      0x1b9 ./Core/Src/Flash.o
 .debug_macro   0x000000000002b21b      0x225 ./Core/Src/Flash.o
 .debug_macro   0x000000000002b440      0x486 ./Core/Src/Flash.o
 .debug_macro   0x000000000002b8c6      0x1ce ./Core/Src/Flash.o
 .debug_macro   0x000000000002ba94       0x43 ./Core/Src/Flash.o
 .debug_macro   0x000000000002bad7      0x23d ./Core/Src/Flash.o
 .debug_macro   0x000000000002bd14      0x241 ./Core/Src/Flash.o
 .debug_macro   0x000000000002bf55      0x416 ./Core/Src/Flash.o
 .debug_macro   0x000000000002c36b       0x1c ./Core/Src/Flash.o
 .debug_macro   0x000000000002c387       0xf2 ./Core/Src/Flash.o
 .debug_macro   0x000000000002c479      0x22c ./Core/Src/Flash.o
 .debug_macro   0x000000000002c6a5       0x61 ./Core/Src/Flash.o
 .debug_macro   0x000000000002c706       0xa5 ./Core/Src/Flash.o
 .debug_macro   0x000000000002c7ab      0x1f4 ./Core/Src/Flash.o
 .debug_macro   0x000000000002c99f       0x97 ./Core/Src/Flash.o
 .debug_macro   0x000000000002ca36      0x122 ./Core/Src/Flash.o
 .debug_macro   0x000000000002cb58      0x3f6 ./Core/Src/Flash.o
 .debug_macro   0x000000000002cf4e      0x432 ./Core/Src/Flash.o
 .debug_macro   0x000000000002d380      0x6a7 ./Core/Src/Flash.o
 .debug_macro   0x000000000002da27      0x3f1 ./Core/Src/main.o
 .debug_macro   0x000000000002de18       0x52 ./Core/Src/main.o
 .debug_macro   0x000000000002de6a       0x1e ./Core/Src/main.o
 .debug_macro   0x000000000002de88       0x3c ./Core/Src/main.o
 .debug_macro   0x000000000002dec4       0x34 ./Core/Src/main.o
 .debug_macro   0x000000000002def8       0x16 ./Core/Src/main.o
 .debug_macro   0x000000000002df0e       0x35 ./Core/Src/main.o
 .debug_macro   0x000000000002df43      0x341 ./Core/Src/main.o
 .debug_macro   0x000000000002e284       0x10 ./Core/Src/main.o
 .debug_macro   0x000000000002e294       0x16 ./Core/Src/main.o
 .debug_macro   0x000000000002e2aa       0x43 ./Core/Src/main.o
 .debug_macro   0x000000000002e2ed       0x34 ./Core/Src/main.o
 .debug_macro   0x000000000002e321       0x10 ./Core/Src/main.o
 .debug_macro   0x000000000002e331       0x58 ./Core/Src/main.o
 .debug_macro   0x000000000002e389       0x71 ./Core/Src/main.o
 .debug_macro   0x000000000002e3fa       0x1c ./Core/Src/main.o
 .debug_macro   0x000000000002e416      0x12a ./Core/Src/main.o
 .debug_macro   0x000000000002e540       0x10 ./Core/Src/main.o
 .debug_macro   0x000000000002e550       0x1c ./Core/Src/main.o
 .debug_macro   0x000000000002e56c       0x52 ./Core/Src/main.o
 .debug_macro   0x000000000002e5be       0x22 ./Core/Src/main.o
 .debug_macro   0x000000000002e5e0       0x10 ./Core/Src/main.o
 .debug_macro   0x000000000002e5f0       0x52 ./Core/Src/main.o
 .debug_macro   0x000000000002e642       0xd5 ./Core/Src/main.o
 .debug_macro   0x000000000002e717       0x1c ./Core/Src/main.o
 .debug_macro   0x000000000002e733       0x3d ./Core/Src/main.o
 .debug_macro   0x000000000002e770       0x16 ./Core/Src/main.o
 .debug_macro   0x000000000002e786      0x145 ./Core/Src/main.o
 .debug_macro   0x000000000002e8cb       0x16 ./Core/Src/main.o
 .debug_macro   0x000000000002e8e1       0x16 ./Core/Src/main.o
 .debug_macro   0x000000000002e8f7       0x29 ./Core/Src/main.o
 .debug_macro   0x000000000002e920       0x16 ./Core/Src/main.o
 .debug_macro   0x000000000002e936       0x20 ./Core/Src/main.o
 .debug_macro   0x000000000002e956       0x5f ./Core/Src/main.o
 .debug_macro   0x000000000002e9b5      0x1ef ./Core/Src/main.o
 .debug_macro   0x000000000002eba4      0x1ed ./Core/Src/stm32l4xx_hal_msp.o
 .debug_macro   0x000000000002ed91      0x1f7 ./Core/Src/stm32l4xx_it.o
 .debug_macro   0x000000000002ef88      0x1f7 ./Core/Src/system_stm32l4xx.o
 .debug_macro   0x000000000002f17f      0x231 ./Drivers/STM32L4xx_HAL_Driver/Src/stm32l4xx_hal.o
 .debug_macro   0x000000000002f3b0      0x1e3 ./Drivers/STM32L4xx_HAL_Driver/Src/stm32l4xx_hal_cortex.o
 .debug_macro   0x000000000002f593      0x1e9 ./Drivers/STM32L4xx_HAL_Driver/Src/stm32l4xx_hal_flash.o
 .debug_macro   0x000000000002f77c      0x1e3 ./Drivers/STM32L4xx_HAL_Driver/Src/stm32l4xx_hal_flash_ex.o
 .debug_macro   0x000000000002f95f      0x1ea ./Drivers/STM32L4xx_HAL_Driver/Src/stm32l4xx_hal_gpio.o
 .debug_macro   0x000000000002fb49      0x1ef ./Drivers/STM32L4xx_HAL_Driver/Src/stm32l4xx_hal_pcd.o
 .debug_macro   0x000000000002fd38      0x1e3 ./Drivers/STM32L4xx_HAL_Driver/Src/stm32l4xx_hal_pcd_ex.o
 .debug_macro   0x000000000002ff1b      0x20d ./Drivers/STM32L4xx_HAL_Driver/Src/stm32l4xx_hal_pwr_ex.o
 .debug_macro   0x0000000000030128      0x225 ./Drivers/STM32L4xx_HAL_Driver/Src/stm32l4xx_hal_rcc.o
 .debug_macro   0x000000000003034d      0x219 ./Drivers/STM32L4xx_HAL_Driver/Src/stm32l4xx_hal_rcc_ex.o
 .debug_macro   0x0000000000030566      0x1e3 ./Drivers/STM32L4xx_HAL_Driver/Src/stm32l4xx_ll_usb.o
 .debug_macro   0x0000000000030749      0x403 ./Middlewares/ST/STM32_USB_Device_Library/Class/CDC/Src/usbd_cdc.o
 .debug_macro   0x0000000000030b4c       0x97 ./Middlewares/ST/STM32_USB_Device_Library/Class/CDC/Src/usbd_cdc.o
 .debug_macro   0x0000000000030be3       0xfd ./Middlewares/ST/STM32_USB_Device_Library/Class/CDC/Src/usbd_cdc.o
 .debug_macro   0x0000000000030ce0       0x56 ./Middlewares/ST/STM32_USB_Device_Library/Class/CDC/Src/usbd_cdc.o
 .debug_macro   0x0000000000030d36       0x95 ./Middlewares/ST/STM32_USB_Device_Library/Class/CDC/Src/usbd_cdc.o
 .debug_macro   0x0000000000030dcb      0x3ea ./Middlewares/ST/STM32_USB_Device_Library/Core/Src/usbd_core.o
 .debug_macro   0x00000000000311b5      0x1f5 ./Middlewares/ST/STM32_USB_Device_Library/Core/Src/usbd_core.o
 .debug_macro   0x00000000000313aa      0x3f4 ./Middlewares/ST/STM32_USB_Device_Library/Core/Src/usbd_ctlreq.o
 .debug_macro   0x000000000003179e      0x3f0 ./Middlewares/ST/STM32_USB_Device_Library/Core/Src/usbd_ioreq.o
 .debug_macro   0x0000000000031b8e      0x429 ./USB_DEVICE/App/usb_device.o
 .debug_macro   0x0000000000031fb7       0x22 ./USB_DEVICE/App/usb_device.o
 .debug_macro   0x0000000000031fd9       0x16 ./USB_DEVICE/App/usb_device.o
 .debug_macro   0x0000000000031fef      0x40e ./USB_DEVICE/App/usbd_cdc_if.o
 .debug_macro   0x00000000000323fd       0x10 ./USB_DEVICE/App/usbd_cdc_if.o
 .debug_macro   0x000000000003240d      0x42d ./USB_DEVICE/App/usbd_desc.o
 .debug_macro   0x000000000003283a       0x1c ./USB_DEVICE/App/usbd_desc.o
 .debug_macro   0x0000000000032856      0x40d ./USB_DEVICE/Target/usbd_conf.o

.debug_line     0x0000000000000000    0x137ac
 .debug_line    0x0000000000000000      0x74f ./Core/Src/Flash.o
 .debug_line    0x000000000000074f      0xa93 ./Core/Src/main.o
 .debug_line    0x00000000000011e2      0x6f2 ./Core/Src/stm32l4xx_hal_msp.o
 .debug_line    0x00000000000018d4      0x7cd ./Core/Src/stm32l4xx_it.o
 .debug_line    0x00000000000020a1      0x790 ./Core/Src/system_stm32l4xx.o
 .debug_line    0x0000000000002831       0x88 ./Core/Startup/startup_stm32l4r9zgyx.o
 .debug_line    0x00000000000028b9      0xae2 ./Drivers/STM32L4xx_HAL_Driver/Src/stm32l4xx_hal.o
 .debug_line    0x000000000000339b      0xc89 ./Drivers/STM32L4xx_HAL_Driver/Src/stm32l4xx_hal_cortex.o
 .debug_line    0x0000000000004024      0xa7c ./Drivers/STM32L4xx_HAL_Driver/Src/stm32l4xx_hal_flash.o
 .debug_line    0x0000000000004aa0      0xe3a ./Drivers/STM32L4xx_HAL_Driver/Src/stm32l4xx_hal_flash_ex.o
 .debug_line    0x00000000000058da      0xb3e ./Drivers/STM32L4xx_HAL_Driver/Src/stm32l4xx_hal_gpio.o
 .debug_line    0x0000000000006418     0x1304 ./Drivers/STM32L4xx_HAL_Driver/Src/stm32l4xx_hal_pcd.o
 .debug_line    0x000000000000771c      0x8c2 ./Drivers/STM32L4xx_HAL_Driver/Src/stm32l4xx_hal_pcd_ex.o
 .debug_line    0x0000000000007fde      0xd4f ./Drivers/STM32L4xx_HAL_Driver/Src/stm32l4xx_hal_pwr_ex.o
 .debug_line    0x0000000000008d2d     0x1036 ./Drivers/STM32L4xx_HAL_Driver/Src/stm32l4xx_hal_rcc.o
 .debug_line    0x0000000000009d63     0x1974 ./Drivers/STM32L4xx_HAL_Driver/Src/stm32l4xx_hal_rcc_ex.o
 .debug_line    0x000000000000b6d7     0x1937 ./Drivers/STM32L4xx_HAL_Driver/Src/stm32l4xx_ll_usb.o
 .debug_line    0x000000000000d00e      0xdbf ./Middlewares/ST/STM32_USB_Device_Library/Class/CDC/Src/usbd_cdc.o
 .debug_line    0x000000000000ddcd      0xe42 ./Middlewares/ST/STM32_USB_Device_Library/Core/Src/usbd_core.o
 .debug_line    0x000000000000ec0f     0x10e2 ./Middlewares/ST/STM32_USB_Device_Library/Core/Src/usbd_ctlreq.o
 .debug_line    0x000000000000fcf1      0xa99 ./Middlewares/ST/STM32_USB_Device_Library/Core/Src/usbd_ioreq.o
 .debug_line    0x000000000001078a      0xa55 ./USB_DEVICE/App/usb_device.o
 .debug_line    0x00000000000111df      0xaba ./USB_DEVICE/App/usbd_cdc_if.o
 .debug_line    0x0000000000011c99      0xb39 ./USB_DEVICE/App/usbd_desc.o
 .debug_line    0x00000000000127d2      0xfda ./USB_DEVICE/Target/usbd_conf.o

.debug_str      0x0000000000000000   0x120d61
 .debug_str     0x0000000000000000   0x1172db ./Core/Src/Flash.o
                                     0x117593 (size before relaxing)
 .debug_str     0x00000000001172db     0x4c3d ./Core/Src/main.o
                                     0x11c18a (size before relaxing)
 .debug_str     0x000000000011bf18       0x2c ./Core/Src/stm32l4xx_hal_msp.o
                                     0x1138a2 (size before relaxing)
 .debug_str     0x000000000011bf44      0x4d4 ./Core/Src/stm32l4xx_it.o
                                     0x113c1d (size before relaxing)
 .debug_str     0x000000000011c418      0x146 ./Core/Src/system_stm32l4xx.o
                                     0x1139bd (size before relaxing)
 .debug_str     0x000000000011c55e       0x36 ./Core/Startup/startup_stm32l4r9zgyx.o
                                         0x55 (size before relaxing)
 .debug_str     0x000000000011c594      0xae2 ./Drivers/STM32L4xx_HAL_Driver/Src/stm32l4xx_hal.o
                                     0x114565 (size before relaxing)
 .debug_str     0x000000000011d076      0x350 ./Drivers/STM32L4xx_HAL_Driver/Src/stm32l4xx_hal_cortex.o
                                     0x1141f4 (size before relaxing)
 .debug_str     0x000000000011d3c6      0x3cb ./Drivers/STM32L4xx_HAL_Driver/Src/stm32l4xx_hal_flash.o
                                     0x113c05 (size before relaxing)
 .debug_str     0x000000000011d791      0x264 ./Drivers/STM32L4xx_HAL_Driver/Src/stm32l4xx_hal_flash_ex.o
                                     0x113ca6 (size before relaxing)
 .debug_str     0x000000000011d9f5      0x1d4 ./Drivers/STM32L4xx_HAL_Driver/Src/stm32l4xx_hal_gpio.o
                                     0x113ae3 (size before relaxing)
 .debug_str     0x000000000011dbc9      0x81b ./Drivers/STM32L4xx_HAL_Driver/Src/stm32l4xx_hal_pcd.o
                                     0x1143bf (size before relaxing)
 .debug_str     0x000000000011e3e4      0x174 ./Drivers/STM32L4xx_HAL_Driver/Src/stm32l4xx_hal_pcd_ex.o
                                     0x113d7c (size before relaxing)
 .debug_str     0x000000000011e558      0x560 ./Drivers/STM32L4xx_HAL_Driver/Src/stm32l4xx_hal_pwr_ex.o
                                     0x113f3c (size before relaxing)
 .debug_str     0x000000000011eab8      0x367 ./Drivers/STM32L4xx_HAL_Driver/Src/stm32l4xx_hal_rcc.o
                                     0x113fdc (size before relaxing)
 .debug_str     0x000000000011ee1f      0x88a ./Drivers/STM32L4xx_HAL_Driver/Src/stm32l4xx_hal_rcc_ex.o
                                     0x1143c2 (size before relaxing)
 .debug_str     0x000000000011f6a9      0x44d ./Drivers/STM32L4xx_HAL_Driver/Src/stm32l4xx_ll_usb.o
                                     0x114263 (size before relaxing)
 .debug_str     0x000000000011faf6      0x9b5 ./Middlewares/ST/STM32_USB_Device_Library/Class/CDC/Src/usbd_cdc.o
                                     0x118e48 (size before relaxing)
 .debug_str     0x00000000001204ab      0x281 ./Middlewares/ST/STM32_USB_Device_Library/Core/Src/usbd_core.o
                                     0x1186b4 (size before relaxing)
 .debug_str     0x000000000012072c      0x13e ./Middlewares/ST/STM32_USB_Device_Library/Core/Src/usbd_ctlreq.o
                                     0x118606 (size before relaxing)
 .debug_str     0x000000000012086a       0x51 ./Middlewares/ST/STM32_USB_Device_Library/Core/Src/usbd_ioreq.o
                                     0x1184fb (size before relaxing)
 .debug_str     0x00000000001208bb      0x105 ./USB_DEVICE/App/usb_device.o
                                     0x1188ae (size before relaxing)
 .debug_str     0x00000000001209c0       0x9a ./USB_DEVICE/App/usbd_cdc_if.o
                                     0x11890e (size before relaxing)
 .debug_str     0x0000000000120a5a      0x28f ./USB_DEVICE/App/usbd_desc.o
                                     0x11843f (size before relaxing)
 .debug_str     0x0000000000120ce9       0x78 ./USB_DEVICE/Target/usbd_conf.o
                                     0x119b7c (size before relaxing)

.comment        0x0000000000000000       0x50
 .comment       0x0000000000000000       0x50 ./Core/Src/Flash.o
                                         0x51 (size before relaxing)
 .comment       0x0000000000000050       0x51 ./Core/Src/main.o
 .comment       0x0000000000000050       0x51 ./Core/Src/stm32l4xx_hal_msp.o
 .comment       0x0000000000000050       0x51 ./Core/Src/stm32l4xx_it.o
 .comment       0x0000000000000050       0x51 ./Core/Src/system_stm32l4xx.o
 .comment       0x0000000000000050       0x51 ./Drivers/STM32L4xx_HAL_Driver/Src/stm32l4xx_hal.o
 .comment       0x0000000000000050       0x51 ./Drivers/STM32L4xx_HAL_Driver/Src/stm32l4xx_hal_cortex.o
 .comment       0x0000000000000050       0x51 ./Drivers/STM32L4xx_HAL_Driver/Src/stm32l4xx_hal_flash.o
 .comment       0x0000000000000050       0x51 ./Drivers/STM32L4xx_HAL_Driver/Src/stm32l4xx_hal_flash_ex.o
 .comment       0x0000000000000050       0x51 ./Drivers/STM32L4xx_HAL_Driver/Src/stm32l4xx_hal_gpio.o
 .comment       0x0000000000000050       0x51 ./Drivers/STM32L4xx_HAL_Driver/Src/stm32l4xx_hal_pcd.o
 .comment       0x0000000000000050       0x51 ./Drivers/STM32L4xx_HAL_Driver/Src/stm32l4xx_hal_pcd_ex.o
 .comment       0x0000000000000050       0x51 ./Drivers/STM32L4xx_HAL_Driver/Src/stm32l4xx_hal_pwr_ex.o
 .comment       0x0000000000000050       0x51 ./Drivers/STM32L4xx_HAL_Driver/Src/stm32l4xx_hal_rcc.o
 .comment       0x0000000000000050       0x51 ./Drivers/STM32L4xx_HAL_Driver/Src/stm32l4xx_hal_rcc_ex.o
 .comment       0x0000000000000050       0x51 ./Drivers/STM32L4xx_HAL_Driver/Src/stm32l4xx_ll_usb.o
 .comment       0x0000000000000050       0x51 ./Middlewares/ST/STM32_USB_Device_Library/Class/CDC/Src/usbd_cdc.o
 .comment       0x0000000000000050       0x51 ./Middlewares/ST/STM32_USB_Device_Library/Core/Src/usbd_core.o
 .comment       0x0000000000000050       0x51 ./Middlewares/ST/STM32_USB_Device_Library/Core/Src/usbd_ctlreq.o
 .comment       0x0000000000000050       0x51 ./Middlewares/ST/STM32_USB_Device_Library/Core/Src/usbd_ioreq.o
 .comment       0x0000000000000050       0x51 ./USB_DEVICE/App/usb_device.o
 .comment       0x0000000000000050       0x51 ./USB_DEVICE/App/usbd_cdc_if.o
 .comment       0x0000000000000050       0x51 ./USB_DEVICE/App/usbd_desc.o
 .comment       0x0000000000000050       0x51 ./USB_DEVICE/Target/usbd_conf.o

.debug_frame    0x0000000000000000     0x3ce8
 .debug_frame   0x0000000000000000       0x84 ./Core/Src/Flash.o
 .debug_frame   0x0000000000000084       0xbc ./Core/Src/main.o
 .debug_frame   0x0000000000000140       0x38 ./Core/Src/stm32l4xx_hal_msp.o
 .debug_frame   0x0000000000000178      0x120 ./Core/Src/stm32l4xx_it.o
 .debug_frame   0x0000000000000298       0x58 ./Core/Src/system_stm32l4xx.o
 .debug_frame   0x00000000000002f0      0x498 ./Drivers/STM32L4xx_HAL_Driver/Src/stm32l4xx_hal.o